Component: ARM Compiler 5.06 update 6 (build 750) Tool: armlink [4d35ed]

==============================================================================

Section Cross References

    startup_stm32f10x_md.o(STACK) refers (Special) to heapauxi.o(.text) for __use_two_region_memory
    startup_stm32f10x_md.o(HEAP) refers (Special) to heapauxi.o(.text) for __use_two_region_memory
    startup_stm32f10x_md.o(RESET) refers (Special) to heapauxi.o(.text) for __use_two_region_memory
    startup_stm32f10x_md.o(RESET) refers to startup_stm32f10x_md.o(STACK) for __initial_sp
    startup_stm32f10x_md.o(RESET) refers to startup_stm32f10x_md.o(.text) for Reset_Handler
    startup_stm32f10x_md.o(RESET) refers to stm32f10x_it.o(.text) for NMI_Handler
    startup_stm32f10x_md.o(RESET) refers to usart.o(.text) for USART1_IRQHandler
    startup_stm32f10x_md.o(.text) refers (Special) to heapauxi.o(.text) for __use_two_region_memory
    startup_stm32f10x_md.o(.text) refers to system_stm32f10x.o(.text) for SystemInit
    startup_stm32f10x_md.o(.text) refers to __main.o(!!!main) for __main
    startup_stm32f10x_md.o(.text) refers to startup_stm32f10x_md.o(HEAP) for Heap_Mem
    startup_stm32f10x_md.o(.text) refers to startup_stm32f10x_md.o(STACK) for Stack_Mem
    system_stm32f10x.o(.text) refers to system_stm32f10x.o(.data) for SystemCoreClock
    stm32f10x_gpio.o(.text) refers to stm32f10x_rcc.o(.text) for RCC_APB2PeriphResetCmd
    stm32f10x_rcc.o(.text) refers to stm32f10x_rcc.o(.data) for APBAHBPrescTable
    stm32f10x_usart.o(.text) refers to stm32f10x_rcc.o(.text) for RCC_APB2PeriphResetCmd
    stm32f10x_bkp.o(.text) refers to stm32f10x_rcc.o(.text) for RCC_BackupResetCmd
    stm32f10x_pwr.o(.text) refers to stm32f10x_rcc.o(.text) for RCC_APB1PeriphResetCmd
    stm32f10x_i2c.o(.text) refers to stm32f10x_rcc.o(.text) for RCC_APB1PeriphResetCmd
    stm32f10x_adc.o(.text) refers to stm32f10x_rcc.o(.text) for RCC_APB2PeriphResetCmd
    stm32f10x_tim.o(.text) refers to stm32f10x_rcc.o(.text) for RCC_APB2PeriphResetCmd
    main.o(.text) refers to delay.o(.text) for delay_ms
    main.o(.text) refers to sys.o(.text) for RCC_Configuration
    main.o(.text) refers to adc.o(.text) for ADC_Configuration
    main.o(.text) refers to key.o(.text) for KEY_Init
    main.o(.text) refers to ws2812b.o(.text) for WS281x_Init
    sys.o(.text) refers to misc.o(.text) for NVIC_PriorityGroupConfig
    sys.o(.text) refers to stm32f10x_rcc.o(.text) for RCC_DeInit
    sys.o(.text) refers to stm32f10x_flash.o(.text) for FLASH_SetLatency
    usart.o(.text) refers (Special) to use_no_semi_2.o(.text) for __use_no_semihosting
    usart.o(.text) refers to _printf_percent.o(.ARM.Collect$$_printf_percent$$00000000) for _printf_percent
    usart.o(.text) refers to _printf_c.o(.ARM.Collect$$_printf_percent$$00000013) for _printf_c
    usart.o(.text) refers to _printf_str.o(.text) for _printf_str
    usart.o(.text) refers to vsnprintf.o(.text) for vsnprintf
    usart.o(.text) refers to stm32f10x_usart.o(.text) for USART_SendData
    usart.o(.text) refers to strlen.o(.text) for strlen
    usart.o(.text) refers to stm32f10x_rcc.o(.text) for RCC_APB2PeriphClockCmd
    usart.o(.text) refers to stm32f10x_gpio.o(.text) for GPIO_Init
    usart.o(.text) refers to misc.o(.text) for NVIC_Init
    usart.o(.text) refers to __2printf.o(.text) for __2printf
    usart.o(.text) refers to usart.o(.data) for USART1_RX_STA
    usart.o(.text) refers to usart.o(.bss) for USART1_RX_BUF
    usart.o(.bss) refers (Special) to use_no_semi_2.o(.text) for __use_no_semihosting
    usart.o(.data) refers (Special) to use_no_semi_2.o(.text) for __use_no_semihosting
    adc.o(.text) refers to stm32f10x_dma.o(.text) for DMA_DeInit
    adc.o(.text) refers to stm32f10x_rcc.o(.text) for RCC_APB2PeriphClockCmd
    adc.o(.text) refers to stm32f10x_gpio.o(.text) for GPIO_Init
    adc.o(.text) refers to stm32f10x_adc.o(.text) for ADC_Init
    adc.o(.text) refers to adc.o(.data) for ADC_DMA_IN
    led.o(.text) refers to stm32f10x_rcc.o(.text) for RCC_APB2PeriphClockCmd
    led.o(.text) refers to stm32f10x_gpio.o(.text) for GPIO_Init
    key.o(.text) refers to stm32f10x_rcc.o(.text) for RCC_APB2PeriphClockCmd
    key.o(.text) refers to stm32f10x_gpio.o(.text) for GPIO_Init
    ws2812b.o(.text) refers to stm32f10x_dma.o(.text) for DMA_SetCurrDataCounter
    ws2812b.o(.text) refers to stm32f10x_tim.o(.text) for TIM_Cmd
    ws2812b.o(.text) refers to stm32f10x_rcc.o(.text) for RCC_APB2PeriphClockCmd
    ws2812b.o(.text) refers to stm32f10x_gpio.o(.text) for GPIO_Init
    ws2812b.o(.text) refers to delay.o(.text) for delay_ms
    ws2812b.o(.text) refers to ws2812b.o(.bss) for pixelBuffer
    use_no_semi_2.o(.text) refers (Special) to use_no_semi.o(.text) for __use_no_semihosting_swi
    vsnprintf.o(.text) refers (Special) to _printf_a.o(.ARM.Collect$$_printf_percent$$00000006) for _printf_a
    vsnprintf.o(.text) refers (Special) to _printf_c.o(.ARM.Collect$$_printf_percent$$00000013) for _printf_c
[...]
    SetSysClock                              0x0800034b   Thumb Code     8  system_stm32f10x.o(.text)
    .text                                    0x08000454   Section        0  misc.o(.text)
    .text                                    0x08000530   Section        0  stm32f10x_gpio.o(.text)
    .text                                    0x0800088c   Section        0  stm32f10x_rcc.o(.text)
    .text                                    0x08000c30   Section        0  stm32f10x_usart.o(.text)
    .text                                    0x08001038   Section        0  stm32f10x_flash.o(.text)
    .text                                    0x080015f4   Section        0  stm32f10x_adc.o(.text)
    .text                                    0x08001a44   Section        0  stm32f10x_dma.o(.text)
    .text                                    0x08001c98   Section        0  stm32f10x_tim.o(.text)
    TI4_Config                               0x0800213f   Thumb Code   130  stm32f10x_tim.o(.text)
    TI3_Config                               0x080021d3   Thumb Code   122  stm32f10x_tim.o(.text)
    TI2_Config                               0x08002267   Thumb Code   130  stm32f10x_tim.o(.text)
    TI1_Config                               0x080022fb   Thumb Code   108  stm32f10x_tim.o(.text)
    .text                                    0x08002ab2   Section        0  main.o(.text)
    .text                                    0x08002ae0   Section        0  stm32f10x_it.o(.text)
    .text                                    0x08002afa   Section        0  delay.o(.text)
    .text                                    0x08002b5c   Section        0  sys.o(.text)
    .text                                    0x08002bcc   Section        0  usart.o(.text)
    .text                                    0x08002e68   Section        0  adc.o(.text)
    .text                                    0x08002f90   Section        0  key.o(.text)
    .text                                    0x08002fb4   Section        0  ws2812b.o(.text)
    .text                                    0x08003384   Section        2  use_no_semi_2.o(.text)
    .text                                    0x08003388   Section        0  vsnprintf.o(.text)
    .text                                    0x080033bc   Section        0  __2printf.o(.text)
    .text                                    0x080033d4   Section        0  _printf_str.o(.text)
    .text                                    0x08003428   Section        0  __printf_flags_ss_wp.o(.text)
    .text                                    0x080035b0   Section        0  strlen.o(.text)
    .text                                    0x080035ee   Section        0  heapauxi.o(.text)
    .text                                    0x080035f4   Section        2  use_no_semi.o(.text)
    .text                                    0x080035f6   Section        0  _printf_pad.o(.text)
    .text                                    0x08003644   Section        0  _printf_truncate.o(.text)
    .text                                    0x08003668   Section        0  _printf_dec.o(.text)
    .text                                    0x080036e0   Section        0  _printf_charcount.o(.text)
    .text                                    0x08003708   Section        0  _printf_char_common.o(.text)
    _printf_input_char                       0x08003709   Thumb Code    10  _printf_char_common.o(.text)
    .text                                    0x08003738   Section        0  _sputc.o(.text)
    .text                                    0x08003742   Section        0  _snputc.o(.text)
    .text                                    0x08003752   Section        0  _printf_char.o(.text)
    .text                                    0x08003780   Section        0  _printf_char_file.o(.text)
    .text                                    0x080037a4   Section        0  _printf_wctomb.o(.text)
    .text                                    0x08003860   Section        0  _printf_longlong_dec.o(.text)
    .text                                    0x080038dc   Section        0  _printf_oct_int_ll.o(.text)
    _printf_longlong_oct_internal            0x080038dd   Thumb Code     0  _printf_oct_int_ll.o(.text)
    .text                                    0x0800394c   Section        0  _printf_hex_int_ll_ptr.o(.text)
    _printf_hex_common                       0x0800394d   Thumb Code     0  _printf_hex_int_ll_ptr.o(.text)
    .text                                    0x080039e0   Section      138  lludiv10.o(.text)
    .text                                    0x08003a6a   Section        0  _printf_intcommon.o(.text)
    .text                                    0x08003b1c   Section        0  _printf_fp_dec.o(.text)
    _fp_digits                               0x08003b1f   Thumb Code   432  _printf_fp_dec.o(.text)
    .text                                    0x08003f3c   Section        0  _printf_fp_hex.o(.text)
    .text                                    0x08004238   Section        0  _printf_wchar.o(.text)
    .text                                    0x08004264   Section        0  ferror.o(.text)
    .text                                    0x0800426c   Section        0  _wcrtomb.o(.text)
    .text                                    0x080042ac   Section       74  sys_stackheap_outer.o(.text)
    .text                                    0x080042f8   Section       16  rt_ctype_table.o(.text)
    .text                                    0x08004308   Section        8  rt_locale_intlibspace.o(.text)
    .text                                    0x08004310   Section        0  _printf_fp_infnan.o(.text)
    .text                                    0x08004390   Section        0  bigflt0.o(.text)
    .text                                    0x08004474   Section        0  exit.o(.text)
    .text                                    0x08004488   Section        8  libspace.o(.text)
    .text                                    0x08004490   Section      128  strcmpv7m.o(.text)
    CL$$btod_d2e                             0x08004510   Section       62  btod.o(CL$$btod_d2e)
    CL$$btod_d2e_denorm_low                  0x0800454e   Section       70  btod.o(CL$$btod_d2e_denorm_low)
    CL$$btod_d2e_norm_op1                    0x08004594   Section       96  btod.o(CL$$btod_d2e_norm_op1)
    CL$$btod_div_common                      0x080045f4   Section      824  btod.o(CL$$btod_div_common)
    CL$$btod_e2e                             0x0800492c   Section      220  btod.o(CL$$btod_e2e)
    CL$$btod_ediv                            0x08004a08   Section       42  btod.o(CL$$btod_ediv)
    CL$$btod_emul                            0x08004a32   Section       42  btod.o(CL$$btod_emul)
    CL$$btod_mult_common                     0x08004a5c   Section      580  btod.o(CL$$btod_mult_common)
    i.__ARM_fpclassify                       0x08004ca0   Section        0  fpclassify.o(i.__ARM_fpclassify)
    i._is_digit                              0x08004cc8   Section        0  __printf_wp.o(i._is_digit)
    locale$$code                             0x08004cd8   Section       44  lc_numeric_c.o(locale$$code)
    locale$$code                             0x08004d04   Section       44  lc_ctype_c.o(locale$$code)
    x$fpl$printf1                            0x08004d30   Section        4  printf1.o(x$fpl$printf1)
    x$fpl$printf2                            0x08004d34   Section        4  printf2.o(x$fpl$printf2)
    .constdata                               0x08004d38   Section       17  __printf_flags_ss_wp.o(.constdata)
    x$fpl$usenofp                            0x08004d38   Section        0  usenofp.o(x$fpl$usenofp)
    maptable                                 0x08004d38   Data          17  __printf_flags_ss_wp.o(.constdata)
    .constdata                               0x08004d4c   Section        8  _printf_wctomb.o(.constdata)
    initial_mbstate                          0x08004d4c   Data           8  _printf_wctomb.o(.constdata)
    .constdata                               0x08004d54   Section       40  _printf_hex_int_ll_ptr.o(.constdata)
    uc_hextab                                0x08004d54   Data          20  _printf_hex_int_ll_ptr.o(.constdata)
    lc_hextab                                0x08004d68   Data          20  _printf_hex_int_ll_ptr.o(.constdata)
    .constdata                               0x08004d7c   Section       38  _printf_fp_hex.o(.constdata)
    lc_hextab                                0x08004d7c   Data          19  _printf_fp_hex.o(.constdata)
    uc_hextab                                0x08004d8f   Data          19  _printf_fp_hex.o(.constdata)
    .constdata                               0x08004da4   Section      148  bigflt0.o(.constdata)
    tenpwrs_x                                0x08004da4   Data          60  bigflt0.o(.constdata)
    tenpwrs_i                                0x08004de0   Data          64  bigflt0.o(.constdata)
    locale$$data                             0x08004e58   Section       28  lc_numeric_c.o(locale$$data)
    __lcnum_c_name                           0x08004e5c   Data           2  lc_numeric_c.o(locale$$data)
    __lcnum_c_start                          0x08004e64   Data           0  lc_numeric_c.o(locale$$data)
    __lcnum_c_point                          0x08004e70   Data           0  lc_numeric_c.o(locale$$data)
    __lcnum_c_thousands                      0x08004e72   Data           0  lc_numeric_c.o(locale$$data)
    __lcnum_c_grouping                       0x08004e73   Data           0  lc_numeric_c.o(locale$$data)
    locale$$data                             0x08004e74   Section      272  lc_ctype_c.o(locale$$data)
    __lcnum_c_end                            0x08004e74   Data           0  lc_numeric_c.o(locale$$data)
    __lcctype_c_name                         0x08004e78   Data           2  lc_ctype_c.o(locale$$data)
    __lcctype_c_start                        0x08004e80   Data           0  lc_ctype_c.o(locale$$data)
    __lcctype_c_end                          0x08004f84   Data           0  lc_ctype_c.o(locale$$data)
    .data                                    0x20000000   Section       20  system_stm32f10x.o(.data)
    .data                                    0x20000014   Section       20  stm32f10x_rcc.o(.data)
    APBAHBPrescTable                         0x20000014   Data          16  stm32f10x_rcc.o(.data)
    ADCPrescTable                            0x20000024   Data           4  stm32f10x_rcc.o(.data)
    .data                                    0x20000028   Section        8  usart.o(.data)
    .data                                    0x20000030   Section        4  adc.o(.data)
    .bss                                     0x20000034   Section      400  usart.o(.bss)
    .bss                                     0x200001c4   Section     1920  ws2812b.o(.bss)
    .bss                                     0x20000944   Section       96  libspace.o(.bss)
    HEAP                                     0x200009a8   Section      512  startup_stm32f10x_md.o(HEAP)
    Heap_Mem                                 0x200009a8   Data         512  startup_stm32f10x_md.o(HEAP)
    STACK                                    0x20000ba8   Section     1024  startup_stm32f10x_md.o(STACK)
    Stack_Mem                                0x20000ba8   Data        1024  startup_stm32f10x_md.o(STACK)
    __initial_sp                             0x20000fa8   Data           0  startup_stm32f10x_md.o(STACK)

    Global Symbols

    Symbol Name                              Value     Ov Type        Size  Object(Section)

    BuildAttributes$$THM_ISAv4$P$D$K$B$S$PE$A:L22UL41UL21$X:L11$S22US41US21$IEEE1$IW$USESV6$~STKCKD$USESV7$~SHL$OTIME$ROPI$IEEEJ$EBA8$UX$STANDARDLIB$REQ8$PRES8$EABIv2 0x00000000   Number         0  anon$$obj.o ABSOLUTE
    __ARM_use_no_argv                        0x00000000   Number         0  main.o ABSOLUTE
    _printf_flags                            0x00000000   Number         0  printf_stubs.o ABSOLUTE
    _printf_return_value                     0x00000000   Number         0  printf_stubs.o ABSOLUTE
    _printf_sizespec                         0x00000000   Number         0  printf_stubs.o ABSOLUTE
    _printf_widthprec                        0x00000000   Number         0  printf_stubs.o ABSOLUTE
    __ARM_exceptions_init                     - Undefined Weak Reference
    __alloca_initialize                       - Undefined Weak Reference
    __arm_preinit_                            - Undefined Weak Reference
    __cpp_initialize__aeabi_                  - Undefined Weak Reference
    __cxa_finalize                            - Undefined Weak Reference
    __sigvec_lookup                           - Undefined Weak Reference
    _atexit_init                              - Undefined Weak Reference
    _call_atexit_fns                          - Undefined Weak Reference
    _clock_init                               - Undefined Weak Reference
    _fp_trap_init                             - Undefined Weak Reference
    _fp_trap_shutdown                         - Undefined Weak Reference
    _get_lc_collate                           - Undefined Weak Reference
    _get_lc_monetary                          - Undefined Weak Reference
    _get_lc_time                              - Undefined Weak Reference
    _getenv_init                              - Undefined Weak Reference
    _handle_redirection                       - Undefined Weak Reference
    _init_alloc                               - Undefined Weak Reference
    _init_user_alloc                          - Undefined Weak Reference
    _initio                                   - Undefined Weak Reference
    _mutex_acquire                            - Undefined Weak Reference
    _mutex_release                            - Undefined Weak Reference
    _printf_mbtowc                            - Undefined Weak Reference
    _printf_wc                                - Undefined Weak Reference
    _rand_init                                - Undefined Weak Reference
    _signal_finish                            - Undefined Weak Reference
    _signal_init                              - Undefined Weak Reference
    _terminate_alloc                          - Undefined Weak Reference
    _terminate_user_alloc                     - Undefined Weak Reference
    _terminateio                              - Undefined Weak Reference
    __Vectors_Size                           0x000000ec   Number         0  startup_stm32f10x_md.o ABSOLUTE
    __Vectors                                0x08000000   Data           4  startup_stm32f10x_md.o(RESET)
    __Vectors_End                            0x080000ec   Data           0  startup_stm32f10x_md.o(RESET)
    __main                                   0x080000ed   Thumb Code     8  __main.o(!!!main)
    __scatterload                            0x080000f5   Thumb Code     0  __scatter.o(!!!scatter)
    __scatterload_rt2                        0x080000f5   Thumb Code    44  __scatter.o(!!!scatter)
    __scatterload_rt2_thumb_only             0x080000f5   Thumb Code     0  __scatter.o(!!!scatter)
    __scatterload_null                       0x08000103   Thumb Code     0  __scatter.o(!!!scatter)
    __scatterload_copy                       0x08000129   Thumb Code    26  __scatter_copy.o(!!handler_copy)
    __scatterload_zeroinit                   0x08000145   Thumb Code    28  __scatter_zi.o(!!handler_zi)
    _printf_n                                0x08000161   Thumb Code     0  _printf_n.o(.ARM.Collect$$_printf_percent$$00000001)
    _printf_percent                          0x08000161   Thumb Code     0  _printf_percent.o(.ARM.Collect$$_printf_percent$$00000000)
    _printf_p                                0x08000167   Thumb Code     0  _printf_p.o(.ARM.Collect$$_printf_percent$$00000002)
    _printf_f                                0x0800016d   Thumb Code     0  _printf_f.o(.ARM.Collect$$_printf_percent$$00000003)
    _printf_e                                0x08000173   Thumb Code     0  _printf_e.o(.ARM.Collect$$_printf_percent$$00000004)
    _printf_g                                0x08000179   Thumb Code     0  _printf_g.o(.ARM.Collect$$_printf_percent$$00000005)
    _printf_a                                0x0800017f   Thumb Code     0  _printf_a.o(.ARM.Collect$$_printf_percent$$00000006)
    _printf_ll                               0x08000185   Thumb Code     0  _printf_ll.o(.ARM.Collect$$_printf_percent$$00000007)
    _printf_i                                0x0800018f   Thumb Code     0  _printf_i.o(.ARM.Collect$$_printf_percent$$00000008)
    _printf_d                                0x08000195   Thumb Code     0  _printf_d.o(.ARM.Collect$$_printf_percent$$00000009)
    _printf_u                                0x0800019b   Thumb Code     0  _printf_u.o(.ARM.Collect$$_printf_percent$$0000000A)
    _printf_o                                0x080001a1   Thumb Code     0  _printf_o.o(.ARM.Collect$$_printf_percent$$0000000B)
    _printf_x                                0x080001a7   Thumb Code     0  _printf_x.o(.ARM.Collect$$_printf_percent$$0000000C)
    _printf_lli                              0x080001ad   Thumb Code     0  _printf_lli.o(.ARM.Collect$$_printf_percent$$0000000D)
    _printf_lld                              0x080001b3   Thumb Code     0  _printf_lld.o(.ARM.Collect$$_printf_percent$$0000000E)
    _printf_llu                              0x080001b9   Thumb Code     0  _printf_llu.o(.ARM.Collect$$_printf_percent$$0000000F)
    _printf_llo                              0x080001bf   Thumb Code     0  _printf_llo.o(.ARM.Collect$$_printf_percent$$00000010)
    _printf_llx                              0x080001c5   Thumb Code     0  _printf_llx.o(.ARM.Collect$$_printf_percent$$00000011)
    _printf_l                                0x080001cb   Thumb Code     0  _printf_l.o(.ARM.Collect$$_printf_percent$$00000012)
    _printf_c                                0x080001d5   Thumb Code     0  _printf_c.o(.ARM.Collect$$_printf_percent$$00000013)
    _printf_s                                0x080001db   Thumb Code     0  _printf_s.o(.ARM.Collect$$_printf_percent$$00000014)
    _printf_lc                               0x080001e1   Thumb Code     0  _printf_lc.o(.ARM.Collect$$_printf_percent$$00000015)
    _printf_ls                               0x080001e7   Thumb Code     0  _printf_ls.o(.ARM.Collect$$_printf_percent$$00000016)
    _printf_percent_end                      0x080001ed   Thumb Code     0  _printf_percent_end.o(.ARM.Collect$$_printf_percent$$00000017)
    __rt_lib_init                            0x080001f1   Thumb Code     0  libinit.o(.ARM.Collect$$libinit$$00000000)
    __rt_lib_init_fp_1                       0x080001f3   Thumb Code     0  libinit2.o(.ARM.Collect$$libinit$$00000002)
    __rt_lib_init_heap_1                     0x080001f3   Thumb Code     0  libinit2.o(.ARM.Collect$$libinit$$0000000A)
    __rt_lib_init_lc_common                  0x080001f3   Thumb Code     0  libinit2.o(.ARM.Collect$$libinit$$0000000F)
    __rt_lib_init_preinit_1                  0x080001f3   Thumb Code     0  libinit2.o(.ARM.Collect$$libinit$$00000004)
    __rt_lib_init_rand_1                     0x080001f3   Thumb Code     0  libinit2.o(.ARM.Collect$$libinit$$0000000E)
    __rt_lib_init_user_alloc_1               0x080001f3   Thumb Code     0  libinit2.o(.ARM.Collect$$libinit$$0000000C)
    __rt_lib_init_lc_collate_1               0x080001f9   Thumb Code     0  libinit2.o(.ARM.Collect$$libinit$$00000011)
    __rt_lib_init_lc_ctype_2                 0x080001f9   Thumb Code     0  libinit2.o(.ARM.Collect$$libinit$$00000012)
    __rt_lib_init_lc_ctype_1                 0x08000205   Thumb Code     0  libinit2.o(.ARM.Collect$$libinit$$00000013)
    __rt_lib_init_lc_monetary_1              0x08000205   Thumb Code     0  libinit2.o(.ARM.Collect$$libinit$$00000015)
    __rt_lib_init_lc_numeric_2               0x08000205   Thumb Code     0  libinit2.o(.ARM.Collect$$libinit$$00000016)
    __rt_lib_init_alloca_1                   0x0800020f   Thumb Code     0  libinit2.o(.ARM.Collect$$libinit$$0000002E)
    __rt_lib_init_argv_1                     0x0800020f   Thumb Code     0  libinit2.o(.ARM.Collect$$libinit$$0000002C)
    __rt_lib_init_atexit_1                   0x0800020f   Thumb Code     0  libinit2.o(.ARM.Collect$$libinit$$0000001B)
    __rt_lib_init_clock_1                    0x0800020f   Thumb Code     0  libinit2.o(.ARM.Collect$$libinit$$00000021)
    __rt_lib_init_cpp_1                      0x0800020f   Thumb Code     0  libinit2.o(.ARM.Collect$$libinit$$00000032)
    __rt_lib_init_exceptions_1               0x0800020f   Thumb Code     0  libinit2.o(.ARM.Collect$$libinit$$00000030)
    __rt_lib_init_fp_trap_1                  0x0800020f   Thumb Code     0  libinit2.o(.ARM.Collect$$libinit$$0000001F)
    __rt_lib_init_getenv_1                   0x0800020f   Thumb Code     0  libinit2.o(.ARM.Collect$$libinit$$00000023)
    __rt_lib_init_lc_numeric_1               0x0800020f   Thumb Code     0  libinit2.o(.ARM.Collect$$libinit$$00000017)
    __rt_lib_init_lc_time_1                  0x0800020f   Thumb Code     0  libinit2.o(.ARM.Collect$$libinit$$00000019)
    __rt_lib_init_return                     0x0800020f   Thumb Code     0  libinit2.o(.ARM.Collect$$libinit$$00000033)
    __rt_lib_init_signal_1                   0x0800020f   Thumb Code     0  libinit2.o(.ARM.Collect$$libinit$$0000001D)
    __rt_lib_init_stdio_1                    0x0800020f   Thumb Code     0  libinit2.o(.ARM.Collect$$libinit$$00000025)
    __rt_lib_shutdown                        0x08000211   Thumb Code     0  libshutdown.o(.ARM.Collect$$libshutdown$$00000000)
    __rt_lib_shutdown_cpp_1                  0x08000213   Thumb Code     0  libshutdown2.o(.ARM.Collect$$libshutdown$$00000002)
    __rt_lib_shutdown_fp_trap_1              0x08000213   Thumb Code     0  libshutdown2.o(.ARM.Collect$$libshutdown$$00000007)
    __rt_lib_shutdown_heap_1                 0x08000213   Thumb Code     0  libshutdown2.o(.ARM.Collect$$libshutdown$$0000000F)
    __rt_lib_shutdown_return                 0x08000213   Thumb Code     0  libshutdown2.o(.ARM.Collect$$libshutdown$$00000010)
    __rt_lib_shutdown_signal_1               0x08000213   Thumb Code     0  libshutdown2.o(.ARM.Collect$$libshutdown$$0000000A)
    __rt_lib_shutdown_stdio_1                0x08000213   Thumb Code     0  libshutdown2.o(.ARM.Collect$$libshutdown$$00000004)
    __rt_lib_shutdown_user_alloc_1           0x08000213   Thumb Code     0  libshutdown2.o(.ARM.Collect$$libshutdown$$0000000C)
    __rt_entry                               0x08000215   Thumb Code     0  __rtentry.o(.ARM.Collect$$rtentry$$00000000)
    __rt_entry_presh_1                       0x08000215   Thumb Code     0  __rtentry2.o(.ARM.Collect$$rtentry$$00000002)
    __rt_entry_sh                            0x08000215   Thumb Code     0  __rtentry4.o(.ARM.Collect$$rtentry$$00000004)
    __rt_entry_li                            0x0800021b   Thumb Code     0  __rtentry2.o(.ARM.Collect$$rtentry$$0000000A)
    __rt_entry_postsh_1                      0x0800021b   Thumb Code     0  __rtentry2.o(.ARM.Collect$$rtentry$$00000009)
    __rt_entry_main                          0x0800021f   Thumb Code     0  __rtentry2.o(.ARM.Collect$$rtentry$$0000000D)
    __rt_entry_postli_1                      0x0800021f   Thumb Code     0  __rtentry2.o(.ARM.Collect$$rtentry$$0000000C)
    __rt_exit                                0x08000227   Thumb Code     0  rtexit.o(.ARM.Collect$$rtexit$$00000000)
    __rt_exit_ls                             0x08000229   Thumb Code     0  rtexit2.o(.ARM.Collect$$rtexit$$00000003)
    __rt_exit_prels_1                        0x08000229   Thumb Code     0  rtexit2.o(.ARM.Collect$$rtexit$$00000002)
    __rt_exit_exit                           0x0800022d   Thumb Code     0  rtexit2.o(.ARM.Collect$$rtexit$$00000004)
    Reset_Handler                            0x08000235   Thumb Code     8  startup_stm32f10x_md.o(.text)
    ADC1_2_IRQHandler                        0x0800024f   Thumb Code     0  startup_stm32f10x_md.o(.text)
    CAN1_RX1_IRQHandler                      0x0800024f   Thumb Code     0  startup_stm32f10x_md.o(.text)
    CAN1_SCE_IRQHandler                      0x0800024f   Thumb Code     0  startup_stm32f10x_md.o(.text)
    DMA1_Channel1_IRQHandler                 0x0800024f   Thumb Code     0  startup_stm32f10x_md.o(.text)
    DMA1_Channel2_IRQHandler                 0x0800024f   Thumb Code     0  startup_stm32f10x_md.o(.text)
    DMA1_Channel3_IRQHandler                 0x0800024f   Thumb Code     0  startup_stm32f10x_md.o(.text)
    DMA1_Channel4_IRQHandler                 0x0800024f   Thumb Code     0  startup_stm32f10x_md.o(.text)
    DMA1_Channel5_IRQHandler                 0x0800024f   Thumb Code     0  startup_stm32f10x_md.o(.text)
    DMA1_Channel6_IRQHandler                 0x0800024f   Thumb Code     0  startup_stm32f10x_md.o(.text)
    DMA1_Channel7_IRQHandler                 0x0800024f   Thumb Code     0  startup_stm32f10x_md.o(.text)
    EXTI0_IRQHandler                         0x0800024f   Thumb Code     0  startup_stm32f10x_md.o(.text)
    EXTI15_10_IRQHandler                     0x0800024f   Thumb Code     0  startup_stm32f10x_md.o(.text)
    EXTI1_IRQHandler                         0x0800024f   Thumb Code     0  startup_stm32f10x_md.o(.text)
    EXTI2_IRQHandler                         0x0800024f   Thumb Code     0  startup_stm32f10x_md.o(.text)
    EXTI3_IRQHandler                         0x0800024f   Thumb Code     0  startup_stm32f10x_md.o(.text)
    EXTI4_IRQHandler                         0x0800024f   Thumb Code     0  startup_stm32f10x_md.o(.text)
    EXTI9_5_IRQHandler                       0x0800024f   Thumb Code     0  startup_stm32f10x_md.o(.text)
    FLASH_IRQHandler                         0x0800024f   Thumb Code     0  startup_stm32f10x_md.o(.text)
    I2C1_ER_IRQHandler                       0x0800024f   Thumb Code     0  startup_stm32f10x_md.o(.text)
    I2C1_EV_IRQHandler                       0x0800024f   Thumb Code     0  startup_stm32f10x_md.o(.text)
    I2C2_ER_IRQHandler                       0x0800024f   Thumb Code     0  startup_stm32f10x_md.o(.text)
    I2C2_EV_IRQHandler                       0x0800024f   Thumb Code     0  startup_stm32f10x_md.o(.text)
    PVD_IRQHandler                           0x0800024f   Thumb Code     0  startup_stm32f10x_md.o(.text)
    RCC_IRQHandler                           0x0800024f   Thumb Code     0  startup_stm32f10x_md.o(.text)
    RTCAlarm_IRQHandler                      0x0800024f   Thumb Code     0  startup_stm32f10x_md.o(.text)
    RTC_IRQHandler                           0x0800024f   Thumb Code     0  startup_stm32f10x_md.o(.text)
    SPI1_IRQHandler                          0x0800024f   Thumb Code     0  startup_stm32f10x_md.o(.text)
    SPI2_IRQHandler                          0x0800024f   Thumb Code     0  startup_stm32f10x_md.o(.text)
    TAMPER_IRQHandler                        0x0800024f   Thumb Code     0  startup_stm32f10x_md.o(.text)
    TIM1_BRK_IRQHandler                      0x0800024f   Thumb Code     0  startup_stm32f10x_md.o(.text)
    TIM1_CC_IRQHandler                       0x0800024f   Thumb Code     0  startup_stm32f10x_md.o(.text)
    TIM1_TRG_COM_IRQHandler                  0x0800024f   Thumb Code     0  startup_stm32f10x_md.o(.text)
    TIM1_UP_IRQHandler                       0x0800024f   Thumb Code     0  startup_stm32f10x_md.o(.text)
    TIM2_IRQHandler                          0x0800024f   Thumb Code     0  startup_stm32f10x_md.o(.text)
    TIM3_IRQHandler                          0x0800024f   Thumb Code     0  startup_stm32f10x_md.o(.text)
    TIM4_IRQHandler                          0x0800024f   Thumb Code     0  startup_stm32f10x_md.o(.text)
    USART2_IRQHandler                        0x0800024f   Thumb Code     0  startup_stm32f10x_md.o(.text)
    USBWakeUp_IRQHandler                     0x0800024f   Thumb Code     0  startup_stm32f10x_md.o(.text)
    USB_HP_CAN1_TX_IRQHandler                0x0800024f   Thumb Code     0  startup_stm32f10x_md.o(.text)
    USB_LP_CAN1_RX0_IRQHandler               0x0800024f   Thumb Code     0  startup_stm32f10x_md.o(.text)
    WWDG_IRQHandler                          0x0800024f   Thumb Code     0  startup_stm32f10x_md.o(.text)
    __user_initial_stackheap                 0x08000251   Thumb Code     0  startup_stm32f10x_md.o(.text)
    SystemInit                               0x08000353   Thumb Code    78  system_stm32f10x.o(.text)
    SystemCoreClockUpdate                    0x080003a1   Thumb Code   142  system_stm32f10x.o(.text)
    NVIC_PriorityGroupConfig                 0x08000455   Thumb Code    10  misc.o(.text)
    NVIC_Init                                0x0800045f   Thumb Code   100  misc.o(.text)
    NVIC_SetVectorTable                      0x080004c3   Thumb Code    14  misc.o(.text)
    NVIC_SystemLPConfig                      0x080004d1   Thumb Code    34  misc.o(.text)
    SysTick_CLKSourceConfig                  0x080004f3   Thumb Code    40  misc.o(.text)
    GPIO_DeInit                              0x08000531   Thumb Code   172  stm32f10x_gpio.o(.text)
    GPIO_AFIODeInit                          0x080005dd   Thumb Code    20  stm32f10x_gpio.o(.text)
    GPIO_Init                                0x080005f1   Thumb Code   278  stm32f10x_gpio.o(.text)
    GPIO_StructInit                          0x08000707   Thumb Code    16  stm32f10x_gpio.o(.text)
    GPIO_ReadInputDataBit                    0x08000717   Thumb Code    18  stm32f10x_gpio.o(.text)
    GPIO_ReadInputData                       0x08000729   Thumb Code     8  stm32f10x_gpio.o(.text)
    GPIO_ReadOutputDataBit                   0x08000731   Thumb Code    18  stm32f10x_gpio.o(.text)
    GPIO_ReadOutputData                      0x08000743   Thumb Code     8  stm32f10x_gpio.o(.text)
    GPIO_SetBits                             0x0800074b   Thumb Code     4  stm32f10x_gpio.o(.text)
    GPIO_ResetBits                           0x0800074f   Thumb Code     4  stm32f10x_gpio.o(.text)
    GPIO_WriteBit                            0x08000753   Thumb Code    10  stm32f10x_gpio.o(.text)
    GPIO_Write                               0x0800075d   Thumb Code     4  stm32f10x_gpio.o(.text)
    GPIO_PinLockConfig                       0x08000761   Thumb Code    18  stm32f10x_gpio.o(.text)
    GPIO_EventOutputConfig                   0x08000773   Thumb Code    26  stm32f10x_gpio.o(.text)
    GPIO_EventOutputCmd                      0x0800078d   Thumb Code     6  stm32f10x_gpio.o(.text)
    GPIO_PinRemapConfig                      0x08000793   Thumb Code   138  stm32f10x_gpio.o(.text)
    GPIO_EXTILineConfig                      0x0800081d   Thumb Code    66  stm32f10x_gpio.o(.text)
    GPIO_ETH_MediaInterfaceConfig            0x0800085f   Thumb Code     8  stm32f10x_gpio.o(.text)
    RCC_DeInit                               0x0800088d   Thumb Code    64  stm32f10x_rcc.o(.text)
    RCC_HSEConfig                            0x080008cd   Thumb Code    70  stm32f10x_rcc.o(.text)
    RCC_GetFlagStatus                        0x08000913   Thumb Code    56  stm32f10x_rcc.o(.text)
    RCC_WaitForHSEStartUp                    0x0800094b   Thumb Code    56  stm32f10x_rcc.o(.text)
    RCC_AdjustHSICalibrationValue            0x08000983   Thumb Code    20  stm32f10x_rcc.o(.text)
    RCC_HSICmd                               0x08000997   Thumb Code     6  stm32f10x_rcc.o(.text)
    RCC_PLLConfig                            0x0800099d   Thumb Code    24  stm32f10x_rcc.o(.text)
    RCC_PLLCmd                               0x080009b5   Thumb Code     6  stm32f10x_rcc.o(.text)
    RCC_SYSCLKConfig                         0x080009bb   Thumb Code    18  stm32f10x_rcc.o(.text)
    RCC_GetSYSCLKSource                      0x080009cd   Thumb Code    10  stm32f10x_rcc.o(.text)
    RCC_HCLKConfig                           0x080009d7   Thumb Code    18  stm32f10x_rcc.o(.text)
    RCC_PCLK1Config                          0x080009e9   Thumb Code    18  stm32f10x_rcc.o(.text)
    RCC_PCLK2Config                          0x080009fb   Thumb Code    20  stm32f10x_rcc.o(.text)
    RCC_ITConfig                             0x08000a0f   Thumb Code    26  stm32f10x_rcc.o(.text)
    RCC_USBCLKConfig                         0x08000a29   Thumb Code     8  stm32f10x_rcc.o(.text)
    RCC_ADCCLKConfig                         0x08000a31   Thumb Code    18  stm32f10x_rcc.o(.text)
    RCC_LSEConfig                            0x08000a43   Thumb Code    50  stm32f10x_rcc.o(.text)
    RCC_LSICmd                               0x08000a75   Thumb Code     6  stm32f10x_rcc.o(.text)
    RCC_RTCCLKConfig                         0x08000a7b   Thumb Code    12  stm32f10x_rcc.o(.text)
    RCC_RTCCLKCmd                            0x08000a87   Thumb Code     8  stm32f10x_rcc.o(.text)
    RCC_GetClocksFreq                        0x08000a8f   Thumb Code   192  stm32f10x_rcc.o(.text)
    RCC_AHBPeriphClockCmd                    0x08000b4f   Thumb Code    26  stm32f10x_rcc.o(.text)
    RCC_APB2PeriphClockCmd                   0x08000b69   Thumb Code    26  stm32f10x_rcc.o(.text)
    RCC_APB1PeriphClockCmd                   0x08000b83   Thumb Code    26  stm32f10x_rcc.o(.text)
    RCC_APB2PeriphResetCmd                   0x08000b9d   Thumb Code    26  stm32f10x_rcc.o(.text)
    RCC_APB1PeriphResetCmd                   0x08000bb7   Thumb Code    26  stm32f10x_rcc.o(.text)
    RCC_BackupResetCmd                       0x08000bd1   Thumb Code     8  stm32f10x_rcc.o(.text)
    RCC_ClockSecuritySystemCmd               0x08000bd9   Thumb Code     6  stm32f10x_rcc.o(.text)
    RCC_MCOConfig                            0x08000bdf   Thumb Code     6  stm32f10x_rcc.o(.text)
    RCC_ClearFlag                            0x08000be5   Thumb Code    14  stm32f10x_rcc.o(.text)
    RCC_GetITStatus                          0x08000bf3   Thumb Code    20  stm32f10x_rcc.o(.text)
    RCC_ClearITPendingBit                    0x08000c07   Thumb Code     6  stm32f10x_rcc.o(.text)
    USART_DeInit                             0x08000c31   Thumb Code   134  stm32f10x_usart.o(.text)
    USART_Init                               0x08000cb7   Thumb Code   210  stm32f10x_usart.o(.text)
    USART_StructInit                         0x08000d89   Thumb Code    24  stm32f10x_usart.o(.text)
    USART_ClockInit                          0x08000da1   Thumb Code    34  stm32f10x_usart.o(.text)
    USART_ClockStructInit                    0x08000dc3   Thumb Code    12  stm32f10x_usart.o(.text)
    USART_Cmd                                0x08000dcf   Thumb Code    24  stm32f10x_usart.o(.text)
    USART_ITConfig                           0x08000de7   Thumb Code    74  stm32f10x_usart.o(.text)
    USART_DMACmd                             0x08000e31   Thumb Code    18  stm32f10x_usart.o(.text)
    USART_SetAddress                         0x08000e43   Thumb Code    18  stm32f10x_usart.o(.text)
    USART_WakeUpConfig                       0x08000e55   Thumb Code    18  stm32f10x_usart.o(.text)
    USART_ReceiverWakeUpCmd                  0x08000e67   Thumb Code    24  stm32f10x_usart.o(.text)
    USART_LINBreakDetectLengthConfig         0x08000e7f   Thumb Code    18  stm32f10x_usart.o(.text)
    USART_LINCmd                             0x08000e91   Thumb Code    24  stm32f10x_usart.o(.text)
    USART_SendData                           0x08000ea9   Thumb Code     8  stm32f10x_usart.o(.text)
    USART_ReceiveData                        0x08000eb1   Thumb Code    10  stm32f10x_usart.o(.text)
    USART_SendBreak                          0x08000ebb   Thumb Code    10  stm32f10x_usart.o(.text)
    USART_SetGuardTime                       0x08000ec5   Thumb Code    16  stm32f10x_usart.o(.text)
    USART_SetPrescaler                       0x08000ed5   Thumb Code    16  stm32f10x_usart.o(.text)
    USART_SmartCardCmd                       0x08000ee5   Thumb Code    24  stm32f10x_usart.o(.text)
    USART_SmartCardNACKCmd                   0x08000efd   Thumb Code    24  stm32f10x_usart.o(.text)
    USART_HalfDuplexCmd                      0x08000f15   Thumb Code    24  stm32f10x_usart.o(.text)
    USART_OverSampling8Cmd                   0x08000f2d   Thumb Code    22  stm32f10x_usart.o(.text)
    USART_OneBitMethodCmd                    0x08000f43   Thumb Code    24  stm32f10x_usart.o(.text)
    USART_IrDAConfig                         0x08000f5b   Thumb Code    18  stm32f10x_usart.o(.text)
    USART_IrDACmd                            0x08000f6d   Thumb Code    24  stm32f10x_usart.o(.text)
    USART_GetFlagStatus                      0x08000f85   Thumb Code    26  stm32f10x_usart.o(.text)
    USART_ClearFlag                          0x08000f9f   Thumb Code    18  stm32f10x_usart.o(.text)
    USART_GetITStatus                        0x08000fb1   Thumb Code    84  stm32f10x_usart.o(.text)
    USART_ClearITPendingBit                  0x08001005   Thumb Code    52  stm32f10x_usart.o(.text)
    FLASH_SetLatency                         0x08001039   Thumb Code    18  stm32f10x_flash.o(.text)
    FLASH_HalfCycleAccessCmd                 0x0800104b   Thumb Code    22  stm32f10x_flash.o(.text)
    FLASH_PrefetchBufferCmd                  0x08001061   Thumb Code    22  stm32f10x_flash.o(.text)
    FLASH_Unlock                             0x08001077   Thumb Code    12  stm32f10x_flash.o(.text)
    FLASH_UnlockBank1                        0x08001083   Thumb Code    12  stm32f10x_flash.o(.text)
    FLASH_Lock                               0x0800108f   Thumb Code    14  stm32f10x_flash.o(.text)
    FLASH_LockBank1                          0x0800109d   Thumb Code    14  stm32f10x_flash.o(.text)
    FLASH_GetBank1Status                     0x080010ab   Thumb Code    48  stm32f10x_flash.o(.text)
    FLASH_WaitForLastOperation               0x080010db   Thumb Code    38  stm32f10x_flash.o(.text)
    FLASH_ErasePage                          0x08001101   Thumb Code    72  stm32f10x_flash.o(.text)
    FLASH_EraseAllPages                      0x08001149   Thumb Code    68  stm32f10x_flash.o(.text)
    FLASH_WaitForLastBank1Operation          0x0800118d   Thumb Code    38  stm32f10x_flash.o(.text)
    FLASH_EraseAllBank1Pages                 0x080011b3   Thumb Code    68  stm32f10x_flash.o(.text)
    FLASH_GetReadOutProtectionStatus         0x080011f7   Thumb Code    20  stm32f10x_flash.o(.text)
    FLASH_EraseOptionBytes                   0x0800120b   Thumb Code   150  stm32f10x_flash.o(.text)
    FLASH_ProgramWord                        0x080012a1   Thumb Code   102  stm32f10x_flash.o(.text)
    FLASH_ProgramHalfWord                    0x08001307   Thumb Code    60  stm32f10x_flash.o(.text)
    FLASH_ProgramOptionByteData              0x08001343   Thumb Code    72  stm32f10x_flash.o(.text)
    FLASH_EnableWriteProtection              0x0800138b   Thumb Code   200  stm32f10x_flash.o(.text)
    FLASH_ReadOutProtection                  0x08001453   Thumb Code   156  stm32f10x_flash.o(.text)
    FLASH_UserOptionByteConfig               0x080014ef   Thumb Code    88  stm32f10x_flash.o(.text)
    FLASH_GetUserOptionByte                  0x08001547   Thumb Code     8  stm32f10x_flash.o(.text)
    FLASH_GetWriteProtectionOptionByte       0x0800154f   Thumb Code     6  stm32f10x_flash.o(.text)
    FLASH_GetPrefetchBufferStatus            0x08001555   Thumb Code    20  stm32f10x_flash.o(.text)
    FLASH_ITConfig                           0x08001569   Thumb Code    26  stm32f10x_flash.o(.text)
    FLASH_GetFlagStatus                      0x08001583   Thumb Code    42  stm32f10x_flash.o(.text)
    FLASH_ClearFlag                          0x080015ad   Thumb Code     6  stm32f10x_flash.o(.text)
    FLASH_GetStatus                          0x080015b3   Thumb Code    48  stm32f10x_flash.o(.text)
    ADC_DeInit                               0x080015f5   Thumb Code    78  stm32f10x_adc.o(.text)
    ADC_Init                                 0x08001643   Thumb Code    70  stm32f10x_adc.o(.text)
    ADC_StructInit                           0x08001689   Thumb Code    18  stm32f10x_adc.o(.text)
    ADC_Cmd                                  0x0800169b   Thumb Code    22  stm32f10x_adc.o(.text)
    ADC_DMACmd                               0x080016b1   Thumb Code    22  stm32f10x_adc.o(.text)
    ADC_ITConfig                             0x080016c7   Thumb Code    24  stm32f10x_adc.o(.text)
    ADC_ResetCalibration                     0x080016df   Thumb Code    10  stm32f10x_adc.o(.text)
    ADC_GetResetCalibrationStatus            0x080016e9   Thumb Code    20  stm32f10x_adc.o(.text)
    ADC_StartCalibration                     0x080016fd   Thumb Code    10  stm32f10x_adc.o(.text)
    ADC_GetCalibrationStatus                 0x08001707   Thumb Code    20  stm32f10x_adc.o(.text)
    ADC_SoftwareStartConvCmd                 0x0800171b   Thumb Code    22  stm32f10x_adc.o(.text)
    ADC_GetSoftwareStartConvStatus           0x08001731   Thumb Code    20  stm32f10x_adc.o(.text)
    ADC_DiscModeChannelCountConfig           0x08001745   Thumb Code    24  stm32f10x_adc.o(.text)
    ADC_DiscModeCmd                          0x0800175d   Thumb Code    22  stm32f10x_adc.o(.text)
    ADC_RegularChannelConfig                 0x08001773   Thumb Code   184  stm32f10x_adc.o(.text)
    ADC_ExternalTrigConvCmd                  0x0800182b   Thumb Code    22  stm32f10x_adc.o(.text)
    ADC_GetConversionValue                   0x08001841   Thumb Code     8  stm32f10x_adc.o(.text)
    ADC_GetDualModeConversionValue           0x08001849   Thumb Code     8  stm32f10x_adc.o(.text)
    ADC_AutoInjectedConvCmd                  0x08001851   Thumb Code    22  stm32f10x_adc.o(.text)
    ADC_InjectedDiscModeCmd                  0x08001867   Thumb Code    22  stm32f10x_adc.o(.text)
    ADC_ExternalTrigInjectedConvConfig       0x0800187d   Thumb Code    16  stm32f10x_adc.o(.text)
    ADC_ExternalTrigInjectedConvCmd          0x0800188d   Thumb Code    22  stm32f10x_adc.o(.text)
    ADC_SoftwareStartInjectedConvCmd         0x080018a3   Thumb Code    22  stm32f10x_adc.o(.text)
    ADC_GetSoftwareStartInjectedConvCmdStatus 0x080018b9   Thumb Code    20  stm32f10x_adc.o(.text)
    ADC_InjectedChannelConfig                0x080018cd   Thumb Code   130  stm32f10x_adc.o(.text)
    ADC_InjectedSequencerLengthConfig        0x0800194f   Thumb Code    24  stm32f10x_adc.o(.text)
    ADC_SetInjectedOffset                    0x08001967   Thumb Code    20  stm32f10x_adc.o(.text)
    ADC_GetInjectedConversionValue           0x0800197b   Thumb Code    28  stm32f10x_adc.o(.text)
    ADC_AnalogWatchdogCmd                    0x08001997   Thumb Code    16  stm32f10x_adc.o(.text)
    ADC_AnalogWatchdogThresholdsConfig       0x080019a7   Thumb Code     6  stm32f10x_adc.o(.text)
    ADC_AnalogWatchdogSingleChannelConfig    0x080019ad   Thumb Code    16  stm32f10x_adc.o(.text)
    ADC_TempSensorVrefintCmd                 0x080019bd   Thumb Code    64  stm32f10x_adc.o(.text)
    ADC_GetFlagStatus                        0x080019fd   Thumb Code    18  stm32f10x_adc.o(.text)
    ADC_ClearFlag                            0x08001a0f   Thumb Code     6  stm32f10x_adc.o(.text)
    ADC_GetITStatus                          0x08001a15   Thumb Code    36  stm32f10x_adc.o(.text)
    ADC_ClearITPendingBit                    0x08001a39   Thumb Code    10  stm32f10x_adc.o(.text)
    DMA_DeInit                               0x08001a45   Thumb Code   324  stm32f10x_dma.o(.text)
    DMA_Init                                 0x08001b89   Thumb Code    60  stm32f10x_dma.o(.text)
    DMA_StructInit                           0x08001bc5   Thumb Code    26  stm32f10x_dma.o(.text)
    DMA_Cmd                                  0x08001bdf   Thumb Code    24  stm32f10x_dma.o(.text)
    DMA_ITConfig                             0x08001bf7   Thumb Code    18  stm32f10x_dma.o(.text)
    DMA_SetCurrDataCounter                   0x08001c09   Thumb Code     4  stm32f10x_dma.o(.text)
    DMA_GetCurrDataCounter                   0x08001c0d   Thumb Code     8  stm32f10x_dma.o(.text)
    DMA_GetFlagStatus                        0x08001c15   Thumb Code    40  stm32f10x_dma.o(.text)
    DMA_ClearFlag                            0x08001c3d   Thumb Code    22  stm32f10x_dma.o(.text)
    DMA_GetITStatus                          0x08001c53   Thumb Code    40  stm32f10x_dma.o(.text)
    DMA_ClearITPendingBit                    0x08001c7b   Thumb Code    22  stm32f10x_dma.o(.text)
    TIM_DeInit                               0x08001c99   Thumb Code   424  stm32f10x_tim.o(.text)
    TIM_TimeBaseInit                         0x08001e41   Thumb Code   122  stm32f10x_tim.o(.text)
    TIM_OC1Init                              0x08001ebb   Thumb Code   132  stm32f10x_tim.o(.text)
    TIM_OC2Init                              0x08001f3f   Thumb Code   154  stm32f10x_tim.o(.text)
    TIM_OC3Init                              0x08001fd9   Thumb Code   150  stm32f10x_tim.o(.text)
    TIM_OC4Init                              0x0800206f   Thumb Code   182  stm32f10x_tim.o(.text)
    TIM_SetIC4Prescaler                      0x08002125   Thumb Code    26  stm32f10x_tim.o(.text)
    TIM_SetIC3Prescaler                      0x080021c1   Thumb Code    18  stm32f10x_tim.o(.text)
    TIM_SetIC2Prescaler                      0x0800224d   Thumb Code    26  stm32f10x_tim.o(.text)
    TIM_SetIC1Prescaler                      0x080022e9   Thumb Code    18  stm32f10x_tim.o(.text)
    TIM_ICInit                               0x08002367   Thumb Code   150  stm32f10x_tim.o(.text)
    TIM_PWMIConfig                           0x080023fd   Thumb Code   124  stm32f10x_tim.o(.text)
    TIM_BDTRConfig                           0x08002479   Thumb Code    32  stm32f10x_tim.o(.text)
    TIM_TimeBaseStructInit                   0x08002499   Thumb Code    18  stm32f10x_tim.o(.text)
    TIM_OCStructInit                         0x080024ab   Thumb Code    20  stm32f10x_tim.o(.text)
    TIM_ICStructInit                         0x080024bf   Thumb Code    18  stm32f10x_tim.o(.text)
    TIM_BDTRStructInit                       0x080024d1   Thumb Code    40  stm32f10x_tim.o(.text)
    TIM_Cmd                                  0x080024f9   Thumb Code    24  stm32f10x_tim.o(.text)
    TIM_CtrlPWMOutputs                       0x08002511   Thumb Code    30  stm32f10x_tim.o(.text)
    TIM_ITConfig                             0x0800252f   Thumb Code    18  stm32f10x_tim.o(.text)
    TIM_GenerateEvent                        0x08002541   Thumb Code     4  stm32f10x_tim.o(.text)
    TIM_DMAConfig                            0x08002545   Thumb Code    10  stm32f10x_tim.o(.text)
    TIM_DMACmd                               0x0800254f   Thumb Code    18  stm32f10x_tim.o(.text)
    TIM_InternalClockConfig                  0x08002561   Thumb Code    12  stm32f10x_tim.o(.text)
    TIM_SelectInputTrigger                   0x0800256d   Thumb Code    18  stm32f10x_tim.o(.text)
    TIM_ITRxExternalClockConfig              0x0800257f   Thumb Code    24  stm32f10x_tim.o(.text)
    TIM_TIxExternalClockConfig               0x08002597   Thumb Code    62  stm32f10x_tim.o(.text)
    TIM_ETRConfig                            0x080025d5   Thumb Code    28  stm32f10x_tim.o(.text)
    TIM_ETRClockMode1Config                  0x080025f1   Thumb Code    54  stm32f10x_tim.o(.text)
    TIM_ETRClockMode2Config                  0x08002627   Thumb Code    32  stm32f10x_tim.o(.text)
    TIM_PrescalerConfig                      0x08002647   Thumb Code     6  stm32f10x_tim.o(.text)
    TIM_CounterModeConfig                    0x0800264d   Thumb Code    18  stm32f10x_tim.o(.text)
    TIM_EncoderInterfaceConfig               0x0800265f   Thumb Code    66  stm32f10x_tim.o(.text)
    TIM_ForcedOC1Config                      0x080026a1   Thumb Code    18  stm32f10x_tim.o(.text)
    TIM_ForcedOC2Config                      0x080026b3   Thumb Code    26  stm32f10x_tim.o(.text)
    TIM_ForcedOC3Config                      0x080026cd   Thumb Code    18  stm32f10x_tim.o(.text)
    TIM_ForcedOC4Config                      0x080026df   Thumb Code    26  stm32f10x_tim.o(.text)
    TIM_ARRPreloadConfig                     0x080026f9   Thumb Code    24  stm32f10x_tim.o(.text)
    TIM_SelectCOM                            0x08002711   Thumb Code    24  stm32f10x_tim.o(.text)
    TIM_SelectCCDMA                          0x08002729   Thumb Code    24  stm32f10x_tim.o(.text)
    TIM_CCPreloadControl                     0x08002741   Thumb Code    24  stm32f10x_tim.o(.text)
    TIM_OC1PreloadConfig                     0x08002759   Thumb Code    18  stm32f10x_tim.o(.text)
    TIM_OC2PreloadConfig                     0x0800276b   Thumb Code    26  stm32f10x_tim.o(.text)
    TIM_OC3PreloadConfig                     0x08002785   Thumb Code    18  stm32f10x_tim.o(.text)
    TIM_OC4PreloadConfig                     0x08002797   Thumb Code    26  stm32f10x_tim.o(.text)
    TIM_OC1FastConfig                        0x080027b1   Thumb Code    18  stm32f10x_tim.o(.text)
    TIM_OC2FastConfig                        0x080027c3   Thumb Code    26  stm32f10x_tim.o(.text)
    TIM_OC3FastConfig                        0x080027dd   Thumb Code    18  stm32f10x_tim.o(.text)
    TIM_OC4FastConfig                        0x080027ef   Thumb Code    26  stm32f10x_tim.o(.text)
    TIM_ClearOC1Ref                          0x08002809   Thumb Code    18  stm32f10x_tim.o(.text)
    TIM_ClearOC2Ref                          0x0800281b   Thumb Code    24  stm32f10x_tim.o(.text)
    TIM_ClearOC3Ref                          0x08002833   Thumb Code    18  stm32f10x_tim.o(.text)
    TIM_ClearOC4Ref                          0x08002845   Thumb Code    24  stm32f10x_tim.o(.text)
    TIM_OC1PolarityConfig                    0x0800285d   Thumb Code    18  stm32f10x_tim.o(.text)
    TIM_OC1NPolarityConfig                   0x0800286f   Thumb Code    18  stm32f10x_tim.o(.text)
    TIM_OC2PolarityConfig                    0x08002881   Thumb Code    26  stm32f10x_tim.o(.text)
    TIM_OC2NPolarityConfig                   0x0800289b   Thumb Code    26  stm32f10x_tim.o(.text)
    TIM_OC3PolarityConfig                    0x080028b5   Thumb Code    26  stm32f10x_tim.o(.text)
    TIM_OC3NPolarityConfig                   0x080028cf   Thumb Code    26  stm32f10x_tim.o(.text)
    TIM_OC4PolarityConfig                    0x080028e9   Thumb Code    26  stm32f10x_tim.o(.text)
    TIM_CCxCmd                               0x08002903   Thumb Code    30  stm32f10x_tim.o(.text)
    TIM_CCxNCmd                              0x08002921   Thumb Code    30  stm32f10x_tim.o(.text)
    TIM_SelectOCxM                           0x0800293f   Thumb Code    82  stm32f10x_tim.o(.text)
    TIM_UpdateDisableConfig                  0x08002991   Thumb Code    24  stm32f10x_tim.o(.text)
    TIM_UpdateRequestConfig                  0x080029a9   Thumb Code    24  stm32f10x_tim.o(.text)
    TIM_SelectHallSensor                     0x080029c1   Thumb Code    24  stm32f10x_tim.o(.text)
    TIM_SelectOnePulseMode                   0x080029d9   Thumb Code    18  stm32f10x_tim.o(.text)
    TIM_SelectOutputTrigger                  0x080029eb   Thumb Code    18  stm32f10x_tim.o(.text)
    TIM_SelectSlaveMode                      0x080029fd   Thumb Code    18  stm32f10x_tim.o(.text)
    TIM_SelectMasterSlaveMode                0x08002a0f   Thumb Code    18  stm32f10x_tim.o(.text)
    TIM_SetCounter                           0x08002a21   Thumb Code     4  stm32f10x_tim.o(.text)
    TIM_SetAutoreload                        0x08002a25   Thumb Code     4  stm32f10x_tim.o(.text)
    TIM_SetCompare1                          0x08002a29   Thumb Code     4  stm32f10x_tim.o(.text)
    TIM_SetCompare2                          0x08002a2d   Thumb Code     4  stm32f10x_tim.o(.text)
    TIM_SetCompare3                          0x08002a31   Thumb Code     4  stm32f10x_tim.o(.text)
    TIM_SetCompare4                          0x08002a35   Thumb Code     6  stm32f10x_tim.o(.text)
    TIM_SetClockDivision                     0x08002a3b   Thumb Code    18  stm32f10x_tim.o(.text)
    TIM_GetCapture1                          0x08002a4d   Thumb Code     6  stm32f10x_tim.o(.text)
    TIM_GetCapture2                          0x08002a53   Thumb Code     6  stm32f10x_tim.o(.text)
    TIM_GetCapture3                          0x08002a59   Thumb Code     6  stm32f10x_tim.o(.text)
    TIM_GetCapture4                          0x08002a5f   Thumb Code     8  stm32f10x_tim.o(.text)
    TIM_GetCounter                           0x08002a67   Thumb Code     6  stm32f10x_tim.o(.text)
    TIM_GetPrescaler                         0x08002a6d   Thumb Code     6  stm32f10x_tim.o(.text)
    TIM_GetFlagStatus                        0x08002a73   Thumb Code    18  stm32f10x_tim.o(.text)
    TIM_ClearFlag                            0x08002a85   Thumb Code     6  stm32f10x_tim.o(.text)
    TIM_GetITStatus                          0x08002a8b   Thumb Code    34  stm32f10x_tim.o(.text)
    TIM_ClearITPendingBit                    0x08002aad   Thumb Code     6  stm32f10x_tim.o(.text)
    Init                                     0x08002ab3   Thumb Code    28  main.o(.text)
    main                                     0x08002acf   Thumb Code    18  main.o(.text)
    NMI_Handler                              0x08002ae1   Thumb Code     2  stm32f10x_it.o(.text)
    HardFault_Handler                        0x08002ae3   Thumb Code     4  stm32f10x_it.o(.text)
    MemManage_Handler                        0x08002ae7   Thumb Code     4  stm32f10x_it.o(.text)
    BusFault_Handler                         0x08002aeb   Thumb Code     4  stm32f10x_it.o(.text)
    UsageFault_Handler                       0x08002aef   Thumb Code     4  stm32f10x_it.o(.text)
    SVC_Handler                              0x08002af3   Thumb Code     2  stm32f10x_it.o(.text)
    DebugMon_Handler                         0x08002af5   Thumb Code     2  stm32f10x_it.o(.text)
    PendSV_Handler                           0x08002af7   Thumb Code     2  stm32f10x_it.o(.text)
    SysTick_Handler                          0x08002af9   Thumb Code     2  stm32f10x_it.o(.text)
    delay_us                                 0x08002afb   Thumb Code    46  delay.o(.text)
    delay_ms                                 0x08002b29   Thumb Code    26  delay.o(.text)
    delay_s                                  0x08002b43   Thumb Code    26  delay.o(.text)
    NVIC_Configuration                       0x08002b5d   Thumb Code    12  sys.o(.text)
    RCC_Configuration                        0x08002b69   Thumb Code   100  sys.o(.text)
    _sys_exit                                0x08002bcd   Thumb Code     4  usart.o(.text)
    fputc                                    0x08002bd1   Thumb Code    24  usart.o(.text)
    USART1_printf                            0x08002be9   Thumb Code    82  usart.o(.text)
    USART1_Init                              0x08002c3b   Thumb Code   152  usart.o(.text)
    USART1_IRQHandler                        0x08002cd3   Thumb Code   132  usart.o(.text)
    USART3_printf                            0x08002d57   Thumb Code    82  usart.o(.text)
    USART3_Init                              0x08002da9   Thumb Code   162  usart.o(.text)
    USART3_IRQHandler                        0x08002e4b   Thumb Code     2  usart.o(.text)
    ADC_DMA_Init                             0x08002e69   Thumb Code    74  adc.o(.text)
    ADC_GPIO_Init                            0x08002eb3   Thumb Code    48  adc.o(.text)
    ADC_Configuration                        0x08002ee3   Thumb Code   158  adc.o(.text)
    KEY_Init                                 0x08002f91   Thumb Code    32  key.o(.text)
    WS281x_Show                              0x08002fb5   Thumb Code    68  ws2812b.o(.text)
    WS281x_CloseAll                          0x08002ff9   Thumb Code    48  ws2812b.o(.text)
    WS281x_Init                              0x08003029   Thumb Code   236  ws2812b.o(.text)
    WS281x_Color                             0x08003115   Thumb Code    12  ws2812b.o(.text)
    WS281x_SetPixelColor                     0x08003121   Thumb Code    52  ws2812b.o(.text)
    WS281x_SetPixelRGB                       0x08003155   Thumb Code    70  ws2812b.o(.text)
    WS281x_Wheel                             0x0800319b   Thumb Code   100  ws2812b.o(.text)
    WS281x_ColorWipe                         0x080031ff   Thumb Code    38  ws2812b.o(.text)
    WS281x_Rainbow                           0x08003225   Thumb Code    62  ws2812b.o(.text)
    WS281x_RainbowCycle                      0x08003263   Thumb Code    74  ws2812b.o(.text)
    WS281x_TheaterChase                      0x080032ad   Thumb Code    92  ws2812b.o(.text)
    WS281x_TheaterChaseRainbow               0x08003309   Thumb Code   108  ws2812b.o(.text)
    __use_no_semihosting                     0x08003385   Thumb Code     2  use_no_semi_2.o(.text)
    vsnprintf                                0x08003389   Thumb Code    48  vsnprintf.o(.text)
    __2printf                                0x080033bd   Thumb Code    20  __2printf.o(.text)
    _printf_str                              0x080033d5   Thumb Code    82  _printf_str.o(.text)
    __printf                                 0x08003429   Thumb Code   388  __printf_flags_ss_wp.o(.text)
    strlen                                   0x080035b1   Thumb Code    62  strlen.o(.text)
    __use_two_region_memory                  0x080035ef   Thumb Code     2  heapauxi.o(.text)
    __rt_heap_escrow$2region                 0x080035f1   Thumb Code     2  heapauxi.o(.text)
    __rt_heap_expand$2region                 0x080035f3   Thumb Code     2  heapauxi.o(.text)
    __I$use$semihosting                      0x080035f5   Thumb Code     0  use_no_semi.o(.text)
    __use_no_semihosting_swi                 0x080035f5   Thumb Code     2  use_no_semi.o(.text)
    _printf_pre_padding                      0x080035f7   Thumb Code    44  _printf_pad.o(.text)
    _printf_post_padding                     0x08003623   Thumb Code    34  _printf_pad.o(.text)
    _printf_truncate_signed                  0x08003645   Thumb Code    18  _printf_truncate.o(.text)
    _printf_truncate_unsigned                0x08003657   Thumb Code    18  _printf_truncate.o(.text)
    _printf_int_dec                          0x08003669   Thumb Code   104  _printf_dec.o(.text)
    _printf_charcount                        0x080036e1   Thumb Code    40  _printf_charcount.o(.text)
    _printf_char_common                      0x08003713   Thumb Code    32  _printf_char_common.o(.text)
    _sputc                                   0x08003739   Thumb Code    10  _sputc.o(.text)
    _snputc                                  0x08003743   Thumb Code    16  _snputc.o(.text)
    _printf_cs_common                        0x08003753   Thumb Code    20  _printf_char.o(.text)
    _printf_char                             0x08003767   Thumb Code    16  _printf_char.o(.text)
    _printf_string                           0x08003777   Thumb Code     8  _printf_char.o(.text)
    _printf_char_file                        0x08003781   Thumb Code    32  _printf_char_file.o(.text)
    _printf_wctomb                           0x080037a5   Thumb Code   182  _printf_wctomb.o(.text)
    _printf_longlong_dec                     0x08003861   Thumb Code   108  _printf_longlong_dec.o(.text)
    _printf_longlong_oct                     0x080038dd   Thumb Code    66  _printf_oct_int_ll.o(.text)
    _printf_int_oct                          0x0800391f   Thumb Code    24  _printf_oct_int_ll.o(.text)
    _printf_ll_oct                           0x08003937   Thumb Code    12  _printf_oct_int_ll.o(.text)
    _printf_longlong_hex                     0x0800394d   Thumb Code    86  _printf_hex_int_ll_ptr.o(.text)
    _printf_int_hex                          0x080039a3   Thumb Code    28  _printf_hex_int_ll_ptr.o(.text)
    _printf_ll_hex                           0x080039bf   Thumb Code    12  _printf_hex_int_ll_ptr.o(.text)
    _printf_hex_ptr                          0x080039cb   Thumb Code    18  _printf_hex_int_ll_ptr.o(.text)
    _ll_udiv10                               0x080039e1   Thumb Code   138  lludiv10.o(.text)
    _printf_int_common                       0x08003a6b   Thumb Code   178  _printf_intcommon.o(.text)
    __lib_sel_fp_printf                      0x08003b1d   Thumb Code     2  _printf_fp_dec.o(.text)
    _printf_fp_dec_real                      0x08003ccf   Thumb Code   620  _printf_fp_dec.o(.text)
    _printf_fp_hex_real                      0x08003f3d   Thumb Code   756  _printf_fp_hex.o(.text)
    _printf_lcs_common                       0x08004239   Thumb Code    20  _printf_wchar.o(.text)
    _printf_wchar                            0x0800424d   Thumb Code    16  _printf_wchar.o(.text)
    _printf_wstring                          0x0800425d   Thumb Code     8  _printf_wchar.o(.text)
    ferror                                   0x08004265   Thumb Code     8  ferror.o(.text)
    _wcrtomb                                 0x0800426d   Thumb Code    64  _wcrtomb.o(.text)
    __user_setup_stackheap                   0x080042ad   Thumb Code    74  sys_stackheap_outer.o(.text)
    __rt_ctype_table                         0x080042f9   Thumb Code    16  rt_ctype_table.o(.text)
    __rt_locale                              0x08004309   Thumb Code     8  rt_locale_intlibspace.o(.text)
    _printf_fp_infnan                        0x08004311   Thumb Code   112  _printf_fp_infnan.o(.text)
    _btod_etento                             0x08004391   Thumb Code   224  bigflt0.o(.text)
    exit                                     0x08004475   Thumb Code    18  exit.o(.text)
    __user_libspace                          0x08004489   Thumb Code     8  libspace.o(.text)
    __user_perproc_libspace                  0x08004489   Thumb Code     0  libspace.o(.text)
    __user_perthread_libspace                0x08004489   Thumb Code     0  libspace.o(.text)
    strcmp                                   0x08004491   Thumb Code   128  strcmpv7m.o(.text)
    _btod_d2e                                0x08004511   Thumb Code    62  btod.o(CL$$btod_d2e)
    _d2e_denorm_low                          0x0800454f   Thumb Code    70  btod.o(CL$$btod_d2e_denorm_low)
    _d2e_norm_op1                            0x08004595   Thumb Code    96  btod.o(CL$$btod_d2e_norm_op1)
    __btod_div_common                        0x080045f5   Thumb Code   696  btod.o(CL$$btod_div_common)
    _e2e                                     0x0800492d   Thumb Code   220  btod.o(CL$$btod_e2e)
    _btod_ediv                               0x08004a09   Thumb Code    42  btod.o(CL$$btod_ediv)
    _btod_emul                               0x08004a33   Thumb Code    42  btod.o(CL$$btod_emul)
    __btod_mult_common                       0x08004a5d   Thumb Code   580  btod.o(CL$$btod_mult_common)
    __ARM_fpclassify                         0x08004ca1   Thumb Code    40  fpclassify.o(i.__ARM_fpclassify)
    _is_digit                                0x08004cc9   Thumb Code    14  __printf_wp.o(i._is_digit)
    _get_lc_numeric                          0x08004cd9   Thumb Code    44  lc_numeric_c.o(locale$$code)
    _get_lc_ctype                            0x08004d05   Thumb Code    44  lc_ctype_c.o(locale$$code)
    _printf_fp_dec                           0x08004d31   Thumb Code     4  printf1.o(x$fpl$printf1)
    _printf_fp_hex                           0x08004d35   Thumb Code     4  printf2.o(x$fpl$printf2)
    __I$use$fp                               0x08004d38   Number         0  usenofp.o(x$fpl$usenofp)
    Region$$Table$$Base                      0x08004e38   Number         0  anon$$obj.o(Region$$Table)
    Region$$Table$$Limit                     0x08004e58   Number         0  anon$$obj.o(Region$$Table)
    __ctype                                  0x08004e81   Data           0  lc_ctype_c.o(locale$$data)
    SystemCoreClock                          0x20000000   Data           4  system_stm32f10x.o(.data)
    AHBPrescTable                            0x20000004   Data          16  system_stm32f10x.o(.data)
    __stdout                                 0x20000028   Data           4  usart.o(.data)
    USART1_RX_STA                            0x2000002c   Data           2  usart.o(.data)
    USART3_RX_STA                            0x2000002e   Data           2  usart.o(.data)
    ADC_DMA_IN                               0x20000030   Data           4  adc.o(.data)
    USART1_RX_BUF                            0x20000034   Data         200  usart.o(.bss)
    USART3_RX_BUF                            0x200000fc   Data         200  usart.o(.bss)
    pixelBuffer                              0x200001c4   Data        1920  ws2812b.o(.bss)
    __libspace_start                         0x20000944   Data          96  libspace.o(.bss)
    __temporary_stack_top$libspace           0x200009a4   Data           0  libspace.o(.bss)



==============================================================================

Memory Map of the image

  Image Entry point : 0x080000ed

  Load Region LR_IROM1 (Base: 0x08000000, Size: 0x00004fb8, Max: 0x00010000, ABSOLUTE)

    Execution Region ER_IROM1 (Exec base: 0x08000000, Load base: 0x08000000, Size: 0x00004f84, Max: 0x00010000, ABSOLUTE)

    Exec Addr    Load Addr    Size         Type   Attr      Idx    E Section Name        Object

    0x08000000   0x08000000   0x000000ec   Data   RO            3    RESET               startup_stm32f10x_md.o
    0x080000ec   0x080000ec   0x00000008   Code   RO          502  * !!!main             c_w.l(__main.o)
    0x080000f4   0x080000f4   0x00000034   Code   RO          803    !!!scatter          c_w.l(__scatter.o)
    0x08000128   0x08000128   0x0000001a   Code   RO          805    !!handler_copy      c_w.l(__scatter_copy.o)
    0x08000142   0x08000142   0x00000002   PAD
    0x08000144   0x08000144   0x0000001c   Code   RO          807    !!handler_zi        c_w.l(__scatter_zi.o)
    0x08000160   0x08000160   0x00000000   Code   RO          497    .ARM.Collect$$_printf_percent$$00000000  c_w.l(_printf_percent.o)
    0x08000160   0x08000160   0x00000006   Code   RO          558    .ARM.Collect$$_printf_percent$$00000001  c_w.l(_printf_n.o)
    0x08000166   0x08000166   0x00000006   Code   RO          560    .ARM.Collect$$_printf_percent$$00000002  c_w.l(_printf_p.o)
    0x0800016c   0x0800016c   0x00000006   Code   RO          565    .ARM.Collect$$_printf_percent$$00000003  c_w.l(_printf_f.o)
    0x08000172   0x08000172   0x00000006   Code   RO          566    .ARM.Collect$$_printf_percent$$00000004  c_w.l(_printf_e.o)
    0x08000178   0x08000178   0x00000006   Code   RO          567    .ARM.Collect$$_printf_percent$$00000005  c_w.l(_printf_g.o)
    0x0800017e   0x0800017e   0x00000006   Code   RO          568    .ARM.Collect$$_printf_percent$$00000006  c_w.l(_printf_a.o)
    0x08000184   0x08000184   0x0000000a   Code   RO          573    .ARM.Collect$$_printf_percent$$00000007  c_w.l(_printf_ll.o)
    0x0800018e   0x0800018e   0x00000006   Code   RO          562    .ARM.Collect$$_printf_percent$$00000008  c_w.l(_printf_i.o)
    0x08000194   0x08000194   0x00000006   Code   RO          563    .ARM.Collect$$_printf_percent$$00000009  c_w.l(_printf_d.o)
    0x0800019a   0x0800019a   0x00000006   Code   RO          564    .ARM.Collect$$_printf_percent$$0000000A  c_w.l(_printf_u.o)
    0x080001a0   0x080001a0   0x00000006   Code   RO          561    .ARM.Collect$$_printf_percent$$0000000B  c_w.l(_printf_o.o)
    0x080001a6   0x080001a6   0x00000006   Code   RO          559    .ARM.Collect$$_printf_percent$$0000000C  c_w.l(_printf_x.o)
    0x080001ac   0x080001ac   0x00000006   Code   RO          570    .ARM.Collect$$_printf_percent$$0000000D  c_w.l(_printf_lli.o)
    0x080001b2   0x080001b2   0x00000006   Code   RO          571    .ARM.Collect$$_printf_percent$$0000000E  c_w.l(_printf_lld.o)
    0x080001b8   0x080001b8   0x00000006   Code   RO          572    .ARM.Collect$$_printf_percent$$0000000F  c_w.l(_printf_llu.o)
    0x080001be   0x080001be   0x00000006   Code   RO          577    .ARM.Collect$$_printf_percent$$00000010  c_w.l(_printf_llo.o)
    0x080001c4   0x080001c4   0x00000006   Code   RO          578    .ARM.Collect$$_printf_percent$$00000011  c_w.l(_printf_llx.o)
    0x080001ca   0x080001ca   0x0000000a   Code   RO          574    .ARM.Collect$$_printf_percent$$00000012  c_w.l(_printf_l.o)
    0x080001d4   0x080001d4   0x00000006   Code   RO          496    .ARM.Collect$$_printf_percent$$00000013  c_w.l(_printf_c.o)
    0x080001da   0x080001da   0x00000006   Code   RO          557    .ARM.Collect$$_printf_percent$$00000014  c_w.l(_printf_s.o)
    0x080001e0   0x080001e0   0x00000006   Code   RO          575    .ARM.Collect$$_printf_percent$$00000015  c_w.l(_printf_lc.o)
    0x080001e6   0x080001e6   0x00000006   Code   RO          576    .ARM.Collect$$_printf_percent$$00000016  c_w.l(_printf_ls.o)
    0x080001ec   0x080001ec   0x00000004   Code   RO          569    .ARM.Collect$$_printf_percent$$00000017  c_w.l(_printf_percent_end.o)
    0x080001f0   0x080001f0   0x00000002   Code   RO          667    .ARM.Collect$$libinit$$00000000  c_w.l(libinit.o)
    0x080001f2   0x080001f2   0x00000000   Code   RO          684    .ARM.Collect$$libinit$$00000002  c_w.l(libinit2.o)
    0x080001f2   0x080001f2   0x00000000   Code   RO          686    .ARM.Collect$$libinit$$00000004  c_w.l(libinit2.o)
    0x080001f2   0x080001f2   0x00000000   Code   RO          689    .ARM.Collect$$libinit$$0000000A  c_w.l(libinit2.o)
    0x080001f2   0x080001f2   0x00000000   Code   RO          691    .ARM.Collect$$libinit$$0000000C  c_w.l(libinit2.o)
    0x080001f2   0x080001f2   0x00000000   Code   RO          693    .ARM.Collect$$libinit$$0000000E  c_w.l(libinit2.o)
    0x080001f2   0x080001f2   0x00000006   Code   RO          694    .ARM.Collect$$libinit$$0000000F  c_w.l(libinit2.o)
    0x080001f8   0x080001f8   0x00000000   Code   RO          696    .ARM.Collect$$libinit$$00000011  c_w.l(libinit2.o)
    0x080001f8   0x080001f8   0x0000000c   Code   RO          697    .ARM.Collect$$libinit$$00000012  c_w.l(libinit2.o)
    0x08000204   0x08000204   0x00000000   Code   RO          698    .ARM.Collect$$libinit$$00000013  c_w.l(libinit2.o)
    0x08000204   0x08000204   0x00000000   Code   RO          700    .ARM.Collect$$libinit$$00000015  c_w.l(libinit2.o)
    0x08000204   0x08000204   0x0000000a   Code   RO          701    .ARM.Collect$$libinit$$00000016  c_w.l(libinit2.o)
    0x0800020e   0x0800020e   0x00000000   Code   RO          702    .ARM.Collect$$libinit$$00000017  c_w.l(libinit2.o)
    0x0800020e   0x0800020e   0x00000000   Code   RO          704    .ARM.Collect$$libinit$$00000019  c_w.l(libinit2.o)
    0x0800020e   0x0800020e   0x00000000   Code   RO          706    .ARM.Collect$$libinit$$0000001B  c_w.l(libinit2.o)
    0x0800020e   0x0800020e   0x00000000   Code   RO          708    .ARM.Collect$$libinit$$0000001D  c_w.l(libinit2.o)
    0x0800020e   0x0800020e   0x00000000   Code   RO          710    .ARM.Collect$$libinit$$0000001F  c_w.l(libinit2.o)
    0x0800020e   0x0800020e   0x00000000   Code   RO          712    .ARM.Collect$$libinit$$00000021  c_w.l(libinit2.o)
    0x0800020e   0x0800020e   0x00000000   Code   RO          714    .ARM.Collect$$libinit$$00000023  c_w.l(libinit2.o)
    0x0800020e   0x0800020e   0x00000000   Code   RO          716    .ARM.Collect$$libinit$$00000025  c_w.l(libinit2.o)
    0x0800020e   0x0800020e   0x00000000   Code   RO          720    .ARM.Collect$$libinit$$0000002C  c_w.l(libinit2.o)
    0x0800020e   0x0800020e   0x00000000   Code   RO          722    .ARM.Collect$$libinit$$0000002E  c_w.l(libinit2.o)
    0x0800020e   0x0800020e   0x00000000   Code   RO          724    .ARM.Collect$$libinit$$00000030  c_w.l(libinit2.o)
    0x0800020e   0x0800020e   0x00000000   Code   RO          726    .ARM.Collect$$libinit$$00000032  c_w.l(libinit2.o)
    0x0800020e   0x0800020e   0x00000002   Code   RO          727    .ARM.Collect$$libinit$$00000033  c_w.l(libinit2.o)
    0x08000210   0x08000210   0x00000002   Code   RO          745    .ARM.Collect$$libshutdown$$00000000  c_w.l(libshutdown.o)
    0x08000212   0x08000212   0x00000000   Code   RO          755    .ARM.Collect$$libshutdown$$00000002  c_w.l(libshutdown2.o)
    0x08000212   0x08000212   0x00000000   Code   RO          757    .ARM.Collect$$libshutdown$$00000004  c_w.l(libshutdown2.o)
    0x08000212   0x08000212   0x00000000   Code   RO          760    .ARM.Collect$$libshutdown$$00000007  c_w.l(libshutdown2.o)
    0x08000212   0x08000212   0x00000000   Code   RO          763    .ARM.Collect$$libshutdown$$0000000A  c_w.l(libshutdown2.o)
    0x08000212   0x08000212   0x00000000   Code   RO          765    .ARM.Collect$$libshutdown$$0000000C  c_w.l(libshutdown2.o)
    0x08000212   0x08000212   0x00000000   Code   RO          768    .ARM.Collect$$libshutdown$$0000000F  c_w.l(libshutdown2.o)
    0x08000212   0x08000212   0x00000002   Code   RO          769    .ARM.Collect$$libshutdown$$00000010  c_w.l(libshutdown2.o)
    0x08000214   0x08000214   0x00000000   Code   RO          506    .ARM.Collect$$rtentry$$00000000  c_w.l(__rtentry.o)
    0x08000214   0x08000214   0x00000000   Code   RO          588    .ARM.Collect$$rtentry$$00000002  c_w.l(__rtentry2.o)
    0x08000214   0x08000214   0x00000006   Code   RO          600    .ARM.Collect$$rtentry$$00000004  c_w.l(__rtentry4.o)
    0x0800021a   0x0800021a   0x00000000   Code   RO          590    .ARM.Collect$$rtentry$$00000009  c_w.l(__rtentry2.o)
    0x0800021a   0x0800021a   0x00000004   Code   RO          591    .ARM.Collect$$rtentry$$0000000A  c_w.l(__rtentry2.o)
    0x0800021e   0x0800021e   0x00000000   Code   RO          593    .ARM.Collect$$rtentry$$0000000C  c_w.l(__rtentry2.o)
    0x0800021e   0x0800021e   0x00000008   Code   RO          594    .ARM.Collect$$rtentry$$0000000D  c_w.l(__rtentry2.o)
    0x08000226   0x08000226   0x00000002   Code   RO          676    .ARM.Collect$$rtexit$$00000000  c_w.l(rtexit.o)
    0x08000228   0x08000228   0x00000000   Code   RO          729    .ARM.Collect$$rtexit$$00000002  c_w.l(rtexit2.o)
    0x08000228   0x08000228   0x00000004   Code   RO          730    .ARM.Collect$$rtexit$$00000003  c_w.l(rtexit2.o)
    0x0800022c   0x0800022c   0x00000006   Code   RO          731    .ARM.Collect$$rtexit$$00000004  c_w.l(rtexit2.o)
    0x08000232   0x08000232   0x00000002   PAD
    0x08000234   0x08000234   0x00000040   Code   RO            4    .text               startup_stm32f10x_md.o
    0x08000274   0x08000274   0x000001e0   Code   RO           24    .text               system_stm32f10x.o
    0x08000454   0x08000454   0x000000dc   Code   RO          121    .text               misc.o
    0x08000530   0x08000530   0x0000035c   Code   RO          156    .text               stm32f10x_gpio.o
    0x0800088c   0x0800088c   0x000003a4   Code   RO          168    .text               stm32f10x_rcc.o
    0x08000c30   0x08000c30   0x00000408   Code   RO          182    .text               stm32f10x_usart.o
    0x08001038   0x08001038   0x000005bc   Code   RO          230    .text               stm32f10x_flash.o
    0x080015f4   0x080015f4   0x0000044e   Code   RO          254    .text               stm32f10x_adc.o
    0x08001a42   0x08001a42   0x00000002   PAD
    0x08001a44   0x08001a44   0x00000254   Code   RO          266    .text               stm32f10x_dma.o
    0x08001c98   0x08001c98   0x00000e1a   Code   RO          278    .text               stm32f10x_tim.o
    0x08002ab2   0x08002ab2   0x0000002e   Code   RO          290    .text               main.o
    0x08002ae0   0x08002ae0   0x0000001a   Code   RO          318    .text               stm32f10x_it.o
    0x08002afa   0x08002afa   0x00000062   Code   RO          333    .text               delay.o
    0x08002b5c   0x08002b5c   0x00000070   Code   RO          348    .text               sys.o
    0x08002bcc   0x08002bcc   0x0000029c   Code   RO          363    .text               usart.o
    0x08002e68   0x08002e68   0x00000128   Code   RO          396    .text               adc.o
    0x08002f90   0x08002f90   0x00000024   Code   RO          429    .text               key.o
    0x08002fb4   0x08002fb4   0x000003d0   Code   RO          444    .text               ws2812b.o
    0x08003384   0x08003384   0x00000002   Code   RO          464    .text               c_w.l(use_no_semi_2.o)
    0x08003386   0x08003386   0x00000002   PAD
    0x08003388   0x08003388   0x00000034   Code   RO          466    .text               c_w.l(vsnprintf.o)
    0x080033bc   0x080033bc   0x00000018   Code   RO          468    .text               c_w.l(__2printf.o)
    0x080033d4   0x080033d4   0x00000052   Code   RO          474    .text               c_w.l(_printf_str.o)
    0x08003426   0x08003426   0x00000002   PAD
    0x08003428   0x08003428   0x00000188   Code   RO          493    .text               c_w.l(__printf_flags_ss_wp.o)
    0x080035b0   0x080035b0   0x0000003e   Code   RO          498    .text               c_w.l(strlen.o)
    0x080035ee   0x080035ee   0x00000006   Code   RO          500    .text               c_w.l(heapauxi.o)
    0x080035f4   0x080035f4   0x00000002   Code   RO          504    .text               c_w.l(use_no_semi.o)
    0x080035f6   0x080035f6   0x0000004e   Code   RO          507    .text               c_w.l(_printf_pad.o)
    0x08003644   0x08003644   0x00000024   Code   RO          509    .text               c_w.l(_printf_truncate.o)
    0x08003668   0x08003668   0x00000078   Code   RO          511    .text               c_w.l(_printf_dec.o)
    0x080036e0   0x080036e0   0x00000028   Code   RO          513    .text               c_w.l(_printf_charcount.o)
    0x08003708   0x08003708   0x00000030   Code   RO          515    .text               c_w.l(_printf_char_common.o)
    0x08003738   0x08003738   0x0000000a   Code   RO          517    .text               c_w.l(_sputc.o)
    0x08003742   0x08003742   0x00000010   Code   RO          519    .text               c_w.l(_snputc.o)
    0x08003752   0x08003752   0x0000002c   Code   RO          521    .text               c_w.l(_printf_char.o)
    0x0800377e   0x0800377e   0x00000002   PAD
    0x08003780   0x08003780   0x00000024   Code   RO          523    .text               c_w.l(_printf_char_file.o)
    0x080037a4   0x080037a4   0x000000bc   Code   RO          525    .text               c_w.l(_printf_wctomb.o)
    0x08003860   0x08003860   0x0000007c   Code   RO          528    .text               c_w.l(_printf_longlong_dec.o)
    0x080038dc   0x080038dc   0x00000070   Code   RO          534    .text               c_w.l(_printf_oct_int_ll.o)
    0x0800394c   0x0800394c   0x00000094   Code   RO          554    .text               c_w.l(_printf_hex_int_ll_ptr.o)
    0x080039e0   0x080039e0   0x0000008a   Code   RO          602    .text               c_w.l(lludiv10.o)
    0x08003a6a   0x08003a6a   0x000000b2   Code   RO          604    .text               c_w.l(_printf_intcommon.o)
    0x08003b1c   0x08003b1c   0x0000041e   Code   RO          606    .text               c_w.l(_printf_fp_dec.o)
    0x08003f3a   0x08003f3a   0x00000002   PAD
    0x08003f3c   0x08003f3c   0x000002fc   Code   RO          608    .text               c_w.l(_printf_fp_hex.o)
    0x08004238   0x08004238   0x0000002c   Code   RO          613    .text               c_w.l(_printf_wchar.o)
    0x08004264   0x08004264   0x00000008   Code   RO          615    .text               c_w.l(ferror.o)
    0x0800426c   0x0800426c   0x00000040   Code   RO          619    .text               c_w.l(_wcrtomb.o)
    0x080042ac   0x080042ac   0x0000004a   Code   RO          621    .text               c_w.l(sys_stackheap_outer.o)
    0x080042f6   0x080042f6   0x00000002   PAD
    0x080042f8   0x080042f8   0x00000010   Code   RO          623    .text               c_w.l(rt_ctype_table.o)
    0x08004308   0x08004308   0x00000008   Code   RO          628    .text               c_w.l(rt_locale_intlibspace.o)
    0x08004310   0x08004310   0x00000080   Code   RO          630    .text               c_w.l(_printf_fp_infnan.o)
    0x08004390   0x08004390   0x000000e4   Code   RO          632    .text               c_w.l(bigflt0.o)
    0x08004474   0x08004474   0x00000012   Code   RO          660    .text               c_w.l(exit.o)
    0x08004486   0x08004486   0x00000002   PAD
    0x08004488   0x08004488   0x00000008   Code   RO          673    .text               c_w.l(libspace.o)
    0x08004490   0x08004490   0x00000080   Code   RO          681    .text               c_w.l(strcmpv7m.o)
    0x08004510   0x08004510   0x0000003e   Code   RO          635    CL$$btod_d2e        c_w.l(btod.o)
    0x0800454e   0x0800454e   0x00000046   Code   RO          637    CL$$btod_d2e_denorm_low  c_w.l(btod.o)
    0x08004594   0x08004594   0x00000060   Code   RO          636    CL$$btod_d2e_norm_op1  c_w.l(btod.o)
    0x080045f4   0x080045f4   0x00000338   Code   RO          645    CL$$btod_div_common  c_w.l(btod.o)
    0x0800492c   0x0800492c   0x000000dc   Code   RO          642    CL$$btod_e2e        c_w.l(btod.o)
    0x08004a08   0x08004a08   0x0000002a   Code   RO          639    CL$$btod_ediv       c_w.l(btod.o)
    0x08004a32   0x08004a32   0x0000002a   Code   RO          638    CL$$btod_emul       c_w.l(btod.o)
    0x08004a5c   0x08004a5c   0x00000244   Code   RO          644    CL$$btod_mult_common  c_w.l(btod.o)
    0x08004ca0   0x08004ca0   0x00000028   Code   RO          671    i.__ARM_fpclassify  m_ws.l(fpclassify.o)
    0x08004cc8   0x08004cc8   0x0000000e   Code   RO          486    i._is_digit         c_w.l(__printf_wp.o)
    0x08004cd6   0x08004cd6   0x00000002   PAD
    0x08004cd8   0x08004cd8   0x0000002c   Code   RO          658    locale$$code        c_w.l(lc_numeric_c.o)
    0x08004d04   0x08004d04   0x0000002c   Code   RO          679    locale$$code        c_w.l(lc_ctype_c.o)
    0x08004d30   0x08004d30   0x00000004   Code   RO          579    x$fpl$printf1       fz_ws.l(printf1.o)
    0x08004d34   0x08004d34   0x00000004   Code   RO          581    x$fpl$printf2       fz_ws.l(printf2.o)
    0x08004d38   0x08004d38   0x00000000   Code   RO          670    x$fpl$usenofp       fz_ws.l(usenofp.o)
    0x08004d38   0x08004d38   0x00000011   Data   RO          494    .constdata          c_w.l(__printf_flags_ss_wp.o)
    0x08004d49   0x08004d49   0x00000003   PAD
    0x08004d4c   0x08004d4c   0x00000008   Data   RO          526    .constdata          c_w.l(_printf_wctomb.o)
    0x08004d54   0x08004d54   0x00000028   Data   RO          555    .constdata          c_w.l(_printf_hex_int_ll_ptr.o)
    0x08004d7c   0x08004d7c   0x00000026   Data   RO          609    .constdata          c_w.l(_printf_fp_hex.o)
    0x08004da2   0x08004da2   0x00000002   PAD
    0x08004da4   0x08004da4   0x00000094   Data   RO          633    .constdata          c_w.l(bigflt0.o)
    0x08004e38   0x08004e38   0x00000020   Data   RO          801    Region$$Table       anon$$obj.o
    0x08004e58   0x08004e58   0x0000001c   Data   RO          657    locale$$data        c_w.l(lc_numeric_c.o)
    0x08004e74   0x08004e74   0x00000110   Data   RO          678    locale$$data        c_w.l(lc_ctype_c.o)


    Execution Region RW_IRAM1 (Exec base: 0x20000000, Load base: 0x08004f84, Size: 0x00000fa8, Max: 0x00005000, ABSOLUTE)

    Exec Addr    Load Addr    Size         Type   Attr      Idx    E Section Name        Object

    0x20000000   0x08004f84   0x00000014   Data   RW           25    .data               system_stm32f10x.o
    0x20000014   0x08004f98   0x00000014   Data   RW          169    .data               stm32f10x_rcc.o
    0x20000028   0x08004fac   0x00000008   Data   RW          365    .data               usart.o
    0x20000030   0x08004fb4   0x00000004   Data   RW          397    .data               adc.o
    0x20000034        -       0x00000190   Zero   RW          364    .bss                usart.o
    0x200001c4        -       0x00000780   Zero   RW          445    .bss                ws2812b.o
    0x20000944        -       0x00000060   Zero   RW          674    .bss                c_w.l(libspace.o)
    0x200009a4   0x08004fb8   0x00000004   PAD
    0x200009a8        -       0x00000200   Zero   RW            2    HEAP                startup_stm32f10x_md.o
    0x20000ba8        -       0x00000400   Zero   RW            1    STACK               startup_stm32f10x_md.o


==============================================================================

Image component sizes


      Code (inc. data)   RO Data    RW Data    ZI Data      Debug   Object Name

       296         16          0          4          0       1416   adc.o
         0          0          0          0          0       4532   core_cm3.o
        98          0          0          0          0        828   delay.o
        36          4          0          0          0        451   key.o
        46          0          0          0          0        524   main.o
       220         22          0          0          0     214017   misc.o
        64         26        236          0       1536        812   startup_stm32f10x_md.o
      1102         26          0          0          0      10933   stm32f10x_adc.o
       596          8          0          0          0       4254   stm32f10x_dma.o
      1468         34          0          0          0       8098   stm32f10x_flash.o
       860         38          0          0          0       5625   stm32f10x_gpio.o
        26          0          0          0          0       1182   stm32f10x_it.o
       932         36          0         20          0       8772   stm32f10x_rcc.o
      3610         88          0          0          0      22736   stm32f10x_tim.o
      1032         22          0          0          0       8348   stm32f10x_usart.o
       112          0          0          0          0        663   sys.o
       480         38          0         20          0      61147   system_stm32f10x.o
       668         28          0          8        400       4928   usart.o
       976         16          0          0       1920       4525   ws2812b.o

    ----------------------------------------------------------------------
     12624        402        268         52       3856     363791   Object Totals
         0          0         32          0          0          0   (incl. Generated)
         2          0          0          0          0          0   (incl. Padding)

    ----------------------------------------------------------------------

      Code (inc. data)   RO Data    RW Data    ZI Data      Debug   Library Member Name

        24          4          0          0          0         84   __2printf.o
         8          0          0          0          0         68   __main.o
       392          4         17          0          0         92   __printf_flags_ss_wp.o
        14          0          0          0          0         68   __printf_wp.o
         0          0          0          0          0          0   __rtentry.o
        12          0          0          0          0          0   __rtentry2.o
         6          0          0          0          0          0   __rtentry4.o
        52          8          0          0          0          0   __scatter.o
        26          0          0          0          0          0   __scatter_copy.o
        28          0          0          0          0          0   __scatter_zi.o
         6          0          0          0          0          0   _printf_a.o
         6          0          0          0          0          0   _printf_c.o
        44          0          0          0          0        108   _printf_char.o
        48          6          0          0          0         96   _printf_char_common.o
        36          4          0          0          0         80   _printf_char_file.o
        40          0          0          0          0         68   _printf_charcount.o
         6          0          0          0          0          0   _printf_d.o
       120         16          0          0          0         92   _printf_dec.o
         6          0          0          0          0          0   _printf_e.o
         6          0          0          0          0          0   _printf_f.o
      1054          0          0          0          0        216   _printf_fp_dec.o
       764          8         38          0          0        100   _printf_fp_hex.o
       128         16          0          0          0         84   _printf_fp_infnan.o
         6          0          0          0          0          0   _printf_g.o
       148          4         40          0          0        160   _printf_hex_int_ll_ptr.o
         6          0          0          0          0          0   _printf_i.o
       178          0          0          0          0         88   _printf_intcommon.o
        10          0          0          0          0          0   _printf_l.o
         6          0          0          0          0          0   _printf_lc.o
        10          0          0          0          0          0   _printf_ll.o
         6          0          0          0          0          0   _printf_lld.o
         6          0          0          0          0          0   _printf_lli.o
         6          0          0          0          0          0   _printf_llo.o
         6          0          0          0          0          0   _printf_llu.o
         6          0          0          0          0          0   _printf_llx.o
       124         16          0          0          0         92   _printf_longlong_dec.o
         6          0          0          0          0          0   _printf_ls.o
         6          0          0          0          0          0   _printf_n.o
         6          0          0          0          0          0   _printf_o.o
       112         10          0          0          0        124   _printf_oct_int_ll.o
         6          0          0          0          0          0   _printf_p.o
        78          0          0          0          0        108   _printf_pad.o
         0          0          0          0          0          0   _printf_percent.o
         4          0          0          0          0          0   _printf_percent_end.o
         6          0          0          0          0          0   _printf_s.o
        82          0          0          0          0         80   _printf_str.o
        36          0          0          0          0         84   _printf_truncate.o
         6          0          0          0          0          0   _printf_u.o
        44          0          0          0          0        108   _printf_wchar.o
       188          6          8          0          0         92   _printf_wctomb.o
         6          0          0          0          0          0   _printf_x.o
        16          0          0          0          0         68   _snputc.o
        10          0          0          0          0         68   _sputc.o
        64          0          0          0          0         92   _wcrtomb.o
       228          4        148          0          0         96   bigflt0.o
      1936        128          0          0          0        672   btod.o
        18          0          0          0          0         80   exit.o
         8          0          0          0          0         68   ferror.o
         6          0          0          0          0        152   heapauxi.o
        44         10        272          0          0         76   lc_ctype_c.o
        44         10         28          0          0         76   lc_numeric_c.o
         2          0          0          0          0          0   libinit.o
        30          0          0          0          0          0   libinit2.o
         2          0          0          0          0          0   libshutdown.o
         2          0          0          0          0          0   libshutdown2.o
         8          4          0          0         96         68   libspace.o
       138          0          0          0          0         80   lludiv10.o
        16          4          0          0          0         76   rt_ctype_table.o
         8          4          0          0          0         68   rt_locale_intlibspace.o
         2          0          0          0          0          0   rtexit.o
        10          0          0          0          0          0   rtexit2.o
       128          0          0          0          0         68   strcmpv7m.o
        62          0          0          0          0         76   strlen.o
        74          0          0          0          0         80   sys_stackheap_outer.o
         2          0          0          0          0         68   use_no_semi.o
         2          0          0          0          0         68   use_no_semi_2.o
        52          4          0          0          0         80   vsnprintf.o
         4          0          0          0          0         68   printf1.o
         4          0          0          0          0         68   printf2.o
         0          0          0          0          0          0   usenofp.o
        40          0          0          0          0         68   fpclassify.o

    ----------------------------------------------------------------------
      6908        270        556          0        100       4476   Library Totals
        18          0          5          0          4          0   (incl. Padding)

    ----------------------------------------------------------------------

      Code (inc. data)   RO Data    RW Data    ZI Data      Debug   Library Name

      6842        270        551          0         96       4272   c_w.l
         8          0          0          0          0        136   fz_ws.l
        40          0          0          0          0         68   m_ws.l

    ----------------------------------------------------------------------
      6908        270        556          0        100       4476   Library Totals

    ----------------------------------------------------------------------

==============================================================================


      Code (inc. data)   RO Data    RW Data    ZI Data      Debug   

     19532        672        824         52       3956     364051   Grand Totals
     19532        672        824         52       3956     364051   ELF Image Totals
     19532        672        824         52          0          0   ROM Totals

==============================================================================

    Total RO  Size (Code + RO Data)                20356 (  19.88kB)
    Total RW  Size (RW Data + ZI Data)              4008 (   3.91kB)
    Total ROM Size (Code + RO Data + RW Data)      20408 (  19.93kB)

==============================================================================

