Component: ARM Compiler 5.06 update 6 (build 750) Tool: armlink [4d35ed]

==============================================================================

Section Cross References

    startup_stm32f10x_md.o(STACK) refers (Special) to heapauxi.o(.text) for __use_two_region_memory
    startup_stm32f10x_md.o(HEAP) refers (Special) to heapauxi.o(.text) for __use_two_region_memory
    startup_stm32f10x_md.o(RESET) refers (Special) to heapauxi.o(.text) for __use_two_region_memory
    startup_stm32f10x_md.o(RESET) refers to startup_stm32f10x_md.o(STACK) for __initial_sp
    startup_stm32f10x_md.o(RESET) refers to startup_stm32f10x_md.o(.text) for Reset_Handler
    startup_stm32f10x_md.o(RESET) refers to stm32f10x_it.o(.text) for NMI_Handler
    startup_stm32f10x_md.o(RESET) refers to usart.o(.text) for USART1_IRQHandler
    startup_stm32f10x_md.o(.text) refers (Special) to heapauxi.o(.text) for __use_two_region_memory
    startup_stm32f10x_md.o(.text) refers to system_stm32f10x.o(.text) for SystemInit
    startup_stm32f10x_md.o(.text) refers to __main.o(!!!main) for __main
    startup_stm32f10x_md.o(.text) refers to startup_stm32f10x_md.o(HEAP) for Heap_Mem
    startup_stm32f10x_md.o(.text) refers to startup_stm32f10x_md.o(STACK) for Stack_Mem
    system_stm32f10x.o(.text) refers to system_stm32f10x.o(.data) for SystemCoreClock
    stm32f10x_gpio.o(.text) refers to stm32f10x_rcc.o(.text) for RCC_APB2PeriphResetCmd
    stm32f10x_rcc.o(.text) refers to stm32f10x_rcc.o(.data) for APBAHBPrescTable
    stm32f10x_usart.o(.text) refers to stm32f10x_rcc.o(.text) for RCC_APB2PeriphResetCmd
    stm32f10x_bkp.o(.text) refers to stm32f10x_rcc.o(.text) for RCC_BackupResetCmd
    stm32f10x_pwr.o(.text) refers to stm32f10x_rcc.o(.text) for RCC_APB1PeriphResetCmd
    stm32f10x_i2c.o(.text) refers to stm32f10x_rcc.o(.text) for RCC_APB1PeriphResetCmd
    stm32f10x_adc.o(.text) refers to stm32f10x_rcc.o(.text) for RCC_APB2PeriphResetCmd
    stm32f10x_tim.o(.text) refers to stm32f10x_rcc.o(.text) for RCC_APB2PeriphResetCmd
    stm32f10x_spi.o(.text) refers to stm32f10x_rcc.o(.text) for RCC_APB2PeriphResetCmd
    main.o(.text) refers to _printf_percent.o(.ARM.Collect$$_printf_percent$$00000000) for _printf_percent
    main.o(.text) refers to _printf_d.o(.ARM.Collect$$_printf_percent$$00000009) for _printf_d
    main.o(.text) refers to _printf_dec.o(.text) for _printf_int_dec
    main.o(.text) refers to delay.o(.text) for delay_ms
    main.o(.text) refers to sys.o(.text) for RCC_Configuration
    main.o(.text) refers to encoder.o(.text) for ENCODER_Init
    main.o(.text) refers to usart.o(.text) for USART1_Init
    main.o(.text) refers to adc.o(.text) for ADC_Configuration
    main.o(.text) refers to key.o(.text) for KEY_Init
    main.o(.text) refers to ws2812b.o(.text) for ws281x_init
    main.o(.text) refers to __2printf.o(.text) for __2printf
    sys.o(.text) refers to misc.o(.text) for NVIC_PriorityGroupConfig
    sys.o(.text) refers to stm32f10x_rcc.o(.text) for RCC_DeInit
    sys.o(.text) refers to stm32f10x_flash.o(.text) for FLASH_SetLatency
    usart.o(.text) refers (Special) to use_no_semi_2.o(.text) for __use_no_semihosting
    usart.o(.text) refers to _printf_percent.o(.ARM.Collect$$_printf_percent$$00000000) for _printf_percent
    usart.o(.text) refers to _printf_c.o(.ARM.Collect$$_printf_percent$$00000013) for _printf_c
    usart.o(.text) refers to _printf_str.o(.text) for _printf_str
    usart.o(.text) refers to vsnprintf.o(.text) for vsnprintf
    usart.o(.text) refers to stm32f10x_usart.o(.text) for USART_SendData
    usart.o(.text) refers to strlen.o(.text) for strlen
    usart.o(.text) refers to stm32f10x_rcc.o(.text) for RCC_APB2PeriphClockCmd
    usart.o(.text) refers to stm32f10x_gpio.o(.text) for GPIO_Init
    usart.o(.text) refers to misc.o(.text) for NVIC_Init
    usart.o(.text) refers to __2printf.o(.text) for __2printf
    usart.o(.text) refers to usart.o(.data) for USART1_RX_STA
    usart.o(.text) refers to usart.o(.bss) for USART1_RX_BUF
    usart.o(.bss) refers (Special) to use_no_semi_2.o(.text) for __use_no_semihosting
    usart.o(.data) refers (Special) to use_no_semi_2.o(.text) for __use_no_semihosting
    adc.o(.text) refers to stm32f10x_dma.o(.text) for DMA_DeInit
    adc.o(.text) refers to stm32f10x_rcc.o(.text) for RCC_APB2PeriphClockCmd
    adc.o(.text) refers to stm32f10x_gpio.o(.text) for GPIO_Init
    adc.o(.text) refers to stm32f10x_adc.o(.text) for ADC_Init
    adc.o(.text) refers to adc.o(.data) for ADC_DMA_IN
    led.o(.text) refers to stm32f10x_rcc.o(.text) for RCC_APB2PeriphClockCmd
    led.o(.text) refers to stm32f10x_gpio.o(.text) for GPIO_Init
    key.o(.text) refers to stm32f10x_rcc.o(.text) for RCC_APB2PeriphClockCmd
    key.o(.text) refers to stm32f10x_gpio.o(.text) for GPIO_Init
    ws2812b.o(.text) refers to stm32f10x_dma.o(.text) for DMA_Cmd
    ws2812b.o(.text) refers to stm32f10x_rcc.o(.text) for RCC_APB2PeriphClockCmd
[...]
    .ARM.Collect$$_printf_percent$$00000017  0x080001ec   Section        4  _printf_percent_end.o(.ARM.Collect$$_printf_percent$$00000017)
    .ARM.Collect$$libinit$$00000000          0x080001f0   Section        2  libinit.o(.ARM.Collect$$libinit$$00000000)
    .ARM.Collect$$libinit$$00000002          0x080001f2   Section        0  libinit2.o(.ARM.Collect$$libinit$$00000002)
    .ARM.Collect$$libinit$$00000004          0x080001f2   Section        0  libinit2.o(.ARM.Collect$$libinit$$00000004)
    .ARM.Collect$$libinit$$0000000A          0x080001f2   Section        0  libinit2.o(.ARM.Collect$$libinit$$0000000A)
    .ARM.Collect$$libinit$$0000000C          0x080001f2   Section        0  libinit2.o(.ARM.Collect$$libinit$$0000000C)
    .ARM.Collect$$libinit$$0000000E          0x080001f2   Section        0  libinit2.o(.ARM.Collect$$libinit$$0000000E)
    .ARM.Collect$$libinit$$0000000F          0x080001f2   Section        6  libinit2.o(.ARM.Collect$$libinit$$0000000F)
    .ARM.Collect$$libinit$$00000011          0x080001f8   Section        0  libinit2.o(.ARM.Collect$$libinit$$00000011)
    .ARM.Collect$$libinit$$00000012          0x080001f8   Section       12  libinit2.o(.ARM.Collect$$libinit$$00000012)
    .ARM.Collect$$libinit$$00000013          0x08000204   Section        0  libinit2.o(.ARM.Collect$$libinit$$00000013)
    .ARM.Collect$$libinit$$00000015          0x08000204   Section        0  libinit2.o(.ARM.Collect$$libinit$$00000015)
    .ARM.Collect$$libinit$$00000016          0x08000204   Section       10  libinit2.o(.ARM.Collect$$libinit$$00000016)
    .ARM.Collect$$libinit$$00000017          0x0800020e   Section        0  libinit2.o(.ARM.Collect$$libinit$$00000017)
    .ARM.Collect$$libinit$$00000019          0x0800020e   Section        0  libinit2.o(.ARM.Collect$$libinit$$00000019)
    .ARM.Collect$$libinit$$0000001B          0x0800020e   Section        0  libinit2.o(.ARM.Collect$$libinit$$0000001B)
    .ARM.Collect$$libinit$$0000001D          0x0800020e   Section        0  libinit2.o(.ARM.Collect$$libinit$$0000001D)
    .ARM.Collect$$libinit$$0000001F          0x0800020e   Section        0  libinit2.o(.ARM.Collect$$libinit$$0000001F)
    .ARM.Collect$$libinit$$00000021          0x0800020e   Section        0  libinit2.o(.ARM.Collect$$libinit$$00000021)
    .ARM.Collect$$libinit$$00000023          0x0800020e   Section        0  libinit2.o(.ARM.Collect$$libinit$$00000023)
    .ARM.Collect$$libinit$$00000025          0x0800020e   Section        0  libinit2.o(.ARM.Collect$$libinit$$00000025)
    .ARM.Collect$$libinit$$0000002C          0x0800020e   Section        0  libinit2.o(.ARM.Collect$$libinit$$0000002C)
    .ARM.Collect$$libinit$$0000002E          0x0800020e   Section        0  libinit2.o(.ARM.Collect$$libinit$$0000002E)
    .ARM.Collect$$libinit$$00000030          0x0800020e   Section        0  libinit2.o(.ARM.Collect$$libinit$$00000030)
    .ARM.Collect$$libinit$$00000032          0x0800020e   Section        0  libinit2.o(.ARM.Collect$$libinit$$00000032)
    .ARM.Collect$$libinit$$00000033          0x0800020e   Section        2  libinit2.o(.ARM.Collect$$libinit$$00000033)
    .ARM.Collect$$libshutdown$$00000000      0x08000210   Section        2  libshutdown.o(.ARM.Collect$$libshutdown$$00000000)
    .ARM.Collect$$libshutdown$$00000002      0x08000212   Section        0  libshutdown2.o(.ARM.Collect$$libshutdown$$00000002)
    .ARM.Collect$$libshutdown$$00000004      0x08000212   Section        0  libshutdown2.o(.ARM.Collect$$libshutdown$$00000004)
    .ARM.Collect$$libshutdown$$00000007      0x08000212   Section        0  libshutdown2.o(.ARM.Collect$$libshutdown$$00000007)
    .ARM.Collect$$libshutdown$$0000000A      0x08000212   Section        0  libshutdown2.o(.ARM.Collect$$libshutdown$$0000000A)
    .ARM.Collect$$libshutdown$$0000000C      0x08000212   Section        0  libshutdown2.o(.ARM.Collect$$libshutdown$$0000000C)
    .ARM.Collect$$libshutdown$$0000000F      0x08000212   Section        0  libshutdown2.o(.ARM.Collect$$libshutdown$$0000000F)
    .ARM.Collect$$libshutdown$$00000010      0x08000212   Section        2  libshutdown2.o(.ARM.Collect$$libshutdown$$00000010)
    .ARM.Collect$$rtentry$$00000000          0x08000214   Section        0  __rtentry.o(.ARM.Collect$$rtentry$$00000000)
    .ARM.Collect$$rtentry$$00000002          0x08000214   Section        0  __rtentry2.o(.ARM.Collect$$rtentry$$00000002)
    .ARM.Collect$$rtentry$$00000004          0x08000214   Section        6  __rtentry4.o(.ARM.Collect$$rtentry$$00000004)
    .ARM.Collect$$rtentry$$00000009          0x0800021a   Section        0  __rtentry2.o(.ARM.Collect$$rtentry$$00000009)
    .ARM.Collect$$rtentry$$0000000A          0x0800021a   Section        4  __rtentry2.o(.ARM.Collect$$rtentry$$0000000A)
    .ARM.Collect$$rtentry$$0000000C          0x0800021e   Section        0  __rtentry2.o(.ARM.Collect$$rtentry$$0000000C)
    .ARM.Collect$$rtentry$$0000000D          0x0800021e   Section        8  __rtentry2.o(.ARM.Collect$$rtentry$$0000000D)
    .ARM.Collect$$rtexit$$00000000           0x08000226   Section        2  rtexit.o(.ARM.Collect$$rtexit$$00000000)
    .ARM.Collect$$rtexit$$00000002           0x08000228   Section        0  rtexit2.o(.ARM.Collect$$rtexit$$00000002)
    .ARM.Collect$$rtexit$$00000003           0x08000228   Section        4  rtexit2.o(.ARM.Collect$$rtexit$$00000003)
    .ARM.Collect$$rtexit$$00000004           0x0800022c   Section        6  rtexit2.o(.ARM.Collect$$rtexit$$00000004)
    .text                                    0x08000234   Section       64  startup_stm32f10x_md.o(.text)
    .text                                    0x08000274   Section        0  system_stm32f10x.o(.text)
    SetSysClockTo72                          0x08000275   Thumb Code   214  system_stm32f10x.o(.text)
    SetSysClock                              0x0800034b   Thumb Code     8  system_stm32f10x.o(.text)
    .text                                    0x08000454   Section        0  misc.o(.text)
    .text                                    0x08000530   Section        0  stm32f10x_gpio.o(.text)
    .text                                    0x0800088c   Section        0  stm32f10x_rcc.o(.text)
    .text                                    0x08000c30   Section        0  stm32f10x_usart.o(.text)
    .text                                    0x08001038   Section        0  stm32f10x_flash.o(.text)
    .text                                    0x080015f4   Section        0  stm32f10x_adc.o(.text)
    .text                                    0x08001a44   Section        0  stm32f10x_dma.o(.text)
    .text                                    0x08001c98   Section        0  stm32f10x_spi.o(.text)
    .text                                    0x08001fa4   Section        0  main.o(.text)
    .text                                    0x0800200c   Section        0  stm32f10x_it.o(.text)
    .text                                    0x08002026   Section        0  delay.o(.text)
    .text                                    0x08002088   Section        0  sys.o(.text)
    .text                                    0x080020f8   Section        0  usart.o(.text)
    .text                                    0x08002394   Section        0  adc.o(.text)
    .text                                    0x080024bc   Section        0  key.o(.text)
    .text                                    0x080024e0   Section        0  ws2812b.o(.text)
    .text                                    0x08002944   Section        0  encoder.o(.text)
    .text                                    0x08002a30   Section        2  use_no_semi_2.o(.text)
    .text                                    0x08002a34   Section        0  vsnprintf.o(.text)
    .text                                    0x08002a68   Section        0  __2printf.o(.text)
    .text                                    0x08002a80   Section        0  _printf_str.o(.text)
    .text                                    0x08002ad4   Section        0  _printf_dec.o(.text)
    .text                                    0x08002b4c   Section        0  __printf_flags_ss_wp.o(.text)
    .text                                    0x08002cd4   Section        0  strlen.o(.text)
    .text                                    0x08002d12   Section        0  heapauxi.o(.text)
    .text                                    0x08002d18   Section        2  use_no_semi.o(.text)
    .text                                    0x08002d1a   Section        0  _printf_pad.o(.text)
    .text                                    0x08002d68   Section        0  _printf_truncate.o(.text)
    .text                                    0x08002d8c   Section        0  _printf_intcommon.o(.text)
    .text                                    0x08002e3e   Section        0  _printf_charcount.o(.text)
    .text                                    0x08002e68   Section        0  _printf_char_common.o(.text)
    _printf_input_char                       0x08002e69   Thumb Code    10  _printf_char_common.o(.text)
    .text                                    0x08002e98   Section        0  _sputc.o(.text)
    .text                                    0x08002ea2   Section        0  _snputc.o(.text)
    .text                                    0x08002eb2   Section        0  _printf_char.o(.text)
    .text                                    0x08002ee0   Section        0  _printf_char_file.o(.text)
    .text                                    0x08002f04   Section        0  _printf_wctomb.o(.text)
    .text                                    0x08002fc0   Section        0  _printf_longlong_dec.o(.text)
    .text                                    0x0800303c   Section        0  _printf_oct_int_ll.o(.text)
    _printf_longlong_oct_internal            0x0800303d   Thumb Code     0  _printf_oct_int_ll.o(.text)
    .text                                    0x080030ac   Section        0  _printf_hex_int_ll_ptr.o(.text)
    _printf_hex_common                       0x080030ad   Thumb Code     0  _printf_hex_int_ll_ptr.o(.text)
    .text                                    0x08003140   Section      138  lludiv10.o(.text)
    .text                                    0x080031ca   Section        0  _printf_fp_dec.o(.text)
    _fp_digits                               0x080031cd   Thumb Code   432  _printf_fp_dec.o(.text)
    .text                                    0x080035e8   Section        0  _printf_fp_hex.o(.text)
    .text                                    0x080038e4   Section        0  _printf_wchar.o(.text)
    .text                                    0x08003910   Section        0  ferror.o(.text)
    .text                                    0x08003918   Section        0  _wcrtomb.o(.text)
    .text                                    0x08003958   Section       74  sys_stackheap_outer.o(.text)
    .text                                    0x080039a4   Section       16  rt_ctype_table.o(.text)
    .text                                    0x080039b4   Section        8  rt_locale_intlibspace.o(.text)
    .text                                    0x080039bc   Section        0  _printf_fp_infnan.o(.text)
    .text                                    0x08003a3c   Section        0  bigflt0.o(.text)
    .text                                    0x08003b20   Section        0  exit.o(.text)
    .text                                    0x08003b34   Section        8  libspace.o(.text)
    .text                                    0x08003b3c   Section      128  strcmpv7m.o(.text)
    CL$$btod_d2e                             0x08003bbc   Section       62  btod.o(CL$$btod_d2e)
    CL$$btod_d2e_denorm_low                  0x08003bfa   Section       70  btod.o(CL$$btod_d2e_denorm_low)
    CL$$btod_d2e_norm_op1                    0x08003c40   Section       96  btod.o(CL$$btod_d2e_norm_op1)
    CL$$btod_div_common                      0x08003ca0   Section      824  btod.o(CL$$btod_div_common)
    CL$$btod_e2e                             0x08003fd8   Section      220  btod.o(CL$$btod_e2e)
    CL$$btod_ediv                            0x080040b4   Section       42  btod.o(CL$$btod_ediv)
    CL$$btod_emul                            0x080040de   Section       42  btod.o(CL$$btod_emul)
    CL$$btod_mult_common                     0x08004108   Section      580  btod.o(CL$$btod_mult_common)
    i.__ARM_fpclassify                       0x0800434c   Section        0  fpclassify.o(i.__ARM_fpclassify)
    i._is_digit                              0x08004374   Section        0  __printf_wp.o(i._is_digit)
    locale$$code                             0x08004384   Section       44  lc_numeric_c.o(locale$$code)
    locale$$code                             0x080043b0   Section       44  lc_ctype_c.o(locale$$code)
    x$fpl$printf1                            0x080043dc   Section        4  printf1.o(x$fpl$printf1)
    x$fpl$printf2                            0x080043e0   Section        4  printf2.o(x$fpl$printf2)
    .constdata                               0x080043e4   Section       17  __printf_flags_ss_wp.o(.constdata)
    x$fpl$usenofp                            0x080043e4   Section        0  usenofp.o(x$fpl$usenofp)
    maptable                                 0x080043e4   Data          17  __printf_flags_ss_wp.o(.constdata)
    .constdata                               0x080043f8   Section        8  _printf_wctomb.o(.constdata)
    initial_mbstate                          0x080043f8   Data           8  _printf_wctomb.o(.constdata)
    .constdata                               0x08004400   Section       40  _printf_hex_int_ll_ptr.o(.constdata)
    uc_hextab                                0x08004400   Data          20  _printf_hex_int_ll_ptr.o(.constdata)
    lc_hextab                                0x08004414   Data          20  _printf_hex_int_ll_ptr.o(.constdata)
    .constdata                               0x08004428   Section       38  _printf_fp_hex.o(.constdata)
    lc_hextab                                0x08004428   Data          19  _printf_fp_hex.o(.constdata)
    uc_hextab                                0x0800443b   Data          19  _printf_fp_hex.o(.constdata)
    .constdata                               0x08004450   Section      148  bigflt0.o(.constdata)
    tenpwrs_x                                0x08004450   Data          60  bigflt0.o(.constdata)
    tenpwrs_i                                0x0800448c   Data          64  bigflt0.o(.constdata)
    locale$$data                             0x08004504   Section       28  lc_numeric_c.o(locale$$data)
    __lcnum_c_name                           0x08004508   Data           2  lc_numeric_c.o(locale$$data)
    __lcnum_c_start                          0x08004510   Data           0  lc_numeric_c.o(locale$$data)
    __lcnum_c_point                          0x0800451c   Data           0  lc_numeric_c.o(locale$$data)
    __lcnum_c_thousands                      0x0800451e   Data           0  lc_numeric_c.o(locale$$data)
    __lcnum_c_grouping                       0x0800451f   Data           0  lc_numeric_c.o(locale$$data)
    locale$$data                             0x08004520   Section      272  lc_ctype_c.o(locale$$data)
    __lcnum_c_end                            0x08004520   Data           0  lc_numeric_c.o(locale$$data)
    __lcctype_c_name                         0x08004524   Data           2  lc_ctype_c.o(locale$$data)
    __lcctype_c_start                        0x0800452c   Data           0  lc_ctype_c.o(locale$$data)
    __lcctype_c_end                          0x08004630   Data           0  lc_ctype_c.o(locale$$data)
    .data                                    0x20000000   Section       20  system_stm32f10x.o(.data)
    .data                                    0x20000014   Section       20  stm32f10x_rcc.o(.data)
    APBAHBPrescTable                         0x20000014   Data          16  stm32f10x_rcc.o(.data)
    ADCPrescTable                            0x20000024   Data           4  stm32f10x_rcc.o(.data)
    .data                                    0x20000028   Section        8  usart.o(.data)
    .data                                    0x20000030   Section        4  adc.o(.data)
    .data                                    0x20000034   Section        4  encoder.o(.data)
    .bss                                     0x20000038   Section      400  usart.o(.bss)
    .bss                                     0x200001c8   Section     1440  ws2812b.o(.bss)
    .bss                                     0x20000768   Section       96  libspace.o(.bss)
    HEAP                                     0x200007c8   Section      512  startup_stm32f10x_md.o(HEAP)
    Heap_Mem                                 0x200007c8   Data         512  startup_stm32f10x_md.o(HEAP)
    STACK                                    0x200009c8   Section     1024  startup_stm32f10x_md.o(STACK)
    Stack_Mem                                0x200009c8   Data        1024  startup_stm32f10x_md.o(STACK)
    __initial_sp                             0x20000dc8   Data           0  startup_stm32f10x_md.o(STACK)

    Global Symbols

    Symbol Name                              Value     Ov Type        Size  Object(Section)

    BuildAttributes$$THM_ISAv4$P$D$K$B$S$PE$A:L22UL41UL21$X:L11$S22US41US21$IEEE1$IW$USESV6$~STKCKD$USESV7$~SHL$OTIME$ROPI$IEEEJ$EBA8$UX$STANDARDLIB$REQ8$PRES8$EABIv2 0x00000000   Number         0  anon$$obj.o ABSOLUTE
    __ARM_use_no_argv                        0x00000000   Number         0  main.o ABSOLUTE
    _printf_flags                            0x00000000   Number         0  printf_stubs.o ABSOLUTE
    _printf_return_value                     0x00000000   Number         0  printf_stubs.o ABSOLUTE
    _printf_sizespec                         0x00000000   Number         0  printf_stubs.o ABSOLUTE
    _printf_widthprec                        0x00000000   Number         0  printf_stubs.o ABSOLUTE
    __ARM_exceptions_init                     - Undefined Weak Reference
    __alloca_initialize                       - Undefined Weak Reference
    __arm_preinit_                            - Undefined Weak Reference
    __cpp_initialize__aeabi_                  - Undefined Weak Reference
    __cxa_finalize                            - Undefined Weak Reference
    __sigvec_lookup                           - Undefined Weak Reference
    _atexit_init                              - Undefined Weak Reference
    _call_atexit_fns                          - Undefined Weak Reference
    _clock_init                               - Undefined Weak Reference
    _fp_trap_init                             - Undefined Weak Reference
    _fp_trap_shutdown                         - Undefined Weak Reference
    _get_lc_collate                           - Undefined Weak Reference
    _get_lc_monetary                          - Undefined Weak Reference
    _get_lc_time                              - Undefined Weak Reference
    _getenv_init                              - Undefined Weak Reference
    _handle_redirection                       - Undefined Weak Reference
    _init_alloc                               - Undefined Weak Reference
    _init_user_alloc                          - Undefined Weak Reference
    _initio                                   - Undefined Weak Reference
    _mutex_acquire                            - Undefined Weak Reference
    _mutex_release                            - Undefined Weak Reference
    _printf_mbtowc                            - Undefined Weak Reference
    _printf_wc                                - Undefined Weak Reference
    _rand_init                                - Undefined Weak Reference
    _signal_finish                            - Undefined Weak Reference
    _signal_init                              - Undefined Weak Reference
    _terminate_alloc                          - Undefined Weak Reference
    _terminate_user_alloc                     - Undefined Weak Reference
    _terminateio                              - Undefined Weak Reference
    __Vectors_Size                           0x000000ec   Number         0  startup_stm32f10x_md.o ABSOLUTE
    __Vectors                                0x08000000   Data           4  startup_stm32f10x_md.o(RESET)
    __Vectors_End                            0x080000ec   Data           0  startup_stm32f10x_md.o(RESET)
    __main                                   0x080000ed   Thumb Code     8  __main.o(!!!main)
    __scatterload                            0x080000f5   Thumb Code     0  __scatter.o(!!!scatter)
    __scatterload_rt2                        0x080000f5   Thumb Code    44  __scatter.o(!!!scatter)
    __scatterload_rt2_thumb_only             0x080000f5   Thumb Code     0  __scatter.o(!!!scatter)
    __scatterload_null                       0x08000103   Thumb Code     0  __scatter.o(!!!scatter)
    __scatterload_copy                       0x08000129   Thumb Code    26  __scatter_copy.o(!!handler_copy)
    __scatterload_zeroinit                   0x08000145   Thumb Code    28  __scatter_zi.o(!!handler_zi)
    _printf_n                                0x08000161   Thumb Code     0  _printf_n.o(.ARM.Collect$$_printf_percent$$00000001)
    _printf_percent                          0x08000161   Thumb Code     0  _printf_percent.o(.ARM.Collect$$_printf_percent$$00000000)
    _printf_p                                0x08000167   Thumb Code     0  _printf_p.o(.ARM.Collect$$_printf_percent$$00000002)
    _printf_f                                0x0800016d   Thumb Code     0  _printf_f.o(.ARM.Collect$$_printf_percent$$00000003)
    _printf_e                                0x08000173   Thumb Code     0  _printf_e.o(.ARM.Collect$$_printf_percent$$00000004)
    _printf_g                                0x08000179   Thumb Code     0  _printf_g.o(.ARM.Collect$$_printf_percent$$00000005)
    _printf_a                                0x0800017f   Thumb Code     0  _printf_a.o(.ARM.Collect$$_printf_percent$$00000006)
    _printf_ll                               0x08000185   Thumb Code     0  _printf_ll.o(.ARM.Collect$$_printf_percent$$00000007)
    _printf_i                                0x0800018f   Thumb Code     0  _printf_i.o(.ARM.Collect$$_printf_percent$$00000008)
    _printf_d                                0x08000195   Thumb Code     0  _printf_d.o(.ARM.Collect$$_printf_percent$$00000009)
    _printf_u                                0x0800019b   Thumb Code     0  _printf_u.o(.ARM.Collect$$_printf_percent$$0000000A)
    _printf_o                                0x080001a1   Thumb Code     0  _printf_o.o(.ARM.Collect$$_printf_percent$$0000000B)
    _printf_x                                0x080001a7   Thumb Code     0  _printf_x.o(.ARM.Collect$$_printf_percent$$0000000C)
    _printf_lli                              0x080001ad   Thumb Code     0  _printf_lli.o(.ARM.Collect$$_printf_percent$$0000000D)
    _printf_lld                              0x080001b3   Thumb Code     0  _printf_lld.o(.ARM.Collect$$_printf_percent$$0000000E)
    _printf_llu                              0x080001b9   Thumb Code     0  _printf_llu.o(.ARM.Collect$$_printf_percent$$0000000F)
    _printf_llo                              0x080001bf   Thumb Code     0  _printf_llo.o(.ARM.Collect$$_printf_percent$$00000010)
    _printf_llx                              0x080001c5   Thumb Code     0  _printf_llx.o(.ARM.Collect$$_printf_percent$$00000011)
    _printf_l                                0x080001cb   Thumb Code     0  _printf_l.o(.ARM.Collect$$_printf_percent$$00000012)
    _printf_c                                0x080001d5   Thumb Code     0  _printf_c.o(.ARM.Collect$$_printf_percent$$00000013)
    _printf_s                                0x080001db   Thumb Code     0  _printf_s.o(.ARM.Collect$$_printf_percent$$00000014)
    _printf_lc                               0x080001e1   Thumb Code     0  _printf_lc.o(.ARM.Collect$$_printf_percent$$00000015)
    _printf_ls                               0x080001e7   Thumb Code     0  _printf_ls.o(.ARM.Collect$$_printf_percent$$00000016)
    _printf_percent_end                      0x080001ed   Thumb Code     0  _printf_percent_end.o(.ARM.Collect$$_printf_percent$$00000017)
    __rt_lib_init                            0x080001f1   Thumb Code     0  libinit.o(.ARM.Collect$$libinit$$00000000)
    __rt_lib_init_fp_1                       0x080001f3   Thumb Code     0  libinit2.o(.ARM.Collect$$libinit$$00000002)
    __rt_lib_init_heap_1                     0x080001f3   Thumb Code     0  libinit2.o(.ARM.Collect$$libinit$$0000000A)
    __rt_lib_init_lc_common                  0x080001f3   Thumb Code     0  libinit2.o(.ARM.Collect$$libinit$$0000000F)
    __rt_lib_init_preinit_1                  0x080001f3   Thumb Code     0  libinit2.o(.ARM.Collect$$libinit$$00000004)
    __rt_lib_init_rand_1                     0x080001f3   Thumb Code     0  libinit2.o(.ARM.Collect$$libinit$$0000000E)
    __rt_lib_init_user_alloc_1               0x080001f3   Thumb Code     0  libinit2.o(.ARM.Collect$$libinit$$0000000C)
    __rt_lib_init_lc_collate_1               0x080001f9   Thumb Code     0  libinit2.o(.ARM.Collect$$libinit$$00000011)
    __rt_lib_init_lc_ctype_2                 0x080001f9   Thumb Code     0  libinit2.o(.ARM.Collect$$libinit$$00000012)
    __rt_lib_init_lc_ctype_1                 0x08000205   Thumb Code     0  libinit2.o(.ARM.Collect$$libinit$$00000013)
    __rt_lib_init_lc_monetary_1              0x08000205   Thumb Code     0  libinit2.o(.ARM.Collect$$libinit$$00000015)
    __rt_lib_init_lc_numeric_2               0x08000205   Thumb Code     0  libinit2.o(.ARM.Collect$$libinit$$00000016)
    __rt_lib_init_alloca_1                   0x0800020f   Thumb Code     0  libinit2.o(.ARM.Collect$$libinit$$0000002E)
    __rt_lib_init_argv_1                     0x0800020f   Thumb Code     0  libinit2.o(.ARM.Collect$$libinit$$0000002C)
    __rt_lib_init_atexit_1                   0x0800020f   Thumb Code     0  libinit2.o(.ARM.Collect$$libinit$$0000001B)
    __rt_lib_init_clock_1                    0x0800020f   Thumb Code     0  libinit2.o(.ARM.Collect$$libinit$$00000021)
    __rt_lib_init_cpp_1                      0x0800020f   Thumb Code     0  libinit2.o(.ARM.Collect$$libinit$$00000032)
    __rt_lib_init_exceptions_1               0x0800020f   Thumb Code     0  libinit2.o(.ARM.Collect$$libinit$$00000030)
    __rt_lib_init_fp_trap_1                  0x0800020f   Thumb Code     0  libinit2.o(.ARM.Collect$$libinit$$0000001F)
    __rt_lib_init_getenv_1                   0x0800020f   Thumb Code     0  libinit2.o(.ARM.Collect$$libinit$$00000023)
    __rt_lib_init_lc_numeric_1               0x0800020f   Thumb Code     0  libinit2.o(.ARM.Collect$$libinit$$00000017)
    __rt_lib_init_lc_time_1                  0x0800020f   Thumb Code     0  libinit2.o(.ARM.Collect$$libinit$$00000019)
    __rt_lib_init_return                     0x0800020f   Thumb Code     0  libinit2.o(.ARM.Collect$$libinit$$00000033)
    __rt_lib_init_signal_1                   0x0800020f   Thumb Code     0  libinit2.o(.ARM.Collect$$libinit$$0000001D)
    __rt_lib_init_stdio_1                    0x0800020f   Thumb Code     0  libinit2.o(.ARM.Collect$$libinit$$00000025)
    __rt_lib_shutdown                        0x08000211   Thumb Code     0  libshutdown.o(.ARM.Collect$$libshutdown$$00000000)
    __rt_lib_shutdown_cpp_1                  0x08000213   Thumb Code     0  libshutdown2.o(.ARM.Collect$$libshutdown$$00000002)
    __rt_lib_shutdown_fp_trap_1              0x08000213   Thumb Code     0  libshutdown2.o(.ARM.Collect$$libshutdown$$00000007)
    __rt_lib_shutdown_heap_1                 0x08000213   Thumb Code     0  libshutdown2.o(.ARM.Collect$$libshutdown$$0000000F)
    __rt_lib_shutdown_return                 0x08000213   Thumb Code     0  libshutdown2.o(.ARM.Collect$$libshutdown$$00000010)
    __rt_lib_shutdown_signal_1               0x08000213   Thumb Code     0  libshutdown2.o(.ARM.Collect$$libshutdown$$0000000A)
    __rt_lib_shutdown_stdio_1                0x08000213   Thumb Code     0  libshutdown2.o(.ARM.Collect$$libshutdown$$00000004)
    __rt_lib_shutdown_user_alloc_1           0x08000213   Thumb Code     0  libshutdown2.o(.ARM.Collect$$libshutdown$$0000000C)
    __rt_entry                               0x08000215   Thumb Code     0  __rtentry.o(.ARM.Collect$$rtentry$$00000000)
    __rt_entry_presh_1                       0x08000215   Thumb Code     0  __rtentry2.o(.ARM.Collect$$rtentry$$00000002)
    __rt_entry_sh                            0x08000215   Thumb Code     0  __rtentry4.o(.ARM.Collect$$rtentry$$00000004)
    __rt_entry_li                            0x0800021b   Thumb Code     0  __rtentry2.o(.ARM.Collect$$rtentry$$0000000A)
    __rt_entry_postsh_1                      0x0800021b   Thumb Code     0  __rtentry2.o(.ARM.Collect$$rtentry$$00000009)
    __rt_entry_main                          0x0800021f   Thumb Code     0  __rtentry2.o(.ARM.Collect$$rtentry$$0000000D)
    __rt_entry_postli_1                      0x0800021f   Thumb Code     0  __rtentry2.o(.ARM.Collect$$rtentry$$0000000C)
    __rt_exit                                0x08000227   Thumb Code     0  rtexit.o(.ARM.Collect$$rtexit$$00000000)
    __rt_exit_ls                             0x08000229   Thumb Code     0  rtexit2.o(.ARM.Collect$$rtexit$$00000003)
    __rt_exit_prels_1                        0x08000229   Thumb Code     0  rtexit2.o(.ARM.Collect$$rtexit$$00000002)
    __rt_exit_exit                           0x0800022d   Thumb Code     0  rtexit2.o(.ARM.Collect$$rtexit$$00000004)
    Reset_Handler                            0x08000235   Thumb Code     8  startup_stm32f10x_md.o(.text)
    ADC1_2_IRQHandler                        0x0800024f   Thumb Code     0  startup_stm32f10x_md.o(.text)
    CAN1_RX1_IRQHandler                      0x0800024f   Thumb Code     0  startup_stm32f10x_md.o(.text)
    CAN1_SCE_IRQHandler                      0x0800024f   Thumb Code     0  startup_stm32f10x_md.o(.text)
    DMA1_Channel1_IRQHandler                 0x0800024f   Thumb Code     0  startup_stm32f10x_md.o(.text)
    DMA1_Channel2_IRQHandler                 0x0800024f   Thumb Code     0  startup_stm32f10x_md.o(.text)
    DMA1_Channel3_IRQHandler                 0x0800024f   Thumb Code     0  startup_stm32f10x_md.o(.text)
    DMA1_Channel4_IRQHandler                 0x0800024f   Thumb Code     0  startup_stm32f10x_md.o(.text)
    DMA1_Channel5_IRQHandler                 0x0800024f   Thumb Code     0  startup_stm32f10x_md.o(.text)
    DMA1_Channel6_IRQHandler                 0x0800024f   Thumb Code     0  startup_stm32f10x_md.o(.text)
    DMA1_Channel7_IRQHandler                 0x0800024f   Thumb Code     0  startup_stm32f10x_md.o(.text)
    EXTI0_IRQHandler                         0x0800024f   Thumb Code     0  startup_stm32f10x_md.o(.text)
    EXTI15_10_IRQHandler                     0x0800024f   Thumb Code     0  startup_stm32f10x_md.o(.text)
    EXTI1_IRQHandler                         0x0800024f   Thumb Code     0  startup_stm32f10x_md.o(.text)
    EXTI2_IRQHandler                         0x0800024f   Thumb Code     0  startup_stm32f10x_md.o(.text)
    EXTI3_IRQHandler                         0x0800024f   Thumb Code     0  startup_stm32f10x_md.o(.text)
    EXTI4_IRQHandler                         0x0800024f   Thumb Code     0  startup_stm32f10x_md.o(.text)
    EXTI9_5_IRQHandler                       0x0800024f   Thumb Code     0  startup_stm32f10x_md.o(.text)
    FLASH_IRQHandler                         0x0800024f   Thumb Code     0  startup_stm32f10x_md.o(.text)
    I2C1_ER_IRQHandler                       0x0800024f   Thumb Code     0  startup_stm32f10x_md.o(.text)
    I2C1_EV_IRQHandler                       0x0800024f   Thumb Code     0  startup_stm32f10x_md.o(.text)
    I2C2_ER_IRQHandler                       0x0800024f   Thumb Code     0  startup_stm32f10x_md.o(.text)
    I2C2_EV_IRQHandler                       0x0800024f   Thumb Code     0  startup_stm32f10x_md.o(.text)
    PVD_IRQHandler                           0x0800024f   Thumb Code     0  startup_stm32f10x_md.o(.text)
    RCC_IRQHandler                           0x0800024f   Thumb Code     0  startup_stm32f10x_md.o(.text)
    RTCAlarm_IRQHandler                      0x0800024f   Thumb Code     0  startup_stm32f10x_md.o(.text)
    RTC_IRQHandler                           0x0800024f   Thumb Code     0  startup_stm32f10x_md.o(.text)
    SPI1_IRQHandler                          0x0800024f   Thumb Code     0  startup_stm32f10x_md.o(.text)
    SPI2_IRQHandler                          0x0800024f   Thumb Code     0  startup_stm32f10x_md.o(.text)
    TAMPER_IRQHandler                        0x0800024f   Thumb Code     0  startup_stm32f10x_md.o(.text)
    TIM1_BRK_IRQHandler                      0x0800024f   Thumb Code     0  startup_stm32f10x_md.o(.text)
    TIM1_CC_IRQHandler                       0x0800024f   Thumb Code     0  startup_stm32f10x_md.o(.text)
    TIM1_TRG_COM_IRQHandler                  0x0800024f   Thumb Code     0  startup_stm32f10x_md.o(.text)
    TIM1_UP_IRQHandler                       0x0800024f   Thumb Code     0  startup_stm32f10x_md.o(.text)
    TIM2_IRQHandler                          0x0800024f   Thumb Code     0  startup_stm32f10x_md.o(.text)
    TIM3_IRQHandler                          0x0800024f   Thumb Code     0  startup_stm32f10x_md.o(.text)
    TIM4_IRQHandler                          0x0800024f   Thumb Code     0  startup_stm32f10x_md.o(.text)
    USART2_IRQHandler                        0x0800024f   Thumb Code     0  startup_stm32f10x_md.o(.text)
    USBWakeUp_IRQHandler                     0x0800024f   Thumb Code     0  startup_stm32f10x_md.o(.text)
    USB_HP_CAN1_TX_IRQHandler                0x0800024f   Thumb Code     0  startup_stm32f10x_md.o(.text)
    USB_LP_CAN1_RX0_IRQHandler               0x0800024f   Thumb Code     0  startup_stm32f10x_md.o(.text)
    WWDG_IRQHandler                          0x0800024f   Thumb Code     0  startup_stm32f10x_md.o(.text)
    __user_initial_stackheap                 0x08000251   Thumb Code     0  startup_stm32f10x_md.o(.text)
    SystemInit                               0x08000353   Thumb Code    78  system_stm32f10x.o(.text)
    SystemCoreClockUpdate                    0x080003a1   Thumb Code   142  system_stm32f10x.o(.text)
    NVIC_PriorityGroupConfig                 0x08000455   Thumb Code    10  misc.o(.text)
    NVIC_Init                                0x0800045f   Thumb Code   100  misc.o(.text)
    NVIC_SetVectorTable                      0x080004c3   Thumb Code    14  misc.o(.text)
    NVIC_SystemLPConfig                      0x080004d1   Thumb Code    34  misc.o(.text)
    SysTick_CLKSourceConfig                  0x080004f3   Thumb Code    40  misc.o(.text)
    GPIO_DeInit                              0x08000531   Thumb Code   172  stm32f10x_gpio.o(.text)
    GPIO_AFIODeInit                          0x080005dd   Thumb Code    20  stm32f10x_gpio.o(.text)
    GPIO_Init                                0x080005f1   Thumb Code   278  stm32f10x_gpio.o(.text)
    GPIO_StructInit                          0x08000707   Thumb Code    16  stm32f10x_gpio.o(.text)
    GPIO_ReadInputDataBit                    0x08000717   Thumb Code    18  stm32f10x_gpio.o(.text)
    GPIO_ReadInputData                       0x08000729   Thumb Code     8  stm32f10x_gpio.o(.text)
    GPIO_ReadOutputDataBit                   0x08000731   Thumb Code    18  stm32f10x_gpio.o(.text)
    GPIO_ReadOutputData                      0x08000743   Thumb Code     8  stm32f10x_gpio.o(.text)
    GPIO_SetBits                             0x0800074b   Thumb Code     4  stm32f10x_gpio.o(.text)
    GPIO_ResetBits                           0x0800074f   Thumb Code     4  stm32f10x_gpio.o(.text)
    GPIO_WriteBit                            0x08000753   Thumb Code    10  stm32f10x_gpio.o(.text)
    GPIO_Write                               0x0800075d   Thumb Code     4  stm32f10x_gpio.o(.text)
    GPIO_PinLockConfig                       0x08000761   Thumb Code    18  stm32f10x_gpio.o(.text)
    GPIO_EventOutputConfig                   0x08000773   Thumb Code    26  stm32f10x_gpio.o(.text)
    GPIO_EventOutputCmd                      0x0800078d   Thumb Code     6  stm32f10x_gpio.o(.text)
    GPIO_PinRemapConfig                      0x08000793   Thumb Code   138  stm32f10x_gpio.o(.text)
    GPIO_EXTILineConfig                      0x0800081d   Thumb Code    66  stm32f10x_gpio.o(.text)
    GPIO_ETH_MediaInterfaceConfig            0x0800085f   Thumb Code     8  stm32f10x_gpio.o(.text)
    RCC_DeInit                               0x0800088d   Thumb Code    64  stm32f10x_rcc.o(.text)
    RCC_HSEConfig                            0x080008cd   Thumb Code    70  stm32f10x_rcc.o(.text)
    RCC_GetFlagStatus                        0x08000913   Thumb Code    56  stm32f10x_rcc.o(.text)
    RCC_WaitForHSEStartUp                    0x0800094b   Thumb Code    56  stm32f10x_rcc.o(.text)
    RCC_AdjustHSICalibrationValue            0x08000983   Thumb Code    20  stm32f10x_rcc.o(.text)
    RCC_HSICmd                               0x08000997   Thumb Code     6  stm32f10x_rcc.o(.text)
    RCC_PLLConfig                            0x0800099d   Thumb Code    24  stm32f10x_rcc.o(.text)
    RCC_PLLCmd                               0x080009b5   Thumb Code     6  stm32f10x_rcc.o(.text)
    RCC_SYSCLKConfig                         0x080009bb   Thumb Code    18  stm32f10x_rcc.o(.text)
    RCC_GetSYSCLKSource                      0x080009cd   Thumb Code    10  stm32f10x_rcc.o(.text)
    RCC_HCLKConfig                           0x080009d7   Thumb Code    18  stm32f10x_rcc.o(.text)
    RCC_PCLK1Config                          0x080009e9   Thumb Code    18  stm32f10x_rcc.o(.text)
    RCC_PCLK2Config                          0x080009fb   Thumb Code    20  stm32f10x_rcc.o(.text)
    RCC_ITConfig                             0x08000a0f   Thumb Code    26  stm32f10x_rcc.o(.text)
    RCC_USBCLKConfig                         0x08000a29   Thumb Code     8  stm32f10x_rcc.o(.text)
    RCC_ADCCLKConfig                         0x08000a31   Thumb Code    18  stm32f10x_rcc.o(.text)
    RCC_LSEConfig                            0x08000a43   Thumb Code    50  stm32f10x_rcc.o(.text)
    RCC_LSICmd                               0x08000a75   Thumb Code     6  stm32f10x_rcc.o(.text)
    RCC_RTCCLKConfig                         0x08000a7b   Thumb Code    12  stm32f10x_rcc.o(.text)
    RCC_RTCCLKCmd                            0x08000a87   Thumb Code     8  stm32f10x_rcc.o(.text)
    RCC_GetClocksFreq                        0x08000a8f   Thumb Code   192  stm32f10x_rcc.o(.text)
    RCC_AHBPeriphClockCmd                    0x08000b4f   Thumb Code    26  stm32f10x_rcc.o(.text)
    RCC_APB2PeriphClockCmd                   0x08000b69   Thumb Code    26  stm32f10x_rcc.o(.text)
    RCC_APB1PeriphClockCmd                   0x08000b83   Thumb Code    26  stm32f10x_rcc.o(.text)
    RCC_APB2PeriphResetCmd                   0x08000b9d   Thumb Code    26  stm32f10x_rcc.o(.text)
    RCC_APB1PeriphResetCmd                   0x08000bb7   Thumb Code    26  stm32f10x_rcc.o(.text)
    RCC_BackupResetCmd                       0x08000bd1   Thumb Code     8  stm32f10x_rcc.o(.text)
    RCC_ClockSecuritySystemCmd               0x08000bd9   Thumb Code     6  stm32f10x_rcc.o(.text)
    RCC_MCOConfig                            0x08000bdf   Thumb Code     6  stm32f10x_rcc.o(.text)
    RCC_ClearFlag                            0x08000be5   Thumb Code    14  stm32f10x_rcc.o(.text)
    RCC_GetITStatus                          0x08000bf3   Thumb Code    20  stm32f10x_rcc.o(.text)
    RCC_ClearITPendingBit                    0x08000c07   Thumb Code     6  stm32f10x_rcc.o(.text)
    USART_DeInit                             0x08000c31   Thumb Code   134  stm32f10x_usart.o(.text)
    USART_Init                               0x08000cb7   Thumb Code   210  stm32f10x_usart.o(.text)
    USART_StructInit                         0x08000d89   Thumb Code    24  stm32f10x_usart.o(.text)
    USART_ClockInit                          0x08000da1   Thumb Code    34  stm32f10x_usart.o(.text)
    USART_ClockStructInit                    0x08000dc3   Thumb Code    12  stm32f10x_usart.o(.text)
    USART_Cmd                                0x08000dcf   Thumb Code    24  stm32f10x_usart.o(.text)
    USART_ITConfig                           0x08000de7   Thumb Code    74  stm32f10x_usart.o(.text)
    USART_DMACmd                             0x08000e31   Thumb Code    18  stm32f10x_usart.o(.text)
    USART_SetAddress                         0x08000e43   Thumb Code    18  stm32f10x_usart.o(.text)
    USART_WakeUpConfig                       0x08000e55   Thumb Code    18  stm32f10x_usart.o(.text)
    USART_ReceiverWakeUpCmd                  0x08000e67   Thumb Code    24  stm32f10x_usart.o(.text)
    USART_LINBreakDetectLengthConfig         0x08000e7f   Thumb Code    18  stm32f10x_usart.o(.text)
    USART_LINCmd                             0x08000e91   Thumb Code    24  stm32f10x_usart.o(.text)
    USART_SendData                           0x08000ea9   Thumb Code     8  stm32f10x_usart.o(.text)
    USART_ReceiveData                        0x08000eb1   Thumb Code    10  stm32f10x_usart.o(.text)
    USART_SendBreak                          0x08000ebb   Thumb Code    10  stm32f10x_usart.o(.text)
    USART_SetGuardTime                       0x08000ec5   Thumb Code    16  stm32f10x_usart.o(.text)
    USART_SetPrescaler                       0x08000ed5   Thumb Code    16  stm32f10x_usart.o(.text)
    USART_SmartCardCmd                       0x08000ee5   Thumb Code    24  stm32f10x_usart.o(.text)
    USART_SmartCardNACKCmd                   0x08000efd   Thumb Code    24  stm32f10x_usart.o(.text)
    USART_HalfDuplexCmd                      0x08000f15   Thumb Code    24  stm32f10x_usart.o(.text)
    USART_OverSampling8Cmd                   0x08000f2d   Thumb Code    22  stm32f10x_usart.o(.text)
    USART_OneBitMethodCmd                    0x08000f43   Thumb Code    24  stm32f10x_usart.o(.text)
    USART_IrDAConfig                         0x08000f5b   Thumb Code    18  stm32f10x_usart.o(.text)
    USART_IrDACmd                            0x08000f6d   Thumb Code    24  stm32f10x_usart.o(.text)
    USART_GetFlagStatus                      0x08000f85   Thumb Code    26  stm32f10x_usart.o(.text)
    USART_ClearFlag                          0x08000f9f   Thumb Code    18  stm32f10x_usart.o(.text)
    USART_GetITStatus                        0x08000fb1   Thumb Code    84  stm32f10x_usart.o(.text)
    USART_ClearITPendingBit                  0x08001005   Thumb Code    52  stm32f10x_usart.o(.text)
    FLASH_SetLatency                         0x08001039   Thumb Code    18  stm32f10x_flash.o(.text)
    FLASH_HalfCycleAccessCmd                 0x0800104b   Thumb Code    22  stm32f10x_flash.o(.text)
    FLASH_PrefetchBufferCmd                  0x08001061   Thumb Code    22  stm32f10x_flash.o(.text)
    FLASH_Unlock                             0x08001077   Thumb Code    12  stm32f10x_flash.o(.text)
    FLASH_UnlockBank1                        0x08001083   Thumb Code    12  stm32f10x_flash.o(.text)
    FLASH_Lock                               0x0800108f   Thumb Code    14  stm32f10x_flash.o(.text)
    FLASH_LockBank1                          0x0800109d   Thumb Code    14  stm32f10x_flash.o(.text)
    FLASH_GetBank1Status                     0x080010ab   Thumb Code    48  stm32f10x_flash.o(.text)
    FLASH_WaitForLastOperation               0x080010db   Thumb Code    38  stm32f10x_flash.o(.text)
    FLASH_ErasePage                          0x08001101   Thumb Code    72  stm32f10x_flash.o(.text)
    FLASH_EraseAllPages                      0x08001149   Thumb Code    68  stm32f10x_flash.o(.text)
    FLASH_WaitForLastBank1Operation          0x0800118d   Thumb Code    38  stm32f10x_flash.o(.text)
    FLASH_EraseAllBank1Pages                 0x080011b3   Thumb Code    68  stm32f10x_flash.o(.text)
    FLASH_GetReadOutProtectionStatus         0x080011f7   Thumb Code    20  stm32f10x_flash.o(.text)
    FLASH_EraseOptionBytes                   0x0800120b   Thumb Code   150  stm32f10x_flash.o(.text)
    FLASH_ProgramWord                        0x080012a1   Thumb Code   102  stm32f10x_flash.o(.text)
    FLASH_ProgramHalfWord                    0x08001307   Thumb Code    60  stm32f10x_flash.o(.text)
    FLASH_ProgramOptionByteData              0x08001343   Thumb Code    72  stm32f10x_flash.o(.text)
    FLASH_EnableWriteProtection              0x0800138b   Thumb Code   200  stm32f10x_flash.o(.text)
    FLASH_ReadOutProtection                  0x08001453   Thumb Code   156  stm32f10x_flash.o(.text)
    FLASH_UserOptionByteConfig               0x080014ef   Thumb Code    88  stm32f10x_flash.o(.text)
    FLASH_GetUserOptionByte                  0x08001547   Thumb Code     8  stm32f10x_flash.o(.text)
    FLASH_GetWriteProtectionOptionByte       0x0800154f   Thumb Code     6  stm32f10x_flash.o(.text)
    FLASH_GetPrefetchBufferStatus            0x08001555   Thumb Code    20  stm32f10x_flash.o(.text)
    FLASH_ITConfig                           0x08001569   Thumb Code    26  stm32f10x_flash.o(.text)
    FLASH_GetFlagStatus                      0x08001583   Thumb Code    42  stm32f10x_flash.o(.text)
    FLASH_ClearFlag                          0x080015ad   Thumb Code     6  stm32f10x_flash.o(.text)
    FLASH_GetStatus                          0x080015b3   Thumb Code    48  stm32f10x_flash.o(.text)
    ADC_DeInit                               0x080015f5   Thumb Code    78  stm32f10x_adc.o(.text)
    ADC_Init                                 0x08001643   Thumb Code    70  stm32f10x_adc.o(.text)
    ADC_StructInit                           0x08001689   Thumb Code    18  stm32f10x_adc.o(.text)
    ADC_Cmd                                  0x0800169b   Thumb Code    22  stm32f10x_adc.o(.text)
    ADC_DMACmd                               0x080016b1   Thumb Code    22  stm32f10x_adc.o(.text)
    ADC_ITConfig                             0x080016c7   Thumb Code    24  stm32f10x_adc.o(.text)
    ADC_ResetCalibration                     0x080016df   Thumb Code    10  stm32f10x_adc.o(.text)
    ADC_GetResetCalibrationStatus            0x080016e9   Thumb Code    20  stm32f10x_adc.o(.text)
    ADC_StartCalibration                     0x080016fd   Thumb Code    10  stm32f10x_adc.o(.text)
    ADC_GetCalibrationStatus                 0x08001707   Thumb Code    20  stm32f10x_adc.o(.text)
    ADC_SoftwareStartConvCmd                 0x0800171b   Thumb Code    22  stm32f10x_adc.o(.text)
    ADC_GetSoftwareStartConvStatus           0x08001731   Thumb Code    20  stm32f10x_adc.o(.text)
    ADC_DiscModeChannelCountConfig           0x08001745   Thumb Code    24  stm32f10x_adc.o(.text)
    ADC_DiscModeCmd                          0x0800175d   Thumb Code    22  stm32f10x_adc.o(.text)
    ADC_RegularChannelConfig                 0x08001773   Thumb Code   184  stm32f10x_adc.o(.text)
    ADC_ExternalTrigConvCmd                  0x0800182b   Thumb Code    22  stm32f10x_adc.o(.text)
    ADC_GetConversionValue                   0x08001841   Thumb Code     8  stm32f10x_adc.o(.text)
    ADC_GetDualModeConversionValue           0x08001849   Thumb Code     8  stm32f10x_adc.o(.text)
    ADC_AutoInjectedConvCmd                  0x08001851   Thumb Code    22  stm32f10x_adc.o(.text)
    ADC_InjectedDiscModeCmd                  0x08001867   Thumb Code    22  stm32f10x_adc.o(.text)
    ADC_ExternalTrigInjectedConvConfig       0x0800187d   Thumb Code    16  stm32f10x_adc.o(.text)
    ADC_ExternalTrigInjectedConvCmd          0x0800188d   Thumb Code    22  stm32f10x_adc.o(.text)
    ADC_SoftwareStartInjectedConvCmd         0x080018a3   Thumb Code    22  stm32f10x_adc.o(.text)
    ADC_GetSoftwareStartInjectedConvCmdStatus 0x080018b9   Thumb Code    20  stm32f10x_adc.o(.text)
    ADC_InjectedChannelConfig                0x080018cd   Thumb Code   130  stm32f10x_adc.o(.text)
    ADC_InjectedSequencerLengthConfig        0x0800194f   Thumb Code    24  stm32f10x_adc.o(.text)
    ADC_SetInjectedOffset                    0x08001967   Thumb Code    20  stm32f10x_adc.o(.text)
    ADC_GetInjectedConversionValue           0x0800197b   Thumb Code    28  stm32f10x_adc.o(.text)
    ADC_AnalogWatchdogCmd                    0x08001997   Thumb Code    16  stm32f10x_adc.o(.text)
    ADC_AnalogWatchdogThresholdsConfig       0x080019a7   Thumb Code     6  stm32f10x_adc.o(.text)
    ADC_AnalogWatchdogSingleChannelConfig    0x080019ad   Thumb Code    16  stm32f10x_adc.o(.text)
    ADC_TempSensorVrefintCmd                 0x080019bd   Thumb Code    64  stm32f10x_adc.o(.text)
    ADC_GetFlagStatus                        0x080019fd   Thumb Code    18  stm32f10x_adc.o(.text)
    ADC_ClearFlag                            0x08001a0f   Thumb Code     6  stm32f10x_adc.o(.text)
    ADC_GetITStatus                          0x08001a15   Thumb Code    36  stm32f10x_adc.o(.text)
    ADC_ClearITPendingBit                    0x08001a39   Thumb Code    10  stm32f10x_adc.o(.text)
    DMA_DeInit                               0x08001a45   Thumb Code   324  stm32f10x_dma.o(.text)
    DMA_Init                                 0x08001b89   Thumb Code    60  stm32f10x_dma.o(.text)
    DMA_StructInit                           0x08001bc5   Thumb Code    26  stm32f10x_dma.o(.text)
    DMA_Cmd                                  0x08001bdf   Thumb Code    24  stm32f10x_dma.o(.text)
    DMA_ITConfig                             0x08001bf7   Thumb Code    18  stm32f10x_dma.o(.text)
    DMA_SetCurrDataCounter                   0x08001c09   Thumb Code     4  stm32f10x_dma.o(.text)
    DMA_GetCurrDataCounter                   0x08001c0d   Thumb Code     8  stm32f10x_dma.o(.text)
    DMA_GetFlagStatus                        0x08001c15   Thumb Code    40  stm32f10x_dma.o(.text)
    DMA_ClearFlag                            0x08001c3d   Thumb Code    22  stm32f10x_dma.o(.text)
    DMA_GetITStatus                          0x08001c53   Thumb Code    40  stm32f10x_dma.o(.text)
    DMA_ClearITPendingBit                    0x08001c7b   Thumb Code    22  stm32f10x_dma.o(.text)
    SPI_I2S_DeInit                           0x08001c99   Thumb Code    76  stm32f10x_spi.o(.text)
    SPI_Init                                 0x08001ce5   Thumb Code    60  stm32f10x_spi.o(.text)
    I2S_Init                                 0x08001d21   Thumb Code   226  stm32f10x_spi.o(.text)
    SPI_StructInit                           0x08001e03   Thumb Code    24  stm32f10x_spi.o(.text)
    I2S_StructInit                           0x08001e1b   Thumb Code    20  stm32f10x_spi.o(.text)
    SPI_Cmd                                  0x08001e2f   Thumb Code    24  stm32f10x_spi.o(.text)
    I2S_Cmd                                  0x08001e47   Thumb Code    24  stm32f10x_spi.o(.text)
    SPI_I2S_ITConfig                         0x08001e5f   Thumb Code    32  stm32f10x_spi.o(.text)
    SPI_I2S_DMACmd                           0x08001e7f   Thumb Code    18  stm32f10x_spi.o(.text)
    SPI_I2S_SendData                         0x08001e91   Thumb Code     4  stm32f10x_spi.o(.text)
    SPI_I2S_ReceiveData                      0x08001e95   Thumb Code     6  stm32f10x_spi.o(.text)
    SPI_NSSInternalSoftwareConfig            0x08001e9b   Thumb Code    30  stm32f10x_spi.o(.text)
    SPI_SSOutputCmd                          0x08001eb9   Thumb Code    24  stm32f10x_spi.o(.text)
    SPI_DataSizeConfig                       0x08001ed1   Thumb Code    18  stm32f10x_spi.o(.text)
    SPI_TransmitCRC                          0x08001ee3   Thumb Code    10  stm32f10x_spi.o(.text)
    SPI_CalculateCRC                         0x08001eed   Thumb Code    24  stm32f10x_spi.o(.text)
    SPI_GetCRC                               0x08001f05   Thumb Code    16  stm32f10x_spi.o(.text)
    SPI_GetCRCPolynomial                     0x08001f15   Thumb Code     6  stm32f10x_spi.o(.text)
    SPI_BiDirectionalLineConfig              0x08001f1b   Thumb Code    28  stm32f10x_spi.o(.text)
    SPI_I2S_GetFlagStatus                    0x08001f37   Thumb Code    18  stm32f10x_spi.o(.text)
    SPI_I2S_ClearFlag                        0x08001f49   Thumb Code     6  stm32f10x_spi.o(.text)
    SPI_I2S_GetITStatus                      0x08001f4f   Thumb Code    52  stm32f10x_spi.o(.text)
    SPI_I2S_ClearITPendingBit                0x08001f83   Thumb Code    20  stm32f10x_spi.o(.text)
    Init                                     0x08001fa5   Thumb Code    40  main.o(.text)
    main                                     0x08001fcd   Thumb Code    60  main.o(.text)
    NMI_Handler                              0x0800200d   Thumb Code     2  stm32f10x_it.o(.text)
    HardFault_Handler                        0x0800200f   Thumb Code     4  stm32f10x_it.o(.text)
    MemManage_Handler                        0x08002013   Thumb Code     4  stm32f10x_it.o(.text)
    BusFault_Handler                         0x08002017   Thumb Code     4  stm32f10x_it.o(.text)
    UsageFault_Handler                       0x0800201b   Thumb Code     4  stm32f10x_it.o(.text)
    SVC_Handler                              0x0800201f   Thumb Code     2  stm32f10x_it.o(.text)
    DebugMon_Handler                         0x08002021   Thumb Code     2  stm32f10x_it.o(.text)
    PendSV_Handler                           0x08002023   Thumb Code     2  stm32f10x_it.o(.text)
    SysTick_Handler                          0x08002025   Thumb Code     2  stm32f10x_it.o(.text)
    delay_us                                 0x08002027   Thumb Code    46  delay.o(.text)
    delay_ms                                 0x08002055   Thumb Code    26  delay.o(.text)
    delay_s                                  0x0800206f   Thumb Code    26  delay.o(.text)
    NVIC_Configuration                       0x08002089   Thumb Code    12  sys.o(.text)
    RCC_Configuration                        0x08002095   Thumb Code   100  sys.o(.text)
    _sys_exit                                0x080020f9   Thumb Code     4  usart.o(.text)
    fputc                                    0x080020fd   Thumb Code    24  usart.o(.text)
    USART1_printf                            0x08002115   Thumb Code    82  usart.o(.text)
    USART1_Init                              0x08002167   Thumb Code   152  usart.o(.text)
    USART1_IRQHandler                        0x080021ff   Thumb Code   132  usart.o(.text)
    USART3_printf                            0x08002283   Thumb Code    82  usart.o(.text)
    USART3_Init                              0x080022d5   Thumb Code   162  usart.o(.text)
    USART3_IRQHandler                        0x08002377   Thumb Code     2  usart.o(.text)
    ADC_DMA_Init                             0x08002395   Thumb Code    74  adc.o(.text)
    ADC_GPIO_Init                            0x080023df   Thumb Code    48  adc.o(.text)
    ADC_Configuration                        0x0800240f   Thumb Code   158  adc.o(.text)
    KEY_Init                                 0x080024bd   Thumb Code    32  key.o(.text)
    ws281x_show                              0x080024e1   Thumb Code    38  ws2812b.o(.text)
    ws281x_closeAll                          0x08002507   Thumb Code    46  ws2812b.o(.text)
    ws281x_init                              0x08002535   Thumb Code   210  ws2812b.o(.text)
    ws281x_color                             0x08002607   Thumb Code    12  ws2812b.o(.text)
    ws281x_setPixelColor                     0x08002613   Thumb Code    50  ws2812b.o(.text)
    ws281x_setPixelRGB                       0x08002645   Thumb Code    68  ws2812b.o(.text)
    ws281x_wheel                             0x08002689   Thumb Code   100  ws2812b.o(.text)
    ws281x_colorWipe                         0x080026ed   Thumb Code    38  ws2812b.o(.text)
    ws281x_rainbow                           0x08002713   Thumb Code    62  ws2812b.o(.text)
    ws281x_rainbowCycle                      0x08002751   Thumb Code    76  ws2812b.o(.text)
    ws281x_theaterChase                      0x0800279d   Thumb Code    92  ws2812b.o(.text)
    ws281x_theaterChaseRainbow               0x080027f9   Thumb Code   108  ws2812b.o(.text)
    ColorHSV                                 0x08002865   Thumb Code   224  ws2812b.o(.text)
    ENCODER_Init                             0x08002945   Thumb Code    52  encoder.o(.text)
    ENCODER_READ                             0x08002979   Thumb Code   168  encoder.o(.text)
    __use_no_semihosting                     0x08002a31   Thumb Code     2  use_no_semi_2.o(.text)
    vsnprintf                                0x08002a35   Thumb Code    48  vsnprintf.o(.text)
    __2printf                                0x08002a69   Thumb Code    20  __2printf.o(.text)
    _printf_str                              0x08002a81   Thumb Code    82  _printf_str.o(.text)
    _printf_int_dec                          0x08002ad5   Thumb Code   104  _printf_dec.o(.text)
    __printf                                 0x08002b4d   Thumb Code   388  __printf_flags_ss_wp.o(.text)
    strlen                                   0x08002cd5   Thumb Code    62  strlen.o(.text)
    __use_two_region_memory                  0x08002d13   Thumb Code     2  heapauxi.o(.text)
    __rt_heap_escrow$2region                 0x08002d15   Thumb Code     2  heapauxi.o(.text)
    __rt_heap_expand$2region                 0x08002d17   Thumb Code     2  heapauxi.o(.text)
    __I$use$semihosting                      0x08002d19   Thumb Code     0  use_no_semi.o(.text)
    __use_no_semihosting_swi                 0x08002d19   Thumb Code     2  use_no_semi.o(.text)
    _printf_pre_padding                      0x08002d1b   Thumb Code    44  _printf_pad.o(.text)
    _printf_post_padding                     0x08002d47   Thumb Code    34  _printf_pad.o(.text)
    _printf_truncate_signed                  0x08002d69   Thumb Code    18  _printf_truncate.o(.text)
    _printf_truncate_unsigned                0x08002d7b   Thumb Code    18  _printf_truncate.o(.text)
    _printf_int_common                       0x08002d8d   Thumb Code   178  _printf_intcommon.o(.text)
    _printf_charcount                        0x08002e3f   Thumb Code    40  _printf_charcount.o(.text)
    _printf_char_common                      0x08002e73   Thumb Code    32  _printf_char_common.o(.text)
    _sputc                                   0x08002e99   Thumb Code    10  _sputc.o(.text)
    _snputc                                  0x08002ea3   Thumb Code    16  _snputc.o(.text)
    _printf_cs_common                        0x08002eb3   Thumb Code    20  _printf_char.o(.text)
    _printf_char                             0x08002ec7   Thumb Code    16  _printf_char.o(.text)
    _printf_string                           0x08002ed7   Thumb Code     8  _printf_char.o(.text)
    _printf_char_file                        0x08002ee1   Thumb Code    32  _printf_char_file.o(.text)
    _printf_wctomb                           0x08002f05   Thumb Code   182  _printf_wctomb.o(.text)
    _printf_longlong_dec                     0x08002fc1   Thumb Code   108  _printf_longlong_dec.o(.text)
    _printf_longlong_oct                     0x0800303d   Thumb Code    66  _printf_oct_int_ll.o(.text)
    _printf_int_oct                          0x0800307f   Thumb Code    24  _printf_oct_int_ll.o(.text)
    _printf_ll_oct                           0x08003097   Thumb Code    12  _printf_oct_int_ll.o(.text)
    _printf_longlong_hex                     0x080030ad   Thumb Code    86  _printf_hex_int_ll_ptr.o(.text)
    _printf_int_hex                          0x08003103   Thumb Code    28  _printf_hex_int_ll_ptr.o(.text)
    _printf_ll_hex                           0x0800311f   Thumb Code    12  _printf_hex_int_ll_ptr.o(.text)
    _printf_hex_ptr                          0x0800312b   Thumb Code    18  _printf_hex_int_ll_ptr.o(.text)
    _ll_udiv10                               0x08003141   Thumb Code   138  lludiv10.o(.text)
    __lib_sel_fp_printf                      0x080031cb   Thumb Code     2  _printf_fp_dec.o(.text)
    _printf_fp_dec_real                      0x0800337d   Thumb Code   620  _printf_fp_dec.o(.text)
    _printf_fp_hex_real                      0x080035e9   Thumb Code   756  _printf_fp_hex.o(.text)
    _printf_lcs_common                       0x080038e5   Thumb Code    20  _printf_wchar.o(.text)
    _printf_wchar                            0x080038f9   Thumb Code    16  _printf_wchar.o(.text)
    _printf_wstring                          0x08003909   Thumb Code     8  _printf_wchar.o(.text)
    ferror                                   0x08003911   Thumb Code     8  ferror.o(.text)
    _wcrtomb                                 0x08003919   Thumb Code    64  _wcrtomb.o(.text)
    __user_setup_stackheap                   0x08003959   Thumb Code    74  sys_stackheap_outer.o(.text)
    __rt_ctype_table                         0x080039a5   Thumb Code    16  rt_ctype_table.o(.text)
    __rt_locale                              0x080039b5   Thumb Code     8  rt_locale_intlibspace.o(.text)
    _printf_fp_infnan                        0x080039bd   Thumb Code   112  _printf_fp_infnan.o(.text)
    _btod_etento                             0x08003a3d   Thumb Code   224  bigflt0.o(.text)
    exit                                     0x08003b21   Thumb Code    18  exit.o(.text)
    __user_libspace                          0x08003b35   Thumb Code     8  libspace.o(.text)
    __user_perproc_libspace                  0x08003b35   Thumb Code     0  libspace.o(.text)
    __user_perthread_libspace                0x08003b35   Thumb Code     0  libspace.o(.text)
    strcmp                                   0x08003b3d   Thumb Code   128  strcmpv7m.o(.text)
    _btod_d2e                                0x08003bbd   Thumb Code    62  btod.o(CL$$btod_d2e)
    _d2e_denorm_low                          0x08003bfb   Thumb Code    70  btod.o(CL$$btod_d2e_denorm_low)
    _d2e_norm_op1                            0x08003c41   Thumb Code    96  btod.o(CL$$btod_d2e_norm_op1)
    __btod_div_common                        0x08003ca1   Thumb Code   696  btod.o(CL$$btod_div_common)
    _e2e                                     0x08003fd9   Thumb Code   220  btod.o(CL$$btod_e2e)
    _btod_ediv                               0x080040b5   Thumb Code    42  btod.o(CL$$btod_ediv)
    _btod_emul                               0x080040df   Thumb Code    42  btod.o(CL$$btod_emul)
    __btod_mult_common                       0x08004109   Thumb Code   580  btod.o(CL$$btod_mult_common)
    __ARM_fpclassify                         0x0800434d   Thumb Code    40  fpclassify.o(i.__ARM_fpclassify)
    _is_digit                                0x08004375   Thumb Code    14  __printf_wp.o(i._is_digit)
    _get_lc_numeric                          0x08004385   Thumb Code    44  lc_numeric_c.o(locale$$code)
    _get_lc_ctype                            0x080043b1   Thumb Code    44  lc_ctype_c.o(locale$$code)
    _printf_fp_dec                           0x080043dd   Thumb Code     4  printf1.o(x$fpl$printf1)
    _printf_fp_hex                           0x080043e1   Thumb Code     4  printf2.o(x$fpl$printf2)
    __I$use$fp                               0x080043e4   Number         0  usenofp.o(x$fpl$usenofp)
    Region$$Table$$Base                      0x080044e4   Number         0  anon$$obj.o(Region$$Table)
    Region$$Table$$Limit                     0x08004504   Number         0  anon$$obj.o(Region$$Table)
    __ctype                                  0x0800452d   Data           0  lc_ctype_c.o(locale$$data)
    SystemCoreClock                          0x20000000   Data           4  system_stm32f10x.o(.data)
    AHBPrescTable                            0x20000004   Data          16  system_stm32f10x.o(.data)
    __stdout                                 0x20000028   Data           4  usart.o(.data)
    USART1_RX_STA                            0x2000002c   Data           2  usart.o(.data)
    USART3_RX_STA                            0x2000002e   Data           2  usart.o(.data)
    ADC_DMA_IN                               0x20000030   Data           4  adc.o(.data)
    KUP                                      0x20000034   Data           1  encoder.o(.data)
    cou                                      0x20000036   Data           2  encoder.o(.data)
    USART1_RX_BUF                            0x20000038   Data         200  usart.o(.bss)
    USART3_RX_BUF                            0x20000100   Data         200  usart.o(.bss)
    pixelBuffer                              0x200001c8   Data        1440  ws2812b.o(.bss)
    __libspace_start                         0x20000768   Data          96  libspace.o(.bss)
    __temporary_stack_top$libspace           0x200007c8   Data           0  libspace.o(.bss)



==============================================================================

Memory Map of the image

  Image Entry point : 0x080000ed

  Load Region LR_IROM1 (Base: 0x08000000, Size: 0x00004668, Max: 0x00010000, ABSOLUTE)

    Execution Region ER_IROM1 (Exec base: 0x08000000, Load base: 0x08000000, Size: 0x00004630, Max: 0x00010000, ABSOLUTE)

    Exec Addr    Load Addr    Size         Type   Attr      Idx    E Section Name        Object

    0x08000000   0x08000000   0x000000ec   Data   RO            3    RESET               startup_stm32f10x_md.o
    0x080000ec   0x080000ec   0x00000008   Code   RO          549  * !!!main             c_w.l(__main.o)
    0x080000f4   0x080000f4   0x00000034   Code   RO          847    !!!scatter          c_w.l(__scatter.o)
    0x08000128   0x08000128   0x0000001a   Code   RO          849    !!handler_copy      c_w.l(__scatter_copy.o)
    0x08000142   0x08000142   0x00000002   PAD
    0x08000144   0x08000144   0x0000001c   Code   RO          851    !!handler_zi        c_w.l(__scatter_zi.o)
    0x08000160   0x08000160   0x00000000   Code   RO          544    .ARM.Collect$$_printf_percent$$00000000  c_w.l(_printf_percent.o)
    0x08000160   0x08000160   0x00000006   Code   RO          605    .ARM.Collect$$_printf_percent$$00000001  c_w.l(_printf_n.o)
    0x08000166   0x08000166   0x00000006   Code   RO          607    .ARM.Collect$$_printf_percent$$00000002  c_w.l(_printf_p.o)
    0x0800016c   0x0800016c   0x00000006   Code   RO          611    .ARM.Collect$$_printf_percent$$00000003  c_w.l(_printf_f.o)
    0x08000172   0x08000172   0x00000006   Code   RO          612    .ARM.Collect$$_printf_percent$$00000004  c_w.l(_printf_e.o)
    0x08000178   0x08000178   0x00000006   Code   RO          613    .ARM.Collect$$_printf_percent$$00000005  c_w.l(_printf_g.o)
    0x0800017e   0x0800017e   0x00000006   Code   RO          614    .ARM.Collect$$_printf_percent$$00000006  c_w.l(_printf_a.o)
    0x08000184   0x08000184   0x0000000a   Code   RO          619    .ARM.Collect$$_printf_percent$$00000007  c_w.l(_printf_ll.o)
    0x0800018e   0x0800018e   0x00000006   Code   RO          609    .ARM.Collect$$_printf_percent$$00000008  c_w.l(_printf_i.o)
    0x08000194   0x08000194   0x00000006   Code   RO          543    .ARM.Collect$$_printf_percent$$00000009  c_w.l(_printf_d.o)
    0x0800019a   0x0800019a   0x00000006   Code   RO          610    .ARM.Collect$$_printf_percent$$0000000A  c_w.l(_printf_u.o)
    0x080001a0   0x080001a0   0x00000006   Code   RO          608    .ARM.Collect$$_printf_percent$$0000000B  c_w.l(_printf_o.o)
    0x080001a6   0x080001a6   0x00000006   Code   RO          606    .ARM.Collect$$_printf_percent$$0000000C  c_w.l(_printf_x.o)
    0x080001ac   0x080001ac   0x00000006   Code   RO          616    .ARM.Collect$$_printf_percent$$0000000D  c_w.l(_printf_lli.o)
    0x080001b2   0x080001b2   0x00000006   Code   RO          617    .ARM.Collect$$_printf_percent$$0000000E  c_w.l(_printf_lld.o)
    0x080001b8   0x080001b8   0x00000006   Code   RO          618    .ARM.Collect$$_printf_percent$$0000000F  c_w.l(_printf_llu.o)
    0x080001be   0x080001be   0x00000006   Code   RO          623    .ARM.Collect$$_printf_percent$$00000010  c_w.l(_printf_llo.o)
    0x080001c4   0x080001c4   0x00000006   Code   RO          624    .ARM.Collect$$_printf_percent$$00000011  c_w.l(_printf_llx.o)
    0x080001ca   0x080001ca   0x0000000a   Code   RO          620    .ARM.Collect$$_printf_percent$$00000012  c_w.l(_printf_l.o)
    0x080001d4   0x080001d4   0x00000006   Code   RO          542    .ARM.Collect$$_printf_percent$$00000013  c_w.l(_printf_c.o)
    0x080001da   0x080001da   0x00000006   Code   RO          604    .ARM.Collect$$_printf_percent$$00000014  c_w.l(_printf_s.o)
    0x080001e0   0x080001e0   0x00000006   Code   RO          621    .ARM.Collect$$_printf_percent$$00000015  c_w.l(_printf_lc.o)
    0x080001e6   0x080001e6   0x00000006   Code   RO          622    .ARM.Collect$$_printf_percent$$00000016  c_w.l(_printf_ls.o)
    0x080001ec   0x080001ec   0x00000004   Code   RO          615    .ARM.Collect$$_printf_percent$$00000017  c_w.l(_printf_percent_end.o)
    0x080001f0   0x080001f0   0x00000002   Code   RO          711    .ARM.Collect$$libinit$$00000000  c_w.l(libinit.o)
    0x080001f2   0x080001f2   0x00000000   Code   RO          728    .ARM.Collect$$libinit$$00000002  c_w.l(libinit2.o)
    0x080001f2   0x080001f2   0x00000000   Code   RO          730    .ARM.Collect$$libinit$$00000004  c_w.l(libinit2.o)
    0x080001f2   0x080001f2   0x00000000   Code   RO          733    .ARM.Collect$$libinit$$0000000A  c_w.l(libinit2.o)
    0x080001f2   0x080001f2   0x00000000   Code   RO          735    .ARM.Collect$$libinit$$0000000C  c_w.l(libinit2.o)
    0x080001f2   0x080001f2   0x00000000   Code   RO          737    .ARM.Collect$$libinit$$0000000E  c_w.l(libinit2.o)
    0x080001f2   0x080001f2   0x00000006   Code   RO          738    .ARM.Collect$$libinit$$0000000F  c_w.l(libinit2.o)
    0x080001f8   0x080001f8   0x00000000   Code   RO          740    .ARM.Collect$$libinit$$00000011  c_w.l(libinit2.o)
    0x080001f8   0x080001f8   0x0000000c   Code   RO          741    .ARM.Collect$$libinit$$00000012  c_w.l(libinit2.o)
    0x08000204   0x08000204   0x00000000   Code   RO          742    .ARM.Collect$$libinit$$00000013  c_w.l(libinit2.o)
    0x08000204   0x08000204   0x00000000   Code   RO          744    .ARM.Collect$$libinit$$00000015  c_w.l(libinit2.o)
    0x08000204   0x08000204   0x0000000a   Code   RO          745    .ARM.Collect$$libinit$$00000016  c_w.l(libinit2.o)
    0x0800020e   0x0800020e   0x00000000   Code   RO          746    .ARM.Collect$$libinit$$00000017  c_w.l(libinit2.o)
    0x0800020e   0x0800020e   0x00000000   Code   RO          748    .ARM.Collect$$libinit$$00000019  c_w.l(libinit2.o)
    0x0800020e   0x0800020e   0x00000000   Code   RO          750    .ARM.Collect$$libinit$$0000001B  c_w.l(libinit2.o)
    0x0800020e   0x0800020e   0x00000000   Code   RO          752    .ARM.Collect$$libinit$$0000001D  c_w.l(libinit2.o)
    0x0800020e   0x0800020e   0x00000000   Code   RO          754    .ARM.Collect$$libinit$$0000001F  c_w.l(libinit2.o)
    0x0800020e   0x0800020e   0x00000000   Code   RO          756    .ARM.Collect$$libinit$$00000021  c_w.l(libinit2.o)
    0x0800020e   0x0800020e   0x00000000   Code   RO          758    .ARM.Collect$$libinit$$00000023  c_w.l(libinit2.o)
    0x0800020e   0x0800020e   0x00000000   Code   RO          760    .ARM.Collect$$libinit$$00000025  c_w.l(libinit2.o)
    0x0800020e   0x0800020e   0x00000000   Code   RO          764    .ARM.Collect$$libinit$$0000002C  c_w.l(libinit2.o)
    0x0800020e   0x0800020e   0x00000000   Code   RO          766    .ARM.Collect$$libinit$$0000002E  c_w.l(libinit2.o)
    0x0800020e   0x0800020e   0x00000000   Code   RO          768    .ARM.Collect$$libinit$$00000030  c_w.l(libinit2.o)
    0x0800020e   0x0800020e   0x00000000   Code   RO          770    .ARM.Collect$$libinit$$00000032  c_w.l(libinit2.o)
    0x0800020e   0x0800020e   0x00000002   Code   RO          771    .ARM.Collect$$libinit$$00000033  c_w.l(libinit2.o)
    0x08000210   0x08000210   0x00000002   Code   RO          789    .ARM.Collect$$libshutdown$$00000000  c_w.l(libshutdown.o)
    0x08000212   0x08000212   0x00000000   Code   RO          799    .ARM.Collect$$libshutdown$$00000002  c_w.l(libshutdown2.o)
    0x08000212   0x08000212   0x00000000   Code   RO          801    .ARM.Collect$$libshutdown$$00000004  c_w.l(libshutdown2.o)
    0x08000212   0x08000212   0x00000000   Code   RO          804    .ARM.Collect$$libshutdown$$00000007  c_w.l(libshutdown2.o)
    0x08000212   0x08000212   0x00000000   Code   RO          807    .ARM.Collect$$libshutdown$$0000000A  c_w.l(libshutdown2.o)
    0x08000212   0x08000212   0x00000000   Code   RO          809    .ARM.Collect$$libshutdown$$0000000C  c_w.l(libshutdown2.o)
    0x08000212   0x08000212   0x00000000   Code   RO          812    .ARM.Collect$$libshutdown$$0000000F  c_w.l(libshutdown2.o)
    0x08000212   0x08000212   0x00000002   Code   RO          813    .ARM.Collect$$libshutdown$$00000010  c_w.l(libshutdown2.o)
    0x08000214   0x08000214   0x00000000   Code   RO          553    .ARM.Collect$$rtentry$$00000000  c_w.l(__rtentry.o)
    0x08000214   0x08000214   0x00000000   Code   RO          634    .ARM.Collect$$rtentry$$00000002  c_w.l(__rtentry2.o)
    0x08000214   0x08000214   0x00000006   Code   RO          646    .ARM.Collect$$rtentry$$00000004  c_w.l(__rtentry4.o)
    0x0800021a   0x0800021a   0x00000000   Code   RO          636    .ARM.Collect$$rtentry$$00000009  c_w.l(__rtentry2.o)
    0x0800021a   0x0800021a   0x00000004   Code   RO          637    .ARM.Collect$$rtentry$$0000000A  c_w.l(__rtentry2.o)
    0x0800021e   0x0800021e   0x00000000   Code   RO          639    .ARM.Collect$$rtentry$$0000000C  c_w.l(__rtentry2.o)
    0x0800021e   0x0800021e   0x00000008   Code   RO          640    .ARM.Collect$$rtentry$$0000000D  c_w.l(__rtentry2.o)
    0x08000226   0x08000226   0x00000002   Code   RO          720    .ARM.Collect$$rtexit$$00000000  c_w.l(rtexit.o)
    0x08000228   0x08000228   0x00000000   Code   RO          773    .ARM.Collect$$rtexit$$00000002  c_w.l(rtexit2.o)
    0x08000228   0x08000228   0x00000004   Code   RO          774    .ARM.Collect$$rtexit$$00000003  c_w.l(rtexit2.o)
    0x0800022c   0x0800022c   0x00000006   Code   RO          775    .ARM.Collect$$rtexit$$00000004  c_w.l(rtexit2.o)
    0x08000232   0x08000232   0x00000002   PAD
    0x08000234   0x08000234   0x00000040   Code   RO            4    .text               startup_stm32f10x_md.o
    0x08000274   0x08000274   0x000001e0   Code   RO           24    .text               system_stm32f10x.o
    0x08000454   0x08000454   0x000000dc   Code   RO          121    .text               misc.o
    0x08000530   0x08000530   0x0000035c   Code   RO          156    .text               stm32f10x_gpio.o
    0x0800088c   0x0800088c   0x000003a4   Code   RO          168    .text               stm32f10x_rcc.o
    0x08000c30   0x08000c30   0x00000408   Code   RO          182    .text               stm32f10x_usart.o
    0x08001038   0x08001038   0x000005bc   Code   RO          230    .text               stm32f10x_flash.o
    0x080015f4   0x080015f4   0x0000044e   Code   RO          254    .text               stm32f10x_adc.o
    0x08001a42   0x08001a42   0x00000002   PAD
    0x08001a44   0x08001a44   0x00000254   Code   RO          266    .text               stm32f10x_dma.o
    0x08001c98   0x08001c98   0x0000030c   Code   RO          290    .text               stm32f10x_spi.o
    0x08001fa4   0x08001fa4   0x00000068   Code   RO          302    .text               main.o
    0x0800200c   0x0800200c   0x0000001a   Code   RO          350    .text               stm32f10x_it.o
    0x08002026   0x08002026   0x00000062   Code   RO          365    .text               delay.o
    0x08002088   0x08002088   0x00000070   Code   RO          380    .text               sys.o
    0x080020f8   0x080020f8   0x0000029c   Code   RO          395    .text               usart.o
    0x08002394   0x08002394   0x00000128   Code   RO          422    .text               adc.o
    0x080024bc   0x080024bc   0x00000024   Code   RO          455    .text               key.o
    0x080024e0   0x080024e0   0x00000464   Code   RO          470    .text               ws2812b.o
    0x08002944   0x08002944   0x000000ec   Code   RO          488    .text               encoder.o
    0x08002a30   0x08002a30   0x00000002   Code   RO          508    .text               c_w.l(use_no_semi_2.o)
    0x08002a32   0x08002a32   0x00000002   PAD
    0x08002a34   0x08002a34   0x00000034   Code   RO          510    .text               c_w.l(vsnprintf.o)
    0x08002a68   0x08002a68   0x00000018   Code   RO          512    .text               c_w.l(__2printf.o)
    0x08002a80   0x08002a80   0x00000052   Code   RO          518    .text               c_w.l(_printf_str.o)
    0x08002ad2   0x08002ad2   0x00000002   PAD
    0x08002ad4   0x08002ad4   0x00000078   Code   RO          520    .text               c_w.l(_printf_dec.o)
    0x08002b4c   0x08002b4c   0x00000188   Code   RO          539    .text               c_w.l(__printf_flags_ss_wp.o)
    0x08002cd4   0x08002cd4   0x0000003e   Code   RO          545    .text               c_w.l(strlen.o)
    0x08002d12   0x08002d12   0x00000006   Code   RO          547    .text               c_w.l(heapauxi.o)
    0x08002d18   0x08002d18   0x00000002   Code   RO          551    .text               c_w.l(use_no_semi.o)
    0x08002d1a   0x08002d1a   0x0000004e   Code   RO          554    .text               c_w.l(_printf_pad.o)
    0x08002d68   0x08002d68   0x00000024   Code   RO          556    .text               c_w.l(_printf_truncate.o)
    0x08002d8c   0x08002d8c   0x000000b2   Code   RO          558    .text               c_w.l(_printf_intcommon.o)
    0x08002e3e   0x08002e3e   0x00000028   Code   RO          560    .text               c_w.l(_printf_charcount.o)
    0x08002e66   0x08002e66   0x00000002   PAD
    0x08002e68   0x08002e68   0x00000030   Code   RO          562    .text               c_w.l(_printf_char_common.o)
    0x08002e98   0x08002e98   0x0000000a   Code   RO          564    .text               c_w.l(_sputc.o)
    0x08002ea2   0x08002ea2   0x00000010   Code   RO          566    .text               c_w.l(_snputc.o)
    0x08002eb2   0x08002eb2   0x0000002c   Code   RO          568    .text               c_w.l(_printf_char.o)
    0x08002ede   0x08002ede   0x00000002   PAD
    0x08002ee0   0x08002ee0   0x00000024   Code   RO          570    .text               c_w.l(_printf_char_file.o)
    0x08002f04   0x08002f04   0x000000bc   Code   RO          572    .text               c_w.l(_printf_wctomb.o)
    0x08002fc0   0x08002fc0   0x0000007c   Code   RO          575    .text               c_w.l(_printf_longlong_dec.o)
    0x0800303c   0x0800303c   0x00000070   Code   RO          581    .text               c_w.l(_printf_oct_int_ll.o)
    0x080030ac   0x080030ac   0x00000094   Code   RO          601    .text               c_w.l(_printf_hex_int_ll_ptr.o)
    0x08003140   0x08003140   0x0000008a   Code   RO          648    .text               c_w.l(lludiv10.o)
    0x080031ca   0x080031ca   0x0000041e   Code   RO          650    .text               c_w.l(_printf_fp_dec.o)
    0x080035e8   0x080035e8   0x000002fc   Code   RO          652    .text               c_w.l(_printf_fp_hex.o)
    0x080038e4   0x080038e4   0x0000002c   Code   RO          657    .text               c_w.l(_printf_wchar.o)
    0x08003910   0x08003910   0x00000008   Code   RO          659    .text               c_w.l(ferror.o)
    0x08003918   0x08003918   0x00000040   Code   RO          663    .text               c_w.l(_wcrtomb.o)
    0x08003958   0x08003958   0x0000004a   Code   RO          665    .text               c_w.l(sys_stackheap_outer.o)
    0x080039a2   0x080039a2   0x00000002   PAD
    0x080039a4   0x080039a4   0x00000010   Code   RO          667    .text               c_w.l(rt_ctype_table.o)
    0x080039b4   0x080039b4   0x00000008   Code   RO          672    .text               c_w.l(rt_locale_intlibspace.o)
    0x080039bc   0x080039bc   0x00000080   Code   RO          674    .text               c_w.l(_printf_fp_infnan.o)
    0x08003a3c   0x08003a3c   0x000000e4   Code   RO          676    .text               c_w.l(bigflt0.o)
    0x08003b20   0x08003b20   0x00000012   Code   RO          704    .text               c_w.l(exit.o)
    0x08003b32   0x08003b32   0x00000002   PAD
    0x08003b34   0x08003b34   0x00000008   Code   RO          717    .text               c_w.l(libspace.o)
    0x08003b3c   0x08003b3c   0x00000080   Code   RO          725    .text               c_w.l(strcmpv7m.o)
    0x08003bbc   0x08003bbc   0x0000003e   Code   RO          679    CL$$btod_d2e        c_w.l(btod.o)
    0x08003bfa   0x08003bfa   0x00000046   Code   RO          681    CL$$btod_d2e_denorm_low  c_w.l(btod.o)
    0x08003c40   0x08003c40   0x00000060   Code   RO          680    CL$$btod_d2e_norm_op1  c_w.l(btod.o)
    0x08003ca0   0x08003ca0   0x00000338   Code   RO          689    CL$$btod_div_common  c_w.l(btod.o)
    0x08003fd8   0x08003fd8   0x000000dc   Code   RO          686    CL$$btod_e2e        c_w.l(btod.o)
    0x080040b4   0x080040b4   0x0000002a   Code   RO          683    CL$$btod_ediv       c_w.l(btod.o)
    0x080040de   0x080040de   0x0000002a   Code   RO          682    CL$$btod_emul       c_w.l(btod.o)
    0x08004108   0x08004108   0x00000244   Code   RO          688    CL$$btod_mult_common  c_w.l(btod.o)
    0x0800434c   0x0800434c   0x00000028   Code   RO          715    i.__ARM_fpclassify  m_ws.l(fpclassify.o)
    0x08004374   0x08004374   0x0000000e   Code   RO          532    i._is_digit         c_w.l(__printf_wp.o)
    0x08004382   0x08004382   0x00000002   PAD
    0x08004384   0x08004384   0x0000002c   Code   RO          702    locale$$code        c_w.l(lc_numeric_c.o)
    0x080043b0   0x080043b0   0x0000002c   Code   RO          723    locale$$code        c_w.l(lc_ctype_c.o)
    0x080043dc   0x080043dc   0x00000004   Code   RO          625    x$fpl$printf1       fz_ws.l(printf1.o)
    0x080043e0   0x080043e0   0x00000004   Code   RO          627    x$fpl$printf2       fz_ws.l(printf2.o)
    0x080043e4   0x080043e4   0x00000000   Code   RO          714    x$fpl$usenofp       fz_ws.l(usenofp.o)
    0x080043e4   0x080043e4   0x00000011   Data   RO          540    .constdata          c_w.l(__printf_flags_ss_wp.o)
    0x080043f5   0x080043f5   0x00000003   PAD
    0x080043f8   0x080043f8   0x00000008   Data   RO          573    .constdata          c_w.l(_printf_wctomb.o)
    0x08004400   0x08004400   0x00000028   Data   RO          602    .constdata          c_w.l(_printf_hex_int_ll_ptr.o)
    0x08004428   0x08004428   0x00000026   Data   RO          653    .constdata          c_w.l(_printf_fp_hex.o)
    0x0800444e   0x0800444e   0x00000002   PAD
    0x08004450   0x08004450   0x00000094   Data   RO          677    .constdata          c_w.l(bigflt0.o)
    0x080044e4   0x080044e4   0x00000020   Data   RO          845    Region$$Table       anon$$obj.o
    0x08004504   0x08004504   0x0000001c   Data   RO          701    locale$$data        c_w.l(lc_numeric_c.o)
    0x08004520   0x08004520   0x00000110   Data   RO          722    locale$$data        c_w.l(lc_ctype_c.o)


    Execution Region RW_IRAM1 (Exec base: 0x20000000, Load base: 0x08004630, Size: 0x00000dc8, Max: 0x00005000, ABSOLUTE)

    Exec Addr    Load Addr    Size         Type   Attr      Idx    E Section Name        Object

    0x20000000   0x08004630   0x00000014   Data   RW           25    .data               system_stm32f10x.o
    0x20000014   0x08004644   0x00000014   Data   RW          169    .data               stm32f10x_rcc.o
    0x20000028   0x08004658   0x00000008   Data   RW          397    .data               usart.o
    0x20000030   0x08004660   0x00000004   Data   RW          423    .data               adc.o
    0x20000034   0x08004664   0x00000004   Data   RW          489    .data               encoder.o
    0x20000038        -       0x00000190   Zero   RW          396    .bss                usart.o
    0x200001c8        -       0x000005a0   Zero   RW          471    .bss                ws2812b.o
    0x20000768        -       0x00000060   Zero   RW          718    .bss                c_w.l(libspace.o)
    0x200007c8        -       0x00000200   Zero   RW            2    HEAP                startup_stm32f10x_md.o
    0x200009c8        -       0x00000400   Zero   RW            1    STACK               startup_stm32f10x_md.o


==============================================================================

Image component sizes


      Code (inc. data)   RO Data    RW Data    ZI Data      Debug   Object Name

       296         16          0          4          0       1396   adc.o
         0          0          0          0          0       4532   core_cm3.o
        98          0          0          0          0        824   delay.o
       236         16          0          4          0        994   encoder.o
        36          4          0          0          0        447   key.o
       104          4          0          0          0        608   main.o
       220         22          0          0          0     213985   misc.o
        64         26        236          0       1536        808   startup_stm32f10x_md.o
      1102         26          0          0          0      10917   stm32f10x_adc.o
       596          8          0          0          0       4242   stm32f10x_dma.o
      1468         34          0          0          0       8086   stm32f10x_flash.o
       860         38          0          0          0       5613   stm32f10x_gpio.o
        26          0          0          0          0       1178   stm32f10x_it.o
       932         36          0         20          0       8752   stm32f10x_rcc.o
       780         14          0          0          0       6490   stm32f10x_spi.o
      1032         22          0          0          0       8336   stm32f10x_usart.o
       112          0          0          0          0        659   sys.o
       480         38          0         20          0      47647   system_stm32f10x.o
       668         28          0          8        400       4908   usart.o
      1124         16          0          0       1440       5190   ws2812b.o

    ----------------------------------------------------------------------
     10236        348        268         56       3376     335612   Object Totals
         0          0         32          0          0          0   (incl. Generated)
         2          0          0          0          0          0   (incl. Padding)

    ----------------------------------------------------------------------

      Code (inc. data)   RO Data    RW Data    ZI Data      Debug   Library Member Name

        24          4          0          0          0         84   __2printf.o
         8          0          0          0          0         68   __main.o
       392          4         17          0          0         92   __printf_flags_ss_wp.o
        14          0          0          0          0         68   __printf_wp.o
         0          0          0          0          0          0   __rtentry.o
        12          0          0          0          0          0   __rtentry2.o
         6          0          0          0          0          0   __rtentry4.o
        52          8          0          0          0          0   __scatter.o
        26          0          0          0          0          0   __scatter_copy.o
        28          0          0          0          0          0   __scatter_zi.o
         6          0          0          0          0          0   _printf_a.o
         6          0          0          0          0          0   _printf_c.o
        44          0          0          0          0        108   _printf_char.o
        48          6          0          0          0         96   _printf_char_common.o
        36          4          0          0          0         80   _printf_char_file.o
        40          0          0          0          0         68   _printf_charcount.o
         6          0          0          0          0          0   _printf_d.o
       120         16          0          0          0         92   _printf_dec.o
         6          0          0          0          0          0   _printf_e.o
         6          0          0          0          0          0   _printf_f.o
      1054          0          0          0          0        216   _printf_fp_dec.o
       764          8         38          0          0        100   _printf_fp_hex.o
       128         16          0          0          0         84   _printf_fp_infnan.o
         6          0          0          0          0          0   _printf_g.o
       148          4         40          0          0        160   _printf_hex_int_ll_ptr.o
         6          0          0          0          0          0   _printf_i.o
       178          0          0          0          0         88   _printf_intcommon.o
        10          0          0          0          0          0   _printf_l.o
         6          0          0          0          0          0   _printf_lc.o
        10          0          0          0          0          0   _printf_ll.o
         6          0          0          0          0          0   _printf_lld.o
         6          0          0          0          0          0   _printf_lli.o
         6          0          0          0          0          0   _printf_llo.o
         6          0          0          0          0          0   _printf_llu.o
         6          0          0          0          0          0   _printf_llx.o
       124         16          0          0          0         92   _printf_longlong_dec.o
         6          0          0          0          0          0   _printf_ls.o
         6          0          0          0          0          0   _printf_n.o
         6          0          0          0          0          0   _printf_o.o
       112         10          0          0          0        124   _printf_oct_int_ll.o
         6          0          0          0          0          0   _printf_p.o
        78          0          0          0          0        108   _printf_pad.o
         0          0          0          0          0          0   _printf_percent.o
         4          0          0          0          0          0   _printf_percent_end.o
         6          0          0          0          0          0   _printf_s.o
        82          0          0          0          0         80   _printf_str.o
        36          0          0          0          0         84   _printf_truncate.o
         6          0          0          0          0          0   _printf_u.o
        44          0          0          0          0        108   _printf_wchar.o
       188          6          8          0          0         92   _printf_wctomb.o
         6          0          0          0          0          0   _printf_x.o
        16          0          0          0          0         68   _snputc.o
        10          0          0          0          0         68   _sputc.o
        64          0          0          0          0         92   _wcrtomb.o
       228          4        148          0          0         96   bigflt0.o
      1936        128          0          0          0        672   btod.o
        18          0          0          0          0         80   exit.o
         8          0          0          0          0         68   ferror.o
         6          0          0          0          0        152   heapauxi.o
        44         10        272          0          0         76   lc_ctype_c.o
        44         10         28          0          0         76   lc_numeric_c.o
         2          0          0          0          0          0   libinit.o
        30          0          0          0          0          0   libinit2.o
         2          0          0          0          0          0   libshutdown.o
         2          0          0          0          0          0   libshutdown2.o
         8          4          0          0         96         68   libspace.o
       138          0          0          0          0         80   lludiv10.o
        16          4          0          0          0         76   rt_ctype_table.o
         8          4          0          0          0         68   rt_locale_intlibspace.o
         2          0          0          0          0          0   rtexit.o
        10          0          0          0          0          0   rtexit2.o
       128          0          0          0          0         68   strcmpv7m.o
        62          0          0          0          0         76   strlen.o
        74          0          0          0          0         80   sys_stackheap_outer.o
         2          0          0          0          0         68   use_no_semi.o
         2          0          0          0          0         68   use_no_semi_2.o
        52          4          0          0          0         80   vsnprintf.o
         4          0          0          0          0         68   printf1.o
         4          0          0          0          0         68   printf2.o
         0          0          0          0          0          0   usenofp.o
        40          0          0          0          0         68   fpclassify.o

    ----------------------------------------------------------------------
      6908        270        556          0         96       4476   Library Totals
        18          0          5          0          0          0   (incl. Padding)

    ----------------------------------------------------------------------

      Code (inc. data)   RO Data    RW Data    ZI Data      Debug   Library Name

      6842        270        551          0         96       4272   c_w.l
         8          0          0          0          0        136   fz_ws.l
        40          0          0          0          0         68   m_ws.l

    ----------------------------------------------------------------------
      6908        270        556          0         96       4476   Library Totals

    ----------------------------------------------------------------------

==============================================================================


      Code (inc. data)   RO Data    RW Data    ZI Data      Debug   

     17144        618        824         56       3472     335820   Grand Totals
     17144        618        824         56       3472     335820   ELF Image Totals
     17144        618        824         56          0          0   ROM Totals

==============================================================================

    Total RO  Size (Code + RO Data)                17968 (  17.55kB)
    Total RW  Size (RW Data + ZI Data)              3528 (   3.45kB)
    Total ROM Size (Code + RO Data + RW Data)      18024 (  17.60kB)

==============================================================================

